Archive member included to satisfy reference by file (symbol)

/usr/lib/gcc/arm-none-eabi/6.3.1/thumb/v6-m/libgcc.a(_dvmd_tls.o)
                              CMakeFiles/HP02_VS.dir/home/avinash/rpi_pico/pico/pico-sdk/src/rp2_common/pico_divider/divider.S.obj (__aeabi_idiv0)
/usr/lib/gcc/arm-none-eabi/6.3.1/../../../arm-none-eabi/lib/thumb/v6-m/libg.a(lib_a-atexit.o)
                              /usr/lib/gcc/arm-none-eabi/6.3.1/../../../arm-none-eabi/lib/thumb/v6-m/crt0.o (atexit)
/usr/lib/gcc/arm-none-eabi/6.3.1/../../../arm-none-eabi/lib/thumb/v6-m/libg.a(lib_a-calloc.o)
                              CMakeFiles/HP02_VS.dir/home/avinash/rpi_pico/pico/pico-sdk/src/rp2_common/pico_malloc/pico_malloc.c.obj (calloc)
/usr/lib/gcc/arm-none-eabi/6.3.1/../../../arm-none-eabi/lib/thumb/v6-m/libg.a(lib_a-callocr.o)
                              /usr/lib/gcc/arm-none-eabi/6.3.1/../../../arm-none-eabi/lib/thumb/v6-m/libg.a(lib_a-calloc.o) (_calloc_r)
/usr/lib/gcc/arm-none-eabi/6.3.1/../../../arm-none-eabi/lib/thumb/v6-m/libg.a(lib_a-ctype_.o)
                              CMakeFiles/HP02_VS.dir/home/avinash/rpi_pico/pico/pico-sdk/lib/tinyusb/src/tusb.c.obj (__ctype_ptr__)
/usr/lib/gcc/arm-none-eabi/6.3.1/../../../arm-none-eabi/lib/thumb/v6-m/libg.a(lib_a-fini.o)
                              /usr/lib/gcc/arm-none-eabi/6.3.1/../../../arm-none-eabi/lib/thumb/v6-m/crt0.o (__libc_fini_array)
/usr/lib/gcc/arm-none-eabi/6.3.1/../../../arm-none-eabi/lib/thumb/v6-m/libg.a(lib_a-impure.o)
                              CMakeFiles/HP02_VS.dir/home/avinash/rpi_pico/pico/pico-sdk/src/common/pico_util/pheap.c.obj (_impure_ptr)
/usr/lib/gcc/arm-none-eabi/6.3.1/../../../arm-none-eabi/lib/thumb/v6-m/libg.a(lib_a-init.o)
                              /usr/lib/gcc/arm-none-eabi/6.3.1/../../../arm-none-eabi/lib/thumb/v6-m/crt0.o (__libc_init_array)
/usr/lib/gcc/arm-none-eabi/6.3.1/../../../arm-none-eabi/lib/thumb/v6-m/libg.a(lib_a-malloc.o)
                              CMakeFiles/HP02_VS.dir/home/avinash/rpi_pico/pico/pico-sdk/src/rp2_common/pico_malloc/pico_malloc.c.obj (malloc)
/usr/lib/gcc/arm-none-eabi/6.3.1/../../../arm-none-eabi/lib/thumb/v6-m/libg.a(lib_a-mallocr.o)
                              /usr/lib/gcc/arm-none-eabi/6.3.1/../../../arm-none-eabi/lib/thumb/v6-m/libg.a(lib_a-callocr.o) (_malloc_r)
/usr/lib/gcc/arm-none-eabi/6.3.1/../../../arm-none-eabi/lib/thumb/v6-m/libg.a(lib_a-mlock.o)
                              /usr/lib/gcc/arm-none-eabi/6.3.1/../../../arm-none-eabi/lib/thumb/v6-m/libg.a(lib_a-mallocr.o) (__malloc_lock)
/usr/lib/gcc/arm-none-eabi/6.3.1/../../../arm-none-eabi/lib/thumb/v6-m/libg.a(lib_a-sbrkr.o)
                              /usr/lib/gcc/arm-none-eabi/6.3.1/../../../arm-none-eabi/lib/thumb/v6-m/libg.a(lib_a-mallocr.o) (_sbrk_r)
/usr/lib/gcc/arm-none-eabi/6.3.1/../../../arm-none-eabi/lib/thumb/v6-m/libg.a(lib_a-strlen-stub.o)
                              CMakeFiles/HP02_VS.dir/home/avinash/rpi_pico/pico/pico-sdk/src/rp2_common/pico_stdio/stdio.c.obj (strlen)
/usr/lib/gcc/arm-none-eabi/6.3.1/../../../arm-none-eabi/lib/thumb/v6-m/libg.a(lib_a-wbuf.o)
                              CMakeFiles/HP02_VS.dir/home/avinash/rpi_pico/pico/pico-sdk/src/common/pico_util/pheap.c.obj (__swbuf_r)
/usr/lib/gcc/arm-none-eabi/6.3.1/../../../arm-none-eabi/lib/thumb/v6-m/libg.a(lib_a-wsetup.o)
                              /usr/lib/gcc/arm-none-eabi/6.3.1/../../../arm-none-eabi/lib/thumb/v6-m/libg.a(lib_a-wbuf.o) (__swsetup_r)
/usr/lib/gcc/arm-none-eabi/6.3.1/../../../arm-none-eabi/lib/thumb/v6-m/libg.a(lib_a-__atexit.o)
                              /usr/lib/gcc/arm-none-eabi/6.3.1/../../../arm-none-eabi/lib/thumb/v6-m/libg.a(lib_a-atexit.o) (__register_exitproc)
/usr/lib/gcc/arm-none-eabi/6.3.1/../../../arm-none-eabi/lib/thumb/v6-m/libg.a(lib_a-fflush.o)
                              /usr/lib/gcc/arm-none-eabi/6.3.1/../../../arm-none-eabi/lib/thumb/v6-m/libg.a(lib_a-wbuf.o) (_fflush_r)
/usr/lib/gcc/arm-none-eabi/6.3.1/../../../arm-none-eabi/lib/thumb/v6-m/libg.a(lib_a-findfp.o)
                              /usr/lib/gcc/arm-none-eabi/6.3.1/../../../arm-none-eabi/lib/thumb/v6-m/libg.a(lib_a-wbuf.o) (__sinit)
/usr/lib/gcc/arm-none-eabi/6.3.1/../../../arm-none-eabi/lib/thumb/v6-m/libg.a(lib_a-freer.o)
                              /usr/lib/gcc/arm-none-eabi/6.3.1/../../../arm-none-eabi/lib/thumb/v6-m/libg.a(lib_a-malloc.o) (_free_r)
/usr/lib/gcc/arm-none-eabi/6.3.1/../../../arm-none-eabi/lib/thumb/v6-m/libg.a(lib_a-fwalk.o)
                              /usr/lib/gcc/arm-none-eabi/6.3.1/../../../arm-none-eabi/lib/thumb/v6-m/libg.a(lib_a-findfp.o) (_fwalk)
/usr/lib/gcc/arm-none-eabi/6.3.1/../../../arm-none-eabi/lib/thumb/v6-m/libg.a(lib_a-makebuf.o)
                              /usr/lib/gcc/arm-none-eabi/6.3.1/../../../arm-none-eabi/lib/thumb/v6-m/libg.a(lib_a-wsetup.o) (__smakebuf_r)
/usr/lib/gcc/arm-none-eabi/6.3.1/../../../arm-none-eabi/lib/thumb/v6-m/libg.a(lib_a-reent.o)
[...]
Memory Configuration

Name             Origin             Length             Attributes
FLASH            0x0000000010000000 0x0000000000200000 xr
RAM              0x0000000020000000 0x0000000000040000 xrw
SCRATCH_X        0x0000000020040000 0x0000000000001000 xrw
SCRATCH_Y        0x0000000020041000 0x0000000000001000 xrw
*default*        0x0000000000000000 0xffffffffffffffff

Linker script and memory map

LOAD /usr/lib/gcc/arm-none-eabi/6.3.1/thumb/v6-m/crti.o
LOAD /usr/lib/gcc/arm-none-eabi/6.3.1/thumb/v6-m/crtbegin.o
LOAD /usr/lib/gcc/arm-none-eabi/6.3.1/../../../arm-none-eabi/lib/thumb/v6-m/crt0.o

.flash_begin    0x0000000010000000        0x0
                0x0000000010000000                __flash_binary_start = .

.boot2          0x0000000010000000      0x100
                0x0000000010000000                __boot2_start__ = .
 *(.boot2)
 .boot2         0x0000000010000000      0x100 /tmp/ccwc2TTy.o
                0x0000000010000100                __boot2_end__ = .
                0x0000000000000001                ASSERT (((__boot2_end__ - __boot2_start__) == 0x100), ERROR: Pico second stage bootloader must be 256 bytes in size)

.text           0x0000000010000100     0x72e0
                0x0000000010000100                __logical_binary_start = .
 *(.vectors)
 .vectors       0x0000000010000100       0xd4 CMakeFiles/HP02_VS.dir/home/avinash/rpi_pico/pico/pico-sdk/src/rp2_common/pico_standard_link/crt0.S.obj
                0x0000000010000100                __vectors
                0x0000000010000100                __VECTOR_TABLE
                0x00000000100001c0                isr_invalid
                0x00000000100001c0                __default_isrs_start
                0x00000000100001c2                isr_nmi
                0x00000000100001c4                isr_hardfault
                0x00000000100001c6                isr_svcall
                0x00000000100001c8                isr_pendsv
                0x00000000100001ca                isr_systick
                0x00000000100001cc                isr_irq30
                0x00000000100001cc                __unhandled_user_irq
                0x00000000100001cc                isr_irq13
                0x00000000100001cc                isr_irq27
                0x00000000100001cc                isr_irq31
                0x00000000100001cc                isr_irq5
                0x00000000100001cc                isr_irq11
                0x00000000100001cc                isr_irq23
                0x00000000100001cc                isr_irq18
                0x00000000100001cc                isr_irq28
                0x00000000100001cc                isr_irq19
                0x00000000100001cc                isr_irq0
                0x00000000100001cc                isr_irq6
                0x00000000100001cc                isr_irq22
                0x00000000100001cc                isr_irq17
                0x00000000100001cc                isr_irq14
                0x00000000100001cc                isr_irq2
                0x00000000100001cc                isr_irq10
                0x00000000100001cc                isr_irq8
                0x00000000100001cc                isr_irq24
                0x00000000100001cc                isr_irq1
                0x00000000100001cc                isr_irq7
                0x00000000100001cc                isr_irq21
                0x00000000100001cc                isr_irq20
                0x00000000100001cc                isr_irq15
                0x00000000100001cc                isr_irq25
                0x00000000100001cc                isr_irq4
                0x00000000100001cc                isr_irq16
                0x00000000100001cc                isr_irq29
                0x00000000100001cc                isr_irq26
                0x00000000100001cc                __default_isrs_end
                0x00000000100001cc                isr_irq3
                0x00000000100001cc                isr_irq12
                0x00000000100001cc                isr_irq9
                0x00000000100001d2                unhandled_user_irq_num_in_r0
 *(.binary_info_header)
 .binary_info_header
                0x00000000100001d4       0x14 CMakeFiles/HP02_VS.dir/home/avinash/rpi_pico/pico/pico-sdk/src/rp2_common/pico_standard_link/crt0.S.obj
                0x00000000100001e8                __binary_info_header_end = .
 *(.reset)
 .reset         0x00000000100001e8       0xa8 CMakeFiles/HP02_VS.dir/home/avinash/rpi_pico/pico/pico-sdk/src/rp2_common/pico_standard_link/crt0.S.obj
                0x00000000100001e8                _entry_point
                0x0000000010000266                __get_current_exception
 .reset         0x0000000010000290       0x30 CMakeFiles/HP02_VS.dir/home/avinash/rpi_pico/pico/pico-sdk/src/rp2_common/pico_standard_link/binary_info.c.obj
 *(.init)
 .init          0x00000000100002c0        0x4 /usr/lib/gcc/arm-none-eabi/6.3.1/thumb/v6-m/crti.o
                0x00000000100002c0                _init
 *(EXCLUDE_FILE(*libm.a: *libc.a:*lib_a-mem*.o *libgcc.a:) .text*)
 .text          0x00000000100002c4       0xb4 /usr/lib/gcc/arm-none-eabi/6.3.1/thumb/v6-m/crtbegin.o
 .text._Z11init_sensorv
                0x0000000010000378       0x4c CMakeFiles/HP02_VS.dir/src/VS.cpp.obj
                0x0000000010000378                init_sensor()
 .text._Z11init_driverv
                0x00000000100003c4       0x58 CMakeFiles/HP02_VS.dir/src/VS.cpp.obj
                0x00000000100003c4                init_driver()
 .text._Z5drivei
                0x000000001000041c       0x50 CMakeFiles/HP02_VS.dir/src/VS.cpp.obj
                0x000000001000041c                drive(int)
 .text._Z7controlfii
                0x000000001000046c       0x44 CMakeFiles/HP02_VS.dir/src/VS.cpp.obj
                0x000000001000046c                control(float, int, int)
 .text.main     0x00000000100004b0       0x60 CMakeFiles/HP02_VS.dir/src/VS.cpp.obj
                0x00000000100004b0                main
 .text.gpio_set_function
                0x0000000010000510       0x30 CMakeFiles/HP02_VS.dir/home/avinash/rpi_pico/pico/pico-sdk/src/rp2_common/hardware_gpio/gpio.c.obj
                0x0000000010000510                gpio_set_function
 .text.gpio_set_pulls
                0x0000000010000540       0x34 CMakeFiles/HP02_VS.dir/home/avinash/rpi_pico/pico/pico-sdk/src/rp2_common/hardware_gpio/gpio.c.obj
                0x0000000010000540                gpio_set_pulls
 .text.gpio_set_input_enabled
                0x0000000010000574       0x30 CMakeFiles/HP02_VS.dir/home/avinash/rpi_pico/pico/pico-sdk/src/rp2_common/hardware_gpio/gpio.c.obj
                0x0000000010000574                gpio_set_input_enabled
 .text.gpio_init
                0x00000000100005a4       0x16 CMakeFiles/HP02_VS.dir/home/avinash/rpi_pico/pico/pico-sdk/src/rp2_common/hardware_gpio/gpio.c.obj
                0x00000000100005a4                gpio_init
 *fill*         0x00000000100005ba        0x2 
 .text.hw_claim_lock
                0x00000000100005bc       0x18 CMakeFiles/HP02_VS.dir/home/avinash/rpi_pico/pico/pico-sdk/src/rp2_common/hardware_claim/claim.c.obj
                0x00000000100005bc                hw_claim_lock
 .text.hw_claim_unlock
                0x00000000100005d4       0x14 CMakeFiles/HP02_VS.dir/home/avinash/rpi_pico/pico/pico-sdk/src/rp2_common/hardware_claim/claim.c.obj
                0x00000000100005d4                hw_claim_unlock
 .text.hw_claim_or_assert
                0x00000000100005e8       0x32 CMakeFiles/HP02_VS.dir/home/avinash/rpi_pico/pico/pico-sdk/src/rp2_common/hardware_claim/claim.c.obj
                0x00000000100005e8                hw_claim_or_assert
 .text.hw_claim_unused_from_range
                0x000000001000061a       0x50 CMakeFiles/HP02_VS.dir/home/avinash/rpi_pico/pico/pico-sdk/src/rp2_common/hardware_claim/claim.c.obj
                0x000000001000061a                hw_claim_unused_from_range
 *fill*         0x000000001000066a        0x2 
 .text.running_on_fpga
                0x000000001000066c       0x14 CMakeFiles/HP02_VS.dir/home/avinash/rpi_pico/pico/pico-sdk/src/rp2_common/pico_platform/platform.c.obj
                0x000000001000066c                running_on_fpga
 .text.spin_locks_reset
                0x0000000010000680       0x20 CMakeFiles/HP02_VS.dir/home/avinash/rpi_pico/pico/pico-sdk/src/rp2_common/hardware_sync/sync.c.obj
                0x0000000010000680                spin_locks_reset
 .text.next_striped_spin_lock_num
                0x00000000100006a0       0x1c CMakeFiles/HP02_VS.dir/home/avinash/rpi_pico/pico/pico-sdk/src/rp2_common/hardware_sync/sync.c.obj
                0x00000000100006a0                next_striped_spin_lock_num
 .text.spin_lock_claim_unused
                0x00000000100006bc       0x20 CMakeFiles/HP02_VS.dir/home/avinash/rpi_pico/pico/pico-sdk/src/rp2_common/hardware_sync/sync.c.obj
                0x00000000100006bc                spin_lock_claim_unused
 .text.alarm_pool_post_alloc_init
                0x00000000100006dc       0x40 CMakeFiles/HP02_VS.dir/home/avinash/rpi_pico/pico/pico-sdk/src/common/pico_time/time.c.obj
 .text.sleep_until_callback
                0x000000001000071c       0x30 CMakeFiles/HP02_VS.dir/home/avinash/rpi_pico/pico/pico-sdk/src/common/pico_time/time.c.obj
 .text.timer_pool_entry_comparator
                0x000000001000074c       0x7c CMakeFiles/HP02_VS.dir/home/avinash/rpi_pico/pico/pico-sdk/src/common/pico_time/time.c.obj
                0x000000001000074c                timer_pool_entry_comparator
 .text.ph_add_child_node
                0x00000000100007c8       0xa4 CMakeFiles/HP02_VS.dir/home/avinash/rpi_pico/pico/pico-sdk/src/common/pico_time/time.c.obj
 .text.ph_merge_nodes
                0x000000001000086c       0x3e CMakeFiles/HP02_VS.dir/home/avinash/rpi_pico/pico/pico-sdk/src/common/pico_time/time.c.obj
 *fill*         0x00000000100008aa        0x2 
 .text.add_alarm_under_lock
                0x00000000100008ac      0x17c CMakeFiles/HP02_VS.dir/home/avinash/rpi_pico/pico/pico-sdk/src/common/pico_time/time.c.obj
 .text.alarm_pool_alarm_callback
                0x0000000010000a28      0x330 CMakeFiles/HP02_VS.dir/home/avinash/rpi_pico/pico/pico-sdk/src/common/pico_time/time.c.obj
 .text.alarm_pool_init_default
                0x0000000010000d58       0x38 CMakeFiles/HP02_VS.dir/home/avinash/rpi_pico/pico/pico-sdk/src/common/pico_time/time.c.obj
                0x0000000010000d58                alarm_pool_init_default
 .text.alarm_pool_get_default
                0x0000000010000d90       0x2c CMakeFiles/HP02_VS.dir/home/avinash/rpi_pico/pico/pico-sdk/src/common/pico_time/time.c.obj
                0x0000000010000d90                alarm_pool_get_default
 .text.alarm_pool_add_alarm_at
                0x0000000010000dbc      0x164 CMakeFiles/HP02_VS.dir/home/avinash/rpi_pico/pico/pico-sdk/src/common/pico_time/time.c.obj
                0x0000000010000dbc                alarm_pool_add_alarm_at
 .text.alarm_pool_cancel_alarm
                0x0000000010000f20       0xec CMakeFiles/HP02_VS.dir/home/avinash/rpi_pico/pico/pico-sdk/src/common/pico_time/time.c.obj
                0x0000000010000f20                alarm_pool_cancel_alarm
 .text.sleep_until
                0x000000001000100c       0xfc CMakeFiles/HP02_VS.dir/home/avinash/rpi_pico/pico/pico-sdk/src/common/pico_time/time.c.obj
                0x000000001000100c                sleep_until
 .text.sleep_us
                0x0000000010001108       0x54 CMakeFiles/HP02_VS.dir/home/avinash/rpi_pico/pico/pico-sdk/src/common/pico_time/time.c.obj
                0x0000000010001108                sleep_us
 .text.sleep_ms
                0x000000001000115c       0x14 CMakeFiles/HP02_VS.dir/home/avinash/rpi_pico/pico/pico-sdk/src/common/pico_time/time.c.obj
                0x000000001000115c                sleep_ms
 .text.best_effort_wfe_or_timeout
                0x0000000010001170       0x80 CMakeFiles/HP02_VS.dir/home/avinash/rpi_pico/pico/pico-sdk/src/common/pico_time/time.c.obj
                0x0000000010001170                best_effort_wfe_or_timeout
 .text.hardware_alarm_irq_handler
                0x00000000100011f0       0x8c CMakeFiles/HP02_VS.dir/home/avinash/rpi_pico/pico/pico-sdk/src/rp2_common/hardware_timer/timer.c.obj
 .text.hardware_alarm_claim
                0x000000001000127c       0x18 CMakeFiles/HP02_VS.dir/home/avinash/rpi_pico/pico/pico-sdk/src/rp2_common/hardware_timer/timer.c.obj
                0x000000001000127c                hardware_alarm_claim
 .text.time_us_64
                0x0000000010001294       0x18 CMakeFiles/HP02_VS.dir/home/avinash/rpi_pico/pico/pico-sdk/src/rp2_common/hardware_timer/timer.c.obj
                0x0000000010001294                time_us_64
 .text.busy_wait_until
                0x00000000100012ac       0x28 CMakeFiles/HP02_VS.dir/home/avinash/rpi_pico/pico/pico-sdk/src/rp2_common/hardware_timer/timer.c.obj
                0x00000000100012ac                busy_wait_until
 .text.hardware_alarm_set_callback
                0x00000000100012d4       0x90 CMakeFiles/HP02_VS.dir/home/avinash/rpi_pico/pico/pico-sdk/src/rp2_common/hardware_timer/timer.c.obj
                0x00000000100012d4                hardware_alarm_set_callback
 .text.hardware_alarm_set_target
                0x0000000010001364       0xe8 CMakeFiles/HP02_VS.dir/home/avinash/rpi_pico/pico/pico-sdk/src/rp2_common/hardware_timer/timer.c.obj
                0x0000000010001364                hardware_alarm_set_target
 .text.hardware_alarm_cancel
                0x000000001000144c       0x40 CMakeFiles/HP02_VS.dir/home/avinash/rpi_pico/pico/pico-sdk/src/rp2_common/hardware_timer/timer.c.obj
                0x000000001000144c                hardware_alarm_cancel
 .text.lock_init
                0x000000001000148c       0x10 CMakeFiles/HP02_VS.dir/home/avinash/rpi_pico/pico/pico-sdk/src/common/pico_sync/lock_core.c.obj
                0x000000001000148c                lock_init
 .text.mutex_init
                0x000000001000149c       0x1a CMakeFiles/HP02_VS.dir/home/avinash/rpi_pico/pico/pico-sdk/src/common/pico_sync/mutex.c.obj
                0x000000001000149c                mutex_init
 .text.recursive_mutex_init
                0x00000000100014b6       0x1e CMakeFiles/HP02_VS.dir/home/avinash/rpi_pico/pico/pico-sdk/src/common/pico_sync/mutex.c.obj
                0x00000000100014b6                recursive_mutex_init
 .text.critical_section_init_with_lock_num
                0x00000000100014d4       0x14 CMakeFiles/HP02_VS.dir/home/avinash/rpi_pico/pico/pico-sdk/src/common/pico_sync/critical_section.c.obj
                0x00000000100014d4                critical_section_init_with_lock_num
 .text.critical_section_init
                0x00000000100014e8       0x14 CMakeFiles/HP02_VS.dir/home/avinash/rpi_pico/pico/pico-sdk/src/common/pico_sync/critical_section.c.obj
                0x00000000100014e8                critical_section_init
 .text.ph_add_child_node
                0x00000000100014fc       0xa4 CMakeFiles/HP02_VS.dir/home/avinash/rpi_pico/pico/pico-sdk/src/common/pico_util/pheap.c.obj
 .text.ph_merge_nodes
                0x00000000100015a0       0x3e CMakeFiles/HP02_VS.dir/home/avinash/rpi_pico/pico/pico-sdk/src/common/pico_util/pheap.c.obj
 *fill*         0x00000000100015de        0x2 
 .text.ph_clear
                0x00000000100015e0       0x70 CMakeFiles/HP02_VS.dir/home/avinash/rpi_pico/pico/pico-sdk/src/common/pico_util/pheap.c.obj
                0x00000000100015e0                ph_clear
 .text.ph_post_alloc_init
                0x0000000010001650        0xe CMakeFiles/HP02_VS.dir/home/avinash/rpi_pico/pico/pico-sdk/src/common/pico_util/pheap.c.obj
                0x0000000010001650                ph_post_alloc_init
 *fill*         0x000000001000165e        0x2 
 .text.ph_merge_two_pass
                0x0000000010001660       0x88 CMakeFiles/HP02_VS.dir/home/avinash/rpi_pico/pico/pico-sdk/src/common/pico_util/pheap.c.obj
                0x0000000010001660                ph_merge_two_pass
 .text.ph_remove_any_head
                0x00000000100016e8      0x108 CMakeFiles/HP02_VS.dir/home/avinash/rpi_pico/pico/pico-sdk/src/common/pico_util/pheap.c.obj
 .text.ph_remove_head
                0x00000000100017f0       0x14 CMakeFiles/HP02_VS.dir/home/avinash/rpi_pico/pico/pico-sdk/src/common/pico_util/pheap.c.obj
                0x00000000100017f0                ph_remove_head
 .text.ph_remove_and_free_node
                0x0000000010001804      0x100 CMakeFiles/HP02_VS.dir/home/avinash/rpi_pico/pico/pico-sdk/src/common/pico_util/pheap.c.obj
                0x0000000010001804                ph_remove_and_free_node
 .text._exit    0x0000000010001904        0x4 CMakeFiles/HP02_VS.dir/home/avinash/rpi_pico/pico/pico-sdk/src/rp2_common/pico_runtime/runtime.c.obj
                0x0000000010001904                _exit
 .text.exit     0x0000000010001908        0x6 CMakeFiles/HP02_VS.dir/home/avinash/rpi_pico/pico/pico-sdk/src/rp2_common/pico_runtime/runtime.c.obj
                0x0000000010001908                exit
 *fill*         0x000000001000190e        0x2 
 .text.__assert_func
                0x0000000010001910       0x3c CMakeFiles/HP02_VS.dir/home/avinash/rpi_pico/pico/pico-sdk/src/rp2_common/pico_runtime/runtime.c.obj
                0x0000000010001910                __assert_func
 .text.runtime_init
                0x000000001000194c       0xf8 CMakeFiles/HP02_VS.dir/home/avinash/rpi_pico/pico/pico-sdk/src/rp2_common/pico_runtime/runtime.c.obj
                0x000000001000194c                runtime_init
 .text.panic    0x0000000010001a44       0x30 CMakeFiles/HP02_VS.dir/home/avinash/rpi_pico/pico/pico-sdk/src/rp2_common/pico_runtime/runtime.c.obj
                0x0000000010001a44                panic
 .text.clock_configure
                0x0000000010001a74      0x100 CMakeFiles/HP02_VS.dir/home/avinash/rpi_pico/pico/pico-sdk/src/rp2_common/hardware_clocks/clocks.c.obj
                0x0000000010001a74                clock_configure
 .text.clocks_init
                0x0000000010001b74      0x100 CMakeFiles/HP02_VS.dir/home/avinash/rpi_pico/pico/pico-sdk/src/rp2_common/hardware_clocks/clocks.c.obj
                0x0000000010001b74                clocks_init
 .text.set_raw_irq_handler_and_unlock
                0x0000000010001c74       0x28 CMakeFiles/HP02_VS.dir/home/avinash/rpi_pico/pico/pico-sdk/src/rp2_common/hardware_irq/irq.c.obj
 .text.make_branch
                0x0000000010001c9c       0x48 CMakeFiles/HP02_VS.dir/home/avinash/rpi_pico/pico/pico-sdk/src/rp2_common/hardware_irq/irq.c.obj
 .text.insert_branch_and_link
                0x0000000010001ce4       0x40 CMakeFiles/HP02_VS.dir/home/avinash/rpi_pico/pico/pico-sdk/src/rp2_common/hardware_irq/irq.c.obj
 .text.irq_is_enabled
                0x0000000010001d24       0x18 CMakeFiles/HP02_VS.dir/home/avinash/rpi_pico/pico/pico-sdk/src/rp2_common/hardware_irq/irq.c.obj
                0x0000000010001d24                irq_is_enabled
 .text.irq_set_mask_enabled
                0x0000000010001d3c       0x20 CMakeFiles/HP02_VS.dir/home/avinash/rpi_pico/pico/pico-sdk/src/rp2_common/hardware_irq/irq.c.obj
                0x0000000010001d3c                irq_set_mask_enabled
 .text.irq_set_enabled
                0x0000000010001d5c        0xe CMakeFiles/HP02_VS.dir/home/avinash/rpi_pico/pico/pico-sdk/src/rp2_common/hardware_irq/irq.c.obj
                0x0000000010001d5c                irq_set_enabled
 *fill*         0x0000000010001d6a        0x2 
 .text.irq_set_pending
                0x0000000010001d6c       0x10 CMakeFiles/HP02_VS.dir/home/avinash/rpi_pico/pico/pico-sdk/src/rp2_common/hardware_irq/irq.c.obj
                0x0000000010001d6c                irq_set_pending
 .text.irq_get_vtable_handler
                0x0000000010001d7c       0x10 CMakeFiles/HP02_VS.dir/home/avinash/rpi_pico/pico/pico-sdk/src/rp2_common/hardware_irq/irq.c.obj
                0x0000000010001d7c                irq_get_vtable_handler
 .text.irq_set_exclusive_handler
                0x0000000010001d8c       0x54 CMakeFiles/HP02_VS.dir/home/avinash/rpi_pico/pico/pico-sdk/src/rp2_common/hardware_irq/irq.c.obj
                0x0000000010001d8c                irq_set_exclusive_handler
 .text.irq_remove_handler
                0x0000000010001de0      0x1a4 CMakeFiles/HP02_VS.dir/home/avinash/rpi_pico/pico/pico-sdk/src/rp2_common/hardware_irq/irq.c.obj
                0x0000000010001de0                irq_remove_handler
 .text.irq_add_tail_to_free_list
                0x0000000010001f84       0xfc CMakeFiles/HP02_VS.dir/home/avinash/rpi_pico/pico/pico-sdk/src/rp2_common/hardware_irq/irq.c.obj
                0x0000000010001f84                irq_add_tail_to_free_list
 .text.irq_init_priorities
                0x0000000010002080       0x1c CMakeFiles/HP02_VS.dir/home/avinash/rpi_pico/pico/pico-sdk/src/rp2_common/hardware_irq/irq.c.obj
                0x0000000010002080                irq_init_priorities
 .text.pll_init
                0x000000001000209c      0x118 CMakeFiles/HP02_VS.dir/home/avinash/rpi_pico/pico/pico-sdk/src/rp2_common/hardware_pll/pll.c.obj
                0x000000001000209c                pll_init
 .text.watchdog_start_tick
                0x00000000100021b4       0x10 CMakeFiles/HP02_VS.dir/home/avinash/rpi_pico/pico/pico-sdk/src/rp2_common/hardware_watchdog/watchdog.c.obj
                0x00000000100021b4                watchdog_start_tick
 .text.watchdog_update
                0x00000000100021c4       0x14 CMakeFiles/HP02_VS.dir/home/avinash/rpi_pico/pico/pico-sdk/src/rp2_common/hardware_watchdog/watchdog.c.obj
                0x00000000100021c4                watchdog_update
 .text._watchdog_enable
                0x00000000100021d8       0x70 CMakeFiles/HP02_VS.dir/home/avinash/rpi_pico/pico/pico-sdk/src/rp2_common/hardware_watchdog/watchdog.c.obj
                0x00000000100021d8                _watchdog_enable
 .text.watchdog_reboot
                0x0000000010002248       0x44 CMakeFiles/HP02_VS.dir/home/avinash/rpi_pico/pico/pico-sdk/src/rp2_common/hardware_watchdog/watchdog.c.obj
                0x0000000010002248                watchdog_reboot
 .text.xosc_init
                0x000000001000228c       0x28 CMakeFiles/HP02_VS.dir/home/avinash/rpi_pico/pico/pico-sdk/src/rp2_common/hardware_xosc/xosc.c.obj
                0x000000001000228c                xosc_init
 .text._out_null
                0x00000000100022b4        0x2 CMakeFiles/HP02_VS.dir/home/avinash/rpi_pico/pico/pico-sdk/src/rp2_common/pico_printf/printf.c.obj
 .text._out_fct
                0x00000000100022b6       0x10 CMakeFiles/HP02_VS.dir/home/avinash/rpi_pico/pico/pico-sdk/src/rp2_common/pico_printf/printf.c.obj
 .text._atoi    0x00000000100022c6       0x28 CMakeFiles/HP02_VS.dir/home/avinash/rpi_pico/pico/pico-sdk/src/rp2_common/pico_printf/printf.c.obj
 .text._out_rev
                0x00000000100022ee       0xa2 CMakeFiles/HP02_VS.dir/home/avinash/rpi_pico/pico/pico-sdk/src/rp2_common/pico_printf/printf.c.obj
 .text._ntoa_format
                0x0000000010002390      0x10e CMakeFiles/HP02_VS.dir/home/avinash/rpi_pico/pico/pico-sdk/src/rp2_common/pico_printf/printf.c.obj
 .text._ntoa_long
                0x000000001000249e       0x9e CMakeFiles/HP02_VS.dir/home/avinash/rpi_pico/pico/pico-sdk/src/rp2_common/pico_printf/printf.c.obj
 .text._ntoa_long_long
                0x000000001000253c       0xde CMakeFiles/HP02_VS.dir/home/avinash/rpi_pico/pico/pico-sdk/src/rp2_common/pico_printf/printf.c.obj
 *fill*         0x000000001000261a        0x2 
 .text._etoa    0x000000001000261c      0x410 CMakeFiles/HP02_VS.dir/home/avinash/rpi_pico/pico/pico-sdk/src/rp2_common/pico_printf/printf.c.obj
 .text._ftoa    0x0000000010002a2c      0x33c CMakeFiles/HP02_VS.dir/home/avinash/rpi_pico/pico/pico-sdk/src/rp2_common/pico_printf/printf.c.obj
 .text._vsnprintf
                0x0000000010002d68      0x61c CMakeFiles/HP02_VS.dir/home/avinash/rpi_pico/pico/pico-sdk/src/rp2_common/pico_printf/printf.c.obj
 .text.vfctprintf
                0x0000000010003384       0x20 CMakeFiles/HP02_VS.dir/home/avinash/rpi_pico/pico/pico-sdk/src/rp2_common/pico_printf/printf.c.obj
                0x0000000010003384                vfctprintf
 .text          0x00000000100033a4       0x10 CMakeFiles/HP02_VS.dir/home/avinash/rpi_pico/pico/pico-sdk/src/rp2_common/pico_bit_ops/bit_ops_aeabi.S.obj
 .text.rom_func_lookup
                0x00000000100033b4       0x10 CMakeFiles/HP02_VS.dir/home/avinash/rpi_pico/pico/pico-sdk/src/rp2_common/pico_bootrom/bootrom.c.obj
                0x00000000100033b4                rom_func_lookup
 .text.rom_data_lookup
                0x00000000100033c4       0x10 CMakeFiles/HP02_VS.dir/home/avinash/rpi_pico/pico/pico-sdk/src/rp2_common/pico_bootrom/bootrom.c.obj
                0x00000000100033c4                rom_data_lookup
 .text.rom_funcs_lookup
                0x00000000100033d4       0x36 CMakeFiles/HP02_VS.dir/home/avinash/rpi_pico/pico/pico-sdk/src/rp2_common/pico_bootrom/bootrom.c.obj
                0x00000000100033d4                rom_funcs_lookup
 *fill*         0x000000001000340a        0x2 
 .text.__wrap___aeabi_idiv
                0x000000001000340c       0x50 CMakeFiles/HP02_VS.dir/home/avinash/rpi_pico/pico/pico-sdk/src/rp2_common/pico_divider/divider.S.obj
                0x000000001000340c                __wrap___aeabi_idivmod
                0x000000001000340c                divmod_s32s32
                0x000000001000340c                div_s32s32
                0x000000001000340c                __wrap___aeabi_idiv
                0x0000000010003414                divmod_s32s32_unsafe
                0x0000000010003440                divmod_s32s32_savestate
 .text.__wrap___aeabi_uidiv
                0x000000001000345c       0x4c CMakeFiles/HP02_VS.dir/home/avinash/rpi_pico/pico/pico-sdk/src/rp2_common/pico_divider/divider.S.obj
                0x000000001000345c                __wrap___aeabi_uidiv
                0x000000001000345c                __wrap___aeabi_uidivmod
                0x000000001000345c                div_u32u32
                0x000000001000345c                divmod_u32u32
                0x0000000010003464                divmod_u32u32_unsafe
                0x000000001000348c                divmod_u32u32_savestate
 .text.__wrap___aeabi_ldiv
                0x00000000100034a8      0x434 CMakeFiles/HP02_VS.dir/home/avinash/rpi_pico/pico/pico-sdk/src/rp2_common/pico_divider/divider.S.obj
                0x00000000100034a8                div_s64s64
                0x00000000100034a8                divmod_s64s64
                0x00000000100034a8                __wrap___aeabi_ldivmod
                0x00000000100034e0                div_u64u64
                0x00000000100034e0                divmod_u64u64
                0x00000000100034e0                __wrap___aeabi_uldivmod
                0x00000000100034f0                divmod_u64u64_savestate
                0x0000000010003518                divmod_s64s64_unsafe
                0x00000000100035a0                divmod_u64u64_unsafe
 .text.__wrap___aeabi_darithmetic
                0x00000000100038dc       0x80 CMakeFiles/HP02_VS.dir/home/avinash/rpi_pico/pico/pico-sdk/src/rp2_common/pico_double/double_aeabi.S.obj
                0x00000000100038dc                __wrap___aeabi_drsub
                0x00000000100038e2                __wrap___aeabi_dsub
                0x00000000100038f4                __wrap___aeabi_dadd
                0x0000000010003906                __wrap___aeabi_ddiv
                0x0000000010003942                __wrap___aeabi_dmul
 .text.__wrap___aeabi_cdcmple
                0x000000001000395c       0x6c CMakeFiles/HP02_VS.dir/home/avinash/rpi_pico/pico/pico-sdk/src/rp2_common/pico_double/double_aeabi.S.obj
                0x000000001000395c                __wrap___aeabi_cdrcmple
                0x000000001000396c                __wrap___aeabi_cdcmple
                0x000000001000396c                __wrap___aeabi_cdcmpeq
 .text.__wrap___aeabi_dcmplt
                0x00000000100039c8        0xc CMakeFiles/HP02_VS.dir/home/avinash/rpi_pico/pico/pico-sdk/src/rp2_common/pico_double/double_aeabi.S.obj
                0x00000000100039c8                __wrap___aeabi_dcmplt
 .text.__wrap___aeabi_dcmple
                0x00000000100039d4       0x10 CMakeFiles/HP02_VS.dir/home/avinash/rpi_pico/pico/pico-sdk/src/rp2_common/pico_double/double_aeabi.S.obj
                0x00000000100039d4                __wrap___aeabi_dcmple
 .text.__wrap___aeabi_dcmpge
                0x00000000100039e4       0x10 CMakeFiles/HP02_VS.dir/home/avinash/rpi_pico/pico/pico-sdk/src/rp2_common/pico_double/double_aeabi.S.obj
                0x00000000100039e4                __wrap___aeabi_dcmpge
 .text.__wrap___aeabi_dcmpgt
                0x00000000100039f4        0xa CMakeFiles/HP02_VS.dir/home/avinash/rpi_pico/pico/pico-sdk/src/rp2_common/pico_double/double_aeabi.S.obj
                0x00000000100039f4                __wrap___aeabi_dcmpgt
 .text.__wrap___aeabi_dcmpun
                0x00000000100039fe       0x1c CMakeFiles/HP02_VS.dir/home/avinash/rpi_pico/pico/pico-sdk/src/rp2_common/pico_double/double_aeabi.S.obj
                0x00000000100039fe                __wrap___aeabi_dcmpun
 *fill*         0x0000000010003a1a        0x2 
 .text.__wrap___aeabi_i2d
                0x0000000010003a1c       0x38 CMakeFiles/HP02_VS.dir/home/avinash/rpi_pico/pico/pico-sdk/src/rp2_common/pico_double/double_aeabi.S.obj
                0x0000000010003a1c                __wrap___aeabi_ui2d
                0x0000000010003a24                __wrap___aeabi_i2d
 .text.__wrap___aeabi_d2iz
                0x0000000010003a54       0x48 CMakeFiles/HP02_VS.dir/home/avinash/rpi_pico/pico/pico-sdk/src/rp2_common/pico_double/double_aeabi.S.obj
                0x0000000010003a54                __wrap___aeabi_d2iz
                0x0000000010003a54                double2int_z
 .text.__wrap___aeabi_d2uiz
                0x0000000010003a9c       0x18 CMakeFiles/HP02_VS.dir/home/avinash/rpi_pico/pico/pico-sdk/src/rp2_common/pico_double/double_aeabi.S.obj
                0x0000000010003a9c                double2uint
                0x0000000010003a9c                __wrap___aeabi_d2uiz
 .text.__aeabi_double_init
                0x0000000010003ab4       0xc8 CMakeFiles/HP02_VS.dir/home/avinash/rpi_pico/pico/pico-sdk/src/rp2_common/pico_double/double_init_rom.c.obj
                0x0000000010003ab4                __aeabi_double_init
 .text.double_table_shim_on_use_helper
                0x0000000010003b7c       0x34 CMakeFiles/HP02_VS.dir/home/avinash/rpi_pico/pico/pico-sdk/src/rp2_common/pico_double/double_v1_rom_shim.S.obj
                0x0000000010003b7c                double_table_shim_on_use_helper
 .text.__wrap___aeabi_dsub
                0x0000000010003bb0       0x10 CMakeFiles/HP02_VS.dir/home/avinash/rpi_pico/pico/pico-sdk/src/rp2_common/pico_double/double_v1_rom_shim.S.obj
                0x0000000010003bb0                drsub_shim
                0x0000000010003bb6                dsub_shim
 .text.dadd_shim
                0x0000000010003bc0      0x15c CMakeFiles/HP02_VS.dir/home/avinash/rpi_pico/pico/pico-sdk/src/rp2_common/pico_double/double_v1_rom_shim.S.obj
                0x0000000010003bc0                dadd_shim
 .text.dmul_shim
                0x0000000010003d1c      0x15c CMakeFiles/HP02_VS.dir/home/avinash/rpi_pico/pico/pico-sdk/src/rp2_common/pico_double/double_v1_rom_shim.S.obj
                0x0000000010003d1c                dmul_shim
 .text.ddiv_shim
                0x0000000010003e78      0x1b0 CMakeFiles/HP02_VS.dir/home/avinash/rpi_pico/pico/pico-sdk/src/rp2_common/pico_double/double_v1_rom_shim.S.obj
                0x0000000010003e78                ddiv_shim
 .text.double2uint_shim
                0x0000000010004028        0xe CMakeFiles/HP02_VS.dir/home/avinash/rpi_pico/pico/pico-sdk/src/rp2_common/pico_double/double_v1_rom_shim.S.obj
                0x0000000010004028                double2uint_shim
                0x000000001000402a                double2ufix_shim
 *fill*         0x0000000010004036        0x2 
 .text.double2uint64_shim
                0x0000000010004038       0x70 CMakeFiles/HP02_VS.dir/home/avinash/rpi_pico/pico/pico-sdk/src/rp2_common/pico_double/double_v1_rom_shim.S.obj
                0x0000000010004038                double2uint64_shim
                0x000000001000403a                double2ufix64_shim
                0x000000001000405a                d2fix_a
 .text.dunpacks
                0x00000000100040a8       0x3c CMakeFiles/HP02_VS.dir/home/avinash/rpi_pico/pico/pico-sdk/src/rp2_common/pico_double/double_v1_rom_shim.S.obj
                0x00000000100040a8                dunpacks
 .text.__aeabi_lmul
                0x00000000100040e4       0x32 CMakeFiles/HP02_VS.dir/home/avinash/rpi_pico/pico/pico-sdk/src/rp2_common/pico_int64_ops/pico_int64_ops_aeabi.S.obj
                0x00000000100040e4                __wrap___aeabi_lmul
 *fill*         0x0000000010004116        0x2 
 .text.__wrap___aeabi_farithmetic
                0x0000000010004118       0x58 CMakeFiles/HP02_VS.dir/home/avinash/rpi_pico/pico/pico-sdk/src/rp2_common/pico_float/float_aeabi.S.obj
                0x0000000010004118                __wrap___aeabi_frsub
                0x000000001000411e                __wrap___aeabi_fsub
                0x0000000010004128                __wrap___aeabi_fadd
                0x0000000010004132                __wrap___aeabi_fdiv
                0x000000001000415e                __wrap___aeabi_fmul
 .text.__wrap___aeabi_cfcmple
                0x0000000010004170       0x50 CMakeFiles/HP02_VS.dir/home/avinash/rpi_pico/pico/pico-sdk/src/rp2_common/pico_float/float_aeabi.S.obj
                0x0000000010004170                __wrap___aeabi_cfrcmple
                0x000000001000417c                __wrap___aeabi_cfcmpeq
                0x000000001000417c                __wrap___aeabi_cfcmple
 .text.__wrap___aeabi_fcmplt
                0x00000000100041c0        0xc CMakeFiles/HP02_VS.dir/home/avinash/rpi_pico/pico/pico-sdk/src/rp2_common/pico_float/float_aeabi.S.obj
                0x00000000100041c0                __wrap___aeabi_fcmplt
 .text.__wrap___aeabi_fcmpgt
                0x00000000100041cc        0xa CMakeFiles/HP02_VS.dir/home/avinash/rpi_pico/pico/pico-sdk/src/rp2_common/pico_float/float_aeabi.S.obj
                0x00000000100041cc                __wrap___aeabi_fcmpgt
 *fill*         0x00000000100041d6        0x2 
 .text.__wrap___aeabi_i2f
                0x00000000100041d8       0x44 CMakeFiles/HP02_VS.dir/home/avinash/rpi_pico/pico/pico-sdk/src/rp2_common/pico_float/float_aeabi.S.obj
                0x00000000100041d8                __wrap___aeabi_i2f
 .text.__wrap___aeabi_f2iz
                0x000000001000421c       0x4e CMakeFiles/HP02_VS.dir/home/avinash/rpi_pico/pico/pico-sdk/src/rp2_common/pico_float/float_aeabi.S.obj
                0x000000001000421c                __wrap___aeabi_f2iz
                0x000000001000421c                float2int_z
 *fill*         0x000000001000426a        0x2 
 .text.float2int
                0x000000001000426c       0x14 CMakeFiles/HP02_VS.dir/home/avinash/rpi_pico/pico/pico-sdk/src/rp2_common/pico_float/float_aeabi.S.obj
                0x000000001000426c                float2int
 .text.__wrap___aeabi_f2uiz
                0x0000000010004280       0x10 CMakeFiles/HP02_VS.dir/home/avinash/rpi_pico/pico/pico-sdk/src/rp2_common/pico_float/float_aeabi.S.obj
                0x0000000010004280                __wrap___aeabi_f2uiz
 .text.__wrap___aeabi_f2d
                0x0000000010004290       0x14 CMakeFiles/HP02_VS.dir/home/avinash/rpi_pico/pico/pico-sdk/src/rp2_common/pico_float/float_aeabi.S.obj
                0x0000000010004290                __wrap___aeabi_f2d
 .text.__aeabi_float_init
                0x00000000100042a4       0xfc CMakeFiles/HP02_VS.dir/home/avinash/rpi_pico/pico/pico-sdk/src/rp2_common/pico_float/float_init_rom.c.obj
                0x00000000100042a4                __aeabi_float_init
 .text.__wrap_roundf
                0x00000000100043a0       0x3c CMakeFiles/HP02_VS.dir/home/avinash/rpi_pico/pico/pico-sdk/src/rp2_common/pico_float/float_math.c.obj
                0x00000000100043a0                __wrap_roundf
 .text.float_table_shim_on_use_helper
                0x00000000100043dc       0x34 CMakeFiles/HP02_VS.dir/home/avinash/rpi_pico/pico/pico-sdk/src/rp2_common/pico_float/float_v1_rom_shim.S.obj
                0x00000000100043dc                float_table_shim_on_use_helper
 .text.float232_shims
                0x0000000010004410       0x18 CMakeFiles/HP02_VS.dir/home/avinash/rpi_pico/pico/pico-sdk/src/rp2_common/pico_float/float_v1_rom_shim.S.obj
                0x0000000010004410                float2int_shim
                0x0000000010004412                float2fix_shim
 .text.float2double_shim
                0x0000000010004428       0x30 CMakeFiles/HP02_VS.dir/home/avinash/rpi_pico/pico/pico-sdk/src/rp2_common/pico_float/float_v1_rom_shim.S.obj
                0x0000000010004428                float2double_shim
 .text          0x0000000010004458       0x10 CMakeFiles/HP02_VS.dir/home/avinash/rpi_pico/pico/pico-sdk/src/rp2_common/pico_mem_ops/mem_ops_aeabi.S.obj
                0x0000000010004458                __aeabi_mem_init
 .text.memset   0x0000000010004468        0xc CMakeFiles/HP02_VS.dir/home/avinash/rpi_pico/pico/pico-sdk/src/rp2_common/pico_mem_ops/mem_ops_aeabi.S.obj
                0x0000000010004468                __wrap_memset
 .text.memcpy   0x0000000010004474        0xc CMakeFiles/HP02_VS.dir/home/avinash/rpi_pico/pico/pico-sdk/src/rp2_common/pico_mem_ops/mem_ops_aeabi.S.obj
                0x0000000010004474                __wrap___aeabi_memcpy
                0x0000000010004474                __wrap_memcpy
 .text.stdio_out_chars_no_crlf
                0x0000000010004480        0xe CMakeFiles/HP02_VS.dir/home/avinash/rpi_pico/pico/pico-sdk/src/rp2_common/pico_stdio/stdio.c.obj
 *fill*         0x000000001000448e        0x2 
 .text.stdio_out_chars_crlf
                0x0000000010004490       0x84 CMakeFiles/HP02_VS.dir/home/avinash/rpi_pico/pico/pico-sdk/src/rp2_common/pico_stdio/stdio.c.obj
 .text.stdio_stack_buffer_flush
                0x0000000010004514       0x44 CMakeFiles/HP02_VS.dir/home/avinash/rpi_pico/pico/pico-sdk/src/rp2_common/pico_stdio/stdio.c.obj
 .text.stdio_buffered_printer
                0x0000000010004558       0x20 CMakeFiles/HP02_VS.dir/home/avinash/rpi_pico/pico/pico-sdk/src/rp2_common/pico_stdio/stdio.c.obj
 .text.stdout_serialize_begin
                0x0000000010004578       0x30 CMakeFiles/HP02_VS.dir/home/avinash/rpi_pico/pico/pico-sdk/src/rp2_common/pico_stdio/stdio.c.obj
                0x0000000010004578                stdout_serialize_begin
 .text.stdout_serialize_end
                0x00000000100045a8       0x10 CMakeFiles/HP02_VS.dir/home/avinash/rpi_pico/pico/pico-sdk/src/rp2_common/pico_stdio/stdio.c.obj
                0x00000000100045a8                stdout_serialize_end
 .text.stdio_put_string
                0x00000000100045b8       0x94 CMakeFiles/HP02_VS.dir/home/avinash/rpi_pico/pico/pico-sdk/src/rp2_common/pico_stdio/stdio.c.obj
 .text.stdio_set_driver_enabled
                0x000000001000464c       0x2c CMakeFiles/HP02_VS.dir/home/avinash/rpi_pico/pico/pico-sdk/src/rp2_common/pico_stdio/stdio.c.obj
                0x000000001000464c                stdio_set_driver_enabled
 .text.stdio_flush
                0x0000000010004678       0x20 CMakeFiles/HP02_VS.dir/home/avinash/rpi_pico/pico/pico-sdk/src/rp2_common/pico_stdio/stdio.c.obj
                0x0000000010004678                stdio_flush
 .text.__wrap_puts
                0x0000000010004698       0x1e CMakeFiles/HP02_VS.dir/home/avinash/rpi_pico/pico/pico-sdk/src/rp2_common/pico_stdio/stdio.c.obj
                0x0000000010004698                __wrap_puts
 *fill*         0x00000000100046b6        0x2 
 .text.__wrap_vprintf
                0x00000000100046b8       0x44 CMakeFiles/HP02_VS.dir/home/avinash/rpi_pico/pico/pico-sdk/src/rp2_common/pico_stdio/stdio.c.obj
                0x00000000100046b8                __wrap_vprintf
 .text.__wrap_printf
                0x00000000100046fc       0x18 CMakeFiles/HP02_VS.dir/home/avinash/rpi_pico/pico/pico-sdk/src/rp2_common/pico_stdio/stdio.c.obj
                0x00000000100046fc                __wrap_printf
 .text.stdio_init_all
                0x0000000010004714        0x8 CMakeFiles/HP02_VS.dir/home/avinash/rpi_pico/pico/pico-sdk/src/rp2_common/pico_stdio/stdio.c.obj
                0x0000000010004714                stdio_init_all
 .text.resetd_init
                0x000000001000471c        0x2 CMakeFiles/HP02_VS.dir/home/avinash/rpi_pico/pico/pico-sdk/src/rp2_common/pico_stdio_usb/reset_interface.c.obj
 *fill*         0x000000001000471e        0x2 
 .text.resetd_reset
                0x0000000010004720        0xc CMakeFiles/HP02_VS.dir/home/avinash/rpi_pico/pico/pico-sdk/src/rp2_common/pico_stdio_usb/reset_interface.c.obj
 .text.resetd_open
                0x000000001000472c       0x34 CMakeFiles/HP02_VS.dir/home/avinash/rpi_pico/pico/pico-sdk/src/rp2_common/pico_stdio_usb/reset_interface.c.obj
 .text.resetd_xfer_cb
                0x0000000010004760        0x4 CMakeFiles/HP02_VS.dir/home/avinash/rpi_pico/pico/pico-sdk/src/rp2_common/pico_stdio_usb/reset_interface.c.obj
 .text.resetd_control_xfer_cb
                0x0000000010004764       0x6c CMakeFiles/HP02_VS.dir/home/avinash/rpi_pico/pico/pico-sdk/src/rp2_common/pico_stdio_usb/reset_interface.c.obj
 .text.usbd_app_driver_get_cb
                0x00000000100047d0        0xc CMakeFiles/HP02_VS.dir/home/avinash/rpi_pico/pico/pico-sdk/src/rp2_common/pico_stdio_usb/reset_interface.c.obj
                0x00000000100047d0                usbd_app_driver_get_cb
 .text.tud_cdc_line_coding_cb
                0x00000000100047dc       0x34 CMakeFiles/HP02_VS.dir/home/avinash/rpi_pico/pico/pico-sdk/src/rp2_common/pico_stdio_usb/reset_interface.c.obj
                0x00000000100047dc                tud_cdc_line_coding_cb
 .text.stdio_usb_in_chars
                0x0000000010004810       0x70 CMakeFiles/HP02_VS.dir/home/avinash/rpi_pico/pico/pico-sdk/src/rp2_common/pico_stdio_usb/stdio_usb.c.obj
                0x0000000010004810                stdio_usb_in_chars
 .text.low_priority_worker_irq
                0x0000000010004880       0x20 CMakeFiles/HP02_VS.dir/home/avinash/rpi_pico/pico/pico-sdk/src/rp2_common/pico_stdio_usb/stdio_usb.c.obj
 .text.stdio_usb_out_chars
                0x00000000100048a0       0xd4 CMakeFiles/HP02_VS.dir/home/avinash/rpi_pico/pico/pico-sdk/src/rp2_common/pico_stdio_usb/stdio_usb.c.obj
 .text.timer_task
                0x0000000010004974       0x10 CMakeFiles/HP02_VS.dir/home/avinash/rpi_pico/pico/pico-sdk/src/rp2_common/pico_stdio_usb/stdio_usb.c.obj
 .text.stdio_usb_init
                0x0000000010004984       0xb4 CMakeFiles/HP02_VS.dir/home/avinash/rpi_pico/pico/pico-sdk/src/rp2_common/pico_stdio_usb/stdio_usb.c.obj
                0x0000000010004984                stdio_usb_init
 .text.tud_descriptor_device_cb
                0x0000000010004a38        0x8 CMakeFiles/HP02_VS.dir/home/avinash/rpi_pico/pico/pico-sdk/src/rp2_common/pico_stdio_usb/stdio_usb_descriptors.c.obj
                0x0000000010004a38                tud_descriptor_device_cb
 .text.tud_descriptor_configuration_cb
                0x0000000010004a40        0x8 CMakeFiles/HP02_VS.dir/home/avinash/rpi_pico/pico/pico-sdk/src/rp2_common/pico_stdio_usb/stdio_usb_descriptors.c.obj
                0x0000000010004a40                tud_descriptor_configuration_cb
 .text.tud_descriptor_string_cb
                0x0000000010004a48       0x68 CMakeFiles/HP02_VS.dir/home/avinash/rpi_pico/pico/pico-sdk/src/rp2_common/pico_stdio_usb/stdio_usb_descriptors.c.obj
                0x0000000010004a48                tud_descriptor_string_cb
 .text.hw_endpoint_get_by_addr
                0x0000000010004ab0       0x18 CMakeFiles/HP02_VS.dir/home/avinash/rpi_pico/pico/pico-sdk/lib/tinyusb/src/portable/raspberrypi/rp2040/dcd_rp2040.c.obj
 .text.reset_ep0_pid
                0x0000000010004ac8       0x28 CMakeFiles/HP02_VS.dir/home/avinash/rpi_pico/pico/pico-sdk/lib/tinyusb/src/portable/raspberrypi/rp2040/dcd_rp2040.c.obj
 .text._hw_endpoint_alloc
                0x0000000010004af0       0x70 CMakeFiles/HP02_VS.dir/home/avinash/rpi_pico/pico/pico-sdk/lib/tinyusb/src/portable/raspberrypi/rp2040/dcd_rp2040.c.obj
 .text.hw_endpoint_init
                0x0000000010004b60       0x88 CMakeFiles/HP02_VS.dir/home/avinash/rpi_pico/pico/pico-sdk/lib/tinyusb/src/portable/raspberrypi/rp2040/dcd_rp2040.c.obj
 .text.reset_non_control_endpoints
                0x0000000010004be8       0x44 CMakeFiles/HP02_VS.dir/home/avinash/rpi_pico/pico/pico-sdk/lib/tinyusb/src/portable/raspberrypi/rp2040/dcd_rp2040.c.obj
 .text.hw_handle_buff_status
                0x0000000010004c2c       0x8c CMakeFiles/HP02_VS.dir/home/avinash/rpi_pico/pico/pico-sdk/lib/tinyusb/src/portable/raspberrypi/rp2040/dcd_rp2040.c.obj
 .text.dcd_rp2040_irq
                0x0000000010004cb8       0xbc CMakeFiles/HP02_VS.dir/home/avinash/rpi_pico/pico/pico-sdk/lib/tinyusb/src/portable/raspberrypi/rp2040/dcd_rp2040.c.obj
 .text.hw_endpoint_xfer
                0x0000000010004d74       0x14 CMakeFiles/HP02_VS.dir/home/avinash/rpi_pico/pico/pico-sdk/lib/tinyusb/src/portable/raspberrypi/rp2040/dcd_rp2040.c.obj
 .text.dcd_int_enable
                0x0000000010004d88       0x2c CMakeFiles/HP02_VS.dir/home/avinash/rpi_pico/pico/pico-sdk/lib/tinyusb/src/portable/raspberrypi/rp2040/dcd_rp2040.c.obj
                0x0000000010004d88                dcd_int_enable
 .text.dcd_set_address
                0x0000000010004db4       0x2c CMakeFiles/HP02_VS.dir/home/avinash/rpi_pico/pico/pico-sdk/lib/tinyusb/src/portable/raspberrypi/rp2040/dcd_rp2040.c.obj
                0x0000000010004db4                dcd_set_address
 .text.dcd_connect
                0x0000000010004de0       0x10 CMakeFiles/HP02_VS.dir/home/avinash/rpi_pico/pico/pico-sdk/lib/tinyusb/src/portable/raspberrypi/rp2040/dcd_rp2040.c.obj
                0x0000000010004de0                dcd_connect
 .text.dcd_init
                0x0000000010004df0       0x7c CMakeFiles/HP02_VS.dir/home/avinash/rpi_pico/pico/pico-sdk/lib/tinyusb/src/portable/raspberrypi/rp2040/dcd_rp2040.c.obj
                0x0000000010004df0                dcd_init
 .text.dcd_edpt0_status_complete
                0x0000000010004e6c       0x1c CMakeFiles/HP02_VS.dir/home/avinash/rpi_pico/pico/pico-sdk/lib/tinyusb/src/portable/raspberrypi/rp2040/dcd_rp2040.c.obj
                0x0000000010004e6c                dcd_edpt0_status_complete
 .text.dcd_edpt_open
                0x0000000010004e88       0x40 CMakeFiles/HP02_VS.dir/home/avinash/rpi_pico/pico/pico-sdk/lib/tinyusb/src/portable/raspberrypi/rp2040/dcd_rp2040.c.obj
                0x0000000010004e88                dcd_edpt_open
 .text.dcd_edpt_close_all
                0x0000000010004ec8        0x8 CMakeFiles/HP02_VS.dir/home/avinash/rpi_pico/pico/pico-sdk/lib/tinyusb/src/portable/raspberrypi/rp2040/dcd_rp2040.c.obj
                0x0000000010004ec8                dcd_edpt_close_all
 .text.dcd_edpt_xfer
                0x0000000010004ed0       0x30 CMakeFiles/HP02_VS.dir/home/avinash/rpi_pico/pico/pico-sdk/lib/tinyusb/src/portable/raspberrypi/rp2040/dcd_rp2040.c.obj
                0x0000000010004ed0                dcd_edpt_xfer
 .text.dcd_edpt_stall
                0x0000000010004f00       0x2c CMakeFiles/HP02_VS.dir/home/avinash/rpi_pico/pico/pico-sdk/lib/tinyusb/src/portable/raspberrypi/rp2040/dcd_rp2040.c.obj
                0x0000000010004f00                dcd_edpt_stall
 .text.dcd_edpt_clear_stall
                0x0000000010004f2c       0x20 CMakeFiles/HP02_VS.dir/home/avinash/rpi_pico/pico/pico-sdk/lib/tinyusb/src/portable/raspberrypi/rp2040/dcd_rp2040.c.obj
                0x0000000010004f2c                dcd_edpt_clear_stall
 .text.prepare_ep_buffer
                0x0000000010004f4c       0x70 CMakeFiles/HP02_VS.dir/home/avinash/rpi_pico/pico/pico-sdk/lib/tinyusb/src/portable/raspberrypi/rp2040/rp2040_usb.c.obj
 .text.sync_ep_buffer
                0x0000000010004fbc       0x7c CMakeFiles/HP02_VS.dir/home/avinash/rpi_pico/pico/pico-sdk/lib/tinyusb/src/portable/raspberrypi/rp2040/rp2040_usb.c.obj
 .text._hw_endpoint_xfer_sync
                0x0000000010005038       0x28 CMakeFiles/HP02_VS.dir/home/avinash/rpi_pico/pico/pico-sdk/lib/tinyusb/src/portable/raspberrypi/rp2040/rp2040_usb.c.obj
 .text.rp2040_usb_init
                0x0000000010005060       0x4c CMakeFiles/HP02_VS.dir/home/avinash/rpi_pico/pico/pico-sdk/lib/tinyusb/src/portable/raspberrypi/rp2040/rp2040_usb.c.obj
                0x0000000010005060                rp2040_usb_init
 .text.hw_endpoint_reset_transfer
                0x00000000100050ac        0xc CMakeFiles/HP02_VS.dir/home/avinash/rpi_pico/pico/pico-sdk/lib/tinyusb/src/portable/raspberrypi/rp2040/rp2040_usb.c.obj
                0x00000000100050ac                hw_endpoint_reset_transfer
 .text._hw_endpoint_buffer_control_update32
                0x00000000100050b8       0x58 CMakeFiles/HP02_VS.dir/home/avinash/rpi_pico/pico/pico-sdk/lib/tinyusb/src/portable/raspberrypi/rp2040/rp2040_usb.c.obj
                0x00000000100050b8                _hw_endpoint_buffer_control_update32
 .text._hw_endpoint_start_next_buffer
                0x0000000010005110       0x74 CMakeFiles/HP02_VS.dir/home/avinash/rpi_pico/pico/pico-sdk/lib/tinyusb/src/portable/raspberrypi/rp2040/rp2040_usb.c.obj
 .text.hw_endpoint_xfer_start
                0x0000000010005184       0x48 CMakeFiles/HP02_VS.dir/home/avinash/rpi_pico/pico/pico-sdk/lib/tinyusb/src/portable/raspberrypi/rp2040/rp2040_usb.c.obj
                0x0000000010005184                hw_endpoint_xfer_start
 .text.hw_endpoint_xfer_continue
                0x00000000100051cc       0x38 CMakeFiles/HP02_VS.dir/home/avinash/rpi_pico/pico/pico-sdk/lib/tinyusb/src/portable/raspberrypi/rp2040/rp2040_usb.c.obj
                0x00000000100051cc                hw_endpoint_xfer_continue
 .text.configuration_reset
                0x0000000010005204       0x88 CMakeFiles/HP02_VS.dir/home/avinash/rpi_pico/pico/pico-sdk/lib/tinyusb/src/device/usbd.c.obj
 .text.usbd_reset
                0x000000001000528c        0xc CMakeFiles/HP02_VS.dir/home/avinash/rpi_pico/pico/pico-sdk/lib/tinyusb/src/device/usbd.c.obj
 .text.invoke_class_control
                0x0000000010005298       0x1a CMakeFiles/HP02_VS.dir/home/avinash/rpi_pico/pico/pico-sdk/lib/tinyusb/src/device/usbd.c.obj
 *fill*         0x00000000100052b2        0x2 
 .text.process_set_config
                0x00000000100052b4      0x1ac CMakeFiles/HP02_VS.dir/home/avinash/rpi_pico/pico/pico-sdk/lib/tinyusb/src/device/usbd.c.obj
 .text.process_get_descriptor
                0x0000000010005460       0xf8 CMakeFiles/HP02_VS.dir/home/avinash/rpi_pico/pico/pico-sdk/lib/tinyusb/src/device/usbd.c.obj
 .text.tud_mounted
                0x0000000010005558       0x10 CMakeFiles/HP02_VS.dir/home/avinash/rpi_pico/pico/pico-sdk/lib/tinyusb/src/device/usbd.c.obj
                0x0000000010005558                tud_mounted
 .text.tud_suspended
                0x0000000010005568       0x10 CMakeFiles/HP02_VS.dir/home/avinash/rpi_pico/pico/pico-sdk/lib/tinyusb/src/device/usbd.c.obj
                0x0000000010005568                tud_suspended
 .text.tud_inited
                0x0000000010005578        0xc CMakeFiles/HP02_VS.dir/home/avinash/rpi_pico/pico/pico-sdk/lib/tinyusb/src/device/usbd.c.obj
                0x0000000010005578                tud_inited
 .text.tud_init
                0x0000000010005584       0xd0 CMakeFiles/HP02_VS.dir/home/avinash/rpi_pico/pico/pico-sdk/lib/tinyusb/src/device/usbd.c.obj
                0x0000000010005584                tud_init
 .text.dcd_event_handler
                0x0000000010005654      0x1e0 CMakeFiles/HP02_VS.dir/home/avinash/rpi_pico/pico/pico-sdk/lib/tinyusb/src/device/usbd.c.obj
                0x0000000010005654                dcd_event_handler
 .text.dcd_event_bus_signal
                0x0000000010005834       0x26 CMakeFiles/HP02_VS.dir/home/avinash/rpi_pico/pico/pico-sdk/lib/tinyusb/src/device/usbd.c.obj
                0x0000000010005834                dcd_event_bus_signal
 .text.dcd_event_bus_reset
                0x000000001000585a       0x2a CMakeFiles/HP02_VS.dir/home/avinash/rpi_pico/pico/pico-sdk/lib/tinyusb/src/device/usbd.c.obj
                0x000000001000585a                dcd_event_bus_reset
 .text.dcd_event_setup_received
                0x0000000010005884       0x32 CMakeFiles/HP02_VS.dir/home/avinash/rpi_pico/pico/pico-sdk/lib/tinyusb/src/device/usbd.c.obj
                0x0000000010005884                dcd_event_setup_received
 .text.dcd_event_xfer_complete
                0x00000000100058b6       0x44 CMakeFiles/HP02_VS.dir/home/avinash/rpi_pico/pico/pico-sdk/lib/tinyusb/src/device/usbd.c.obj
                0x00000000100058b6                dcd_event_xfer_complete
 *fill*         0x00000000100058fa        0x2 
 .text.usbd_edpt_open
                0x00000000100058fc       0x5c CMakeFiles/HP02_VS.dir/home/avinash/rpi_pico/pico/pico-sdk/lib/tinyusb/src/device/usbd.c.obj
                0x00000000100058fc                usbd_edpt_open
 .text.usbd_open_edpt_pair
                0x0000000010005958       0x8c CMakeFiles/HP02_VS.dir/home/avinash/rpi_pico/pico/pico-sdk/lib/tinyusb/src/device/usbd.c.obj
                0x0000000010005958                usbd_open_edpt_pair
 .text.usbd_edpt_claim
                0x00000000100059e4       0x8c CMakeFiles/HP02_VS.dir/home/avinash/rpi_pico/pico/pico-sdk/lib/tinyusb/src/device/usbd.c.obj
                0x00000000100059e4                usbd_edpt_claim
 .text.usbd_edpt_release
                0x0000000010005a70       0x68 CMakeFiles/HP02_VS.dir/home/avinash/rpi_pico/pico/pico-sdk/lib/tinyusb/src/device/usbd.c.obj
                0x0000000010005a70                usbd_edpt_release
 .text.usbd_edpt_xfer
                0x0000000010005ad8       0x80 CMakeFiles/HP02_VS.dir/home/avinash/rpi_pico/pico/pico-sdk/lib/tinyusb/src/device/usbd.c.obj
                0x0000000010005ad8                usbd_edpt_xfer
 .text.usbd_edpt_stall
                0x0000000010005b58       0x40 CMakeFiles/HP02_VS.dir/home/avinash/rpi_pico/pico/pico-sdk/lib/tinyusb/src/device/usbd.c.obj
                0x0000000010005b58                usbd_edpt_stall
 .text.usbd_edpt_clear_stall
                0x0000000010005b98       0x40 CMakeFiles/HP02_VS.dir/home/avinash/rpi_pico/pico/pico-sdk/lib/tinyusb/src/device/usbd.c.obj
                0x0000000010005b98                usbd_edpt_clear_stall
 .text.usbd_edpt_stalled
                0x0000000010005bd8       0x1c CMakeFiles/HP02_VS.dir/home/avinash/rpi_pico/pico/pico-sdk/lib/tinyusb/src/device/usbd.c.obj
                0x0000000010005bd8                usbd_edpt_stalled
 .text.process_control_request
                0x0000000010005bf4      0x3cc CMakeFiles/HP02_VS.dir/home/avinash/rpi_pico/pico/pico-sdk/lib/tinyusb/src/device/usbd.c.obj
 .text.tud_task
                0x0000000010005fc0      0x220 CMakeFiles/HP02_VS.dir/home/avinash/rpi_pico/pico/pico-sdk/lib/tinyusb/src/device/usbd.c.obj
                0x0000000010005fc0                tud_task
 .text._data_stage_xact
                0x00000000100061e0       0x58 CMakeFiles/HP02_VS.dir/home/avinash/rpi_pico/pico/pico-sdk/lib/tinyusb/src/device/usbd_control.c.obj
 .text.tud_control_status
                0x0000000010006238       0x38 CMakeFiles/HP02_VS.dir/home/avinash/rpi_pico/pico/pico-sdk/lib/tinyusb/src/device/usbd_control.c.obj
                0x0000000010006238                tud_control_status
 .text.tud_control_xfer
                0x0000000010006270       0xa4 CMakeFiles/HP02_VS.dir/home/avinash/rpi_pico/pico/pico-sdk/lib/tinyusb/src/device/usbd_control.c.obj
                0x0000000010006270                tud_control_xfer
 .text.usbd_control_reset
                0x0000000010006314       0x14 CMakeFiles/HP02_VS.dir/home/avinash/rpi_pico/pico/pico-sdk/lib/tinyusb/src/device/usbd_control.c.obj
                0x0000000010006314                usbd_control_reset
 .text.usbd_control_set_complete_callback
                0x0000000010006328        0xc CMakeFiles/HP02_VS.dir/home/avinash/rpi_pico/pico/pico-sdk/lib/tinyusb/src/device/usbd_control.c.obj
                0x0000000010006328                usbd_control_set_complete_callback
 .text.usbd_control_set_request
                0x0000000010006334       0x1c CMakeFiles/HP02_VS.dir/home/avinash/rpi_pico/pico/pico-sdk/lib/tinyusb/src/device/usbd_control.c.obj
                0x0000000010006334                usbd_control_set_request
 .text.usbd_control_xfer_cb
                0x0000000010006350      0x104 CMakeFiles/HP02_VS.dir/home/avinash/rpi_pico/pico/pico-sdk/lib/tinyusb/src/device/usbd_control.c.obj
                0x0000000010006350                usbd_control_xfer_cb
 .text._prep_out_transaction
                0x0000000010006454       0x46 CMakeFiles/HP02_VS.dir/home/avinash/rpi_pico/pico/pico-sdk/lib/tinyusb/src/class/cdc/cdc_device.c.obj
 *fill*         0x000000001000649a        0x2 
 .text.tud_cdc_n_connected
                0x000000001000649c       0x44 CMakeFiles/HP02_VS.dir/home/avinash/rpi_pico/pico/pico-sdk/lib/tinyusb/src/class/cdc/cdc_device.c.obj
                0x000000001000649c                tud_cdc_n_connected
 .text.tud_cdc_n_available
                0x00000000100064e0       0x1c CMakeFiles/HP02_VS.dir/home/avinash/rpi_pico/pico/pico-sdk/lib/tinyusb/src/class/cdc/cdc_device.c.obj
                0x00000000100064e0                tud_cdc_n_available
 .text.tud_cdc_n_read
                0x00000000100064fc       0x28 CMakeFiles/HP02_VS.dir/home/avinash/rpi_pico/pico/pico-sdk/lib/tinyusb/src/class/cdc/cdc_device.c.obj
                0x00000000100064fc                tud_cdc_n_read
 .text.tud_cdc_n_write_flush
                0x0000000010006524       0xcc CMakeFiles/HP02_VS.dir/home/avinash/rpi_pico/pico/pico-sdk/lib/tinyusb/src/class/cdc/cdc_device.c.obj
                0x0000000010006524                tud_cdc_n_write_flush
 .text.tud_cdc_n_write
                0x00000000100065f0       0x38 CMakeFiles/HP02_VS.dir/home/avinash/rpi_pico/pico/pico-sdk/lib/tinyusb/src/class/cdc/cdc_device.c.obj
                0x00000000100065f0                tud_cdc_n_write
 .text.tud_cdc_n_write_available
                0x0000000010006628       0x1c CMakeFiles/HP02_VS.dir/home/avinash/rpi_pico/pico/pico-sdk/lib/tinyusb/src/class/cdc/cdc_device.c.obj
                0x0000000010006628                tud_cdc_n_write_available
 .text.cdcd_init
                0x0000000010006644       0xc0 CMakeFiles/HP02_VS.dir/home/avinash/rpi_pico/pico/pico-sdk/lib/tinyusb/src/class/cdc/cdc_device.c.obj
                0x0000000010006644                cdcd_init
 .text.cdcd_reset
                0x0000000010006704       0x44 CMakeFiles/HP02_VS.dir/home/avinash/rpi_pico/pico/pico-sdk/lib/tinyusb/src/class/cdc/cdc_device.c.obj
                0x0000000010006704                cdcd_reset
 .text.cdcd_open
                0x0000000010006748      0x100 CMakeFiles/HP02_VS.dir/home/avinash/rpi_pico/pico/pico-sdk/lib/tinyusb/src/class/cdc/cdc_device.c.obj
                0x0000000010006748                cdcd_open
 .text.cdcd_control_xfer_cb
                0x0000000010006848      0x12c CMakeFiles/HP02_VS.dir/home/avinash/rpi_pico/pico/pico-sdk/lib/tinyusb/src/class/cdc/cdc_device.c.obj
                0x0000000010006848                cdcd_control_xfer_cb
 .text.cdcd_xfer_cb
                0x0000000010006974      0x140 CMakeFiles/HP02_VS.dir/home/avinash/rpi_pico/pico/pico-sdk/lib/tinyusb/src/class/cdc/cdc_device.c.obj
                0x0000000010006974                cdcd_xfer_cb
 .text.tusb_init
                0x0000000010006ab4       0x24 CMakeFiles/HP02_VS.dir/home/avinash/rpi_pico/pico/pico-sdk/lib/tinyusb/src/tusb.c.obj
                0x0000000010006ab4                tusb_init
 .text.tusb_inited
                0x0000000010006ad8        0xe CMakeFiles/HP02_VS.dir/home/avinash/rpi_pico/pico/pico-sdk/lib/tinyusb/src/tusb.c.obj
                0x0000000010006ad8                tusb_inited
 *fill*         0x0000000010006ae6        0x2 
 .text.tu_edpt_validate
                0x0000000010006ae8       0xa8 CMakeFiles/HP02_VS.dir/home/avinash/rpi_pico/pico/pico-sdk/lib/tinyusb/src/tusb.c.obj
                0x0000000010006ae8                tu_edpt_validate
 .text.tu_edpt_bind_driver
                0x0000000010006b90       0x2a CMakeFiles/HP02_VS.dir/home/avinash/rpi_pico/pico/pico-sdk/lib/tinyusb/src/tusb.c.obj
                0x0000000010006b90                tu_edpt_bind_driver
 .text.advance_pointer
                0x0000000010006bba       0x18 CMakeFiles/HP02_VS.dir/home/avinash/rpi_pico/pico/pico-sdk/lib/tinyusb/src/common/tusb_fifo.c.obj
 .text.backward_pointer
                0x0000000010006bd2       0x18 CMakeFiles/HP02_VS.dir/home/avinash/rpi_pico/pico/pico-sdk/lib/tinyusb/src/common/tusb_fifo.c.obj
 .text.get_relative_pointer
                0x0000000010006bea       0x10 CMakeFiles/HP02_VS.dir/home/avinash/rpi_pico/pico/pico-sdk/lib/tinyusb/src/common/tusb_fifo.c.obj
 .text._tu_fifo_peek
                0x0000000010006bfa       0x4c CMakeFiles/HP02_VS.dir/home/avinash/rpi_pico/pico/pico-sdk/lib/tinyusb/src/common/tusb_fifo.c.obj
 .text._ff_pull_const_addr
                0x0000000010006c46       0x46 CMakeFiles/HP02_VS.dir/home/avinash/rpi_pico/pico/pico-sdk/lib/tinyusb/src/common/tusb_fifo.c.obj
 .text._ff_pull_n
                0x0000000010006c8c       0xfe CMakeFiles/HP02_VS.dir/home/avinash/rpi_pico/pico/pico-sdk/lib/tinyusb/src/common/tusb_fifo.c.obj
 .text._tu_fifo_peek_n
                0x0000000010006d8a       0x5e CMakeFiles/HP02_VS.dir/home/avinash/rpi_pico/pico/pico-sdk/lib/tinyusb/src/common/tusb_fifo.c.obj
 .text._tu_fifo_read_n
                0x0000000010006de8       0x4e CMakeFiles/HP02_VS.dir/home/avinash/rpi_pico/pico/pico-sdk/lib/tinyusb/src/common/tusb_fifo.c.obj
 .text._ff_push_const_addr
                0x0000000010006e36       0x3a CMakeFiles/HP02_VS.dir/home/avinash/rpi_pico/pico/pico-sdk/lib/tinyusb/src/common/tusb_fifo.c.obj
 .text._ff_push_n
                0x0000000010006e70       0xfa CMakeFiles/HP02_VS.dir/home/avinash/rpi_pico/pico/pico-sdk/lib/tinyusb/src/common/tusb_fifo.c.obj
 .text._tu_fifo_write_n
                0x0000000010006f6a       0x9e CMakeFiles/HP02_VS.dir/home/avinash/rpi_pico/pico/pico-sdk/lib/tinyusb/src/common/tusb_fifo.c.obj
 .text.tu_fifo_config
                0x0000000010007008       0x76 CMakeFiles/HP02_VS.dir/home/avinash/rpi_pico/pico/pico-sdk/lib/tinyusb/src/common/tusb_fifo.c.obj
                0x0000000010007008                tu_fifo_config
 .text.tu_fifo_count
                0x000000001000707e       0x24 CMakeFiles/HP02_VS.dir/home/avinash/rpi_pico/pico/pico-sdk/lib/tinyusb/src/common/tusb_fifo.c.obj
                0x000000001000707e                tu_fifo_count
 .text.tu_fifo_empty
                0x00000000100070a2        0xe CMakeFiles/HP02_VS.dir/home/avinash/rpi_pico/pico/pico-sdk/lib/tinyusb/src/common/tusb_fifo.c.obj
                0x00000000100070a2                tu_fifo_empty
 .text.tu_fifo_remaining
                0x00000000100070b0       0x20 CMakeFiles/HP02_VS.dir/home/avinash/rpi_pico/pico/pico-sdk/lib/tinyusb/src/common/tusb_fifo.c.obj
                0x00000000100070b0                tu_fifo_remaining
 .text.tu_fifo_read
                0x00000000100070d0       0x42 CMakeFiles/HP02_VS.dir/home/avinash/rpi_pico/pico/pico-sdk/lib/tinyusb/src/common/tusb_fifo.c.obj
                0x00000000100070d0                tu_fifo_read
 .text.tu_fifo_read_n
                0x0000000010007112        0xa CMakeFiles/HP02_VS.dir/home/avinash/rpi_pico/pico/pico-sdk/lib/tinyusb/src/common/tusb_fifo.c.obj
                0x0000000010007112                tu_fifo_read_n
 .text.tu_fifo_write
                0x000000001000711c       0x6e CMakeFiles/HP02_VS.dir/home/avinash/rpi_pico/pico/pico-sdk/lib/tinyusb/src/common/tusb_fifo.c.obj
                0x000000001000711c                tu_fifo_write
 .text.tu_fifo_write_n
                0x000000001000718a        0xa CMakeFiles/HP02_VS.dir/home/avinash/rpi_pico/pico/pico-sdk/lib/tinyusb/src/common/tusb_fifo.c.obj
                0x000000001000718a                tu_fifo_write_n
 .text.tu_fifo_clear
                0x0000000010007194       0x4e CMakeFiles/HP02_VS.dir/home/avinash/rpi_pico/pico/pico-sdk/lib/tinyusb/src/common/tusb_fifo.c.obj
                0x0000000010007194                tu_fifo_clear
 .text.tu_fifo_set_overwritable
                0x00000000100071e2       0x3c CMakeFiles/HP02_VS.dir/home/avinash/rpi_pico/pico/pico-sdk/lib/tinyusb/src/common/tusb_fifo.c.obj
                0x00000000100071e2                tu_fifo_set_overwritable
 *fill*         0x000000001000721e        0x2 
 .text._retrieve_unique_id_on_boot
                0x0000000010007220       0x10 CMakeFiles/HP02_VS.dir/home/avinash/rpi_pico/pico/pico-sdk/src/rp2_common/pico_unique_id/unique_id.c.obj
 .text.pico_get_unique_board_id_string
                0x0000000010007230       0x60 CMakeFiles/HP02_VS.dir/home/avinash/rpi_pico/pico/pico-sdk/src/rp2_common/pico_unique_id/unique_id.c.obj
                0x0000000010007230                pico_get_unique_board_id_string
 .text.flash_get_unique_id
                0x0000000010007290       0x40 CMakeFiles/HP02_VS.dir/home/avinash/rpi_pico/pico/pico-sdk/src/rp2_common/hardware_flash/flash.c.obj
                0x0000000010007290                flash_get_unique_id
 .text.adc_init
                0x00000000100072d0       0x34 CMakeFiles/HP02_VS.dir/home/avinash/rpi_pico/pico/pico-sdk/src/rp2_common/hardware_adc/adc.c.obj
                0x00000000100072d0                adc_init
 .text          0x0000000010007304       0x64 /usr/lib/gcc/arm-none-eabi/6.3.1/../../../arm-none-eabi/lib/thumb/v6-m/libg.a(lib_a-strlen-stub.o)
                0x0000000010007304                strlen
 *(.fini)
 .fini          0x0000000010007368        0x4 /usr/lib/gcc/arm-none-eabi/6.3.1/thumb/v6-m/crti.o
                0x0000000010007368                _fini
 *fill*         0x000000001000736c        0x4 
 .fini.__stub   0x0000000010007370       0x70 linker stubs
 *crtbegin.o(.ctors)
 *crtbegin?.o(.ctors)
 *(EXCLUDE_FILE(*crtend.o *crtend?.o) .ctors)
 *(SORT(.ctors.*))
 *(.ctors)
 *crtbegin.o(.dtors)
 *crtbegin?.o(.dtors)
 *(EXCLUDE_FILE(*crtend.o *crtend?.o) .dtors)
 *(SORT(.dtors.*))
 *(.dtors)
 *(.eh_frame*)
 .eh_frame      0x00000000100073e0        0x0 /usr/lib/gcc/arm-none-eabi/6.3.1/thumb/v6-m/crtbegin.o
                0x00000000100073e0                . = ALIGN (0x4)

.glue_7         0x00000000100073e0        0x0
 .glue_7        0x00000000100073e0        0x0 linker stubs

.glue_7t        0x00000000100073e0        0x0
 .glue_7t       0x00000000100073e0        0x0 linker stubs

.vfp11_veneer   0x00000000100073e0        0x0
 .vfp11_veneer  0x00000000100073e0        0x0 linker stubs

.v4_bx          0x00000000100073e0        0x0
 .v4_bx         0x00000000100073e0        0x0 linker stubs

.iplt           0x00000000100073e0        0x0
 .iplt          0x00000000100073e0        0x0 /usr/lib/gcc/arm-none-eabi/6.3.1/thumb/v6-m/crtbegin.o

.rodata         0x00000000100073e0     0x1664
 *(EXCLUDE_FILE(*libm.a: *libc.a:*lib_a-mem*.o *libgcc.a:) .rodata*)
 .rodata.main.str1.4
                0x00000000100073e0        0x7 CMakeFiles/HP02_VS.dir/src/VS.cpp.obj
 *fill*         0x00000000100073e7        0x1 
 .rodata.spin_lock_claim_unused.str1.4
                0x00000000100073e8       0x1b CMakeFiles/HP02_VS.dir/home/avinash/rpi_pico/pico/pico-sdk/src/rp2_common/hardware_sync/sync.c.obj
 *fill*         0x0000000010007403        0x1 
 .rodata.__func__.5576
                0x0000000010007404       0x15 CMakeFiles/HP02_VS.dir/home/avinash/rpi_pico/pico/pico-sdk/src/common/pico_time/time.c.obj
 *fill*         0x0000000010007419        0x3 
 .rodata.__func__.5888
                0x000000001000741c        0xc CMakeFiles/HP02_VS.dir/home/avinash/rpi_pico/pico/pico-sdk/src/common/pico_time/time.c.obj
 .rodata.__func__.5895
                0x0000000010007428       0x12 CMakeFiles/HP02_VS.dir/home/avinash/rpi_pico/pico/pico-sdk/src/common/pico_time/time.c.obj
 *fill*         0x000000001000743a        0x2 
 .rodata.__func__.5911
                0x000000001000743c        0xf CMakeFiles/HP02_VS.dir/home/avinash/rpi_pico/pico/pico-sdk/src/common/pico_time/time.c.obj
 *fill*         0x000000001000744b        0x1 
 .rodata.__func__.5933
                0x000000001000744c        0xd CMakeFiles/HP02_VS.dir/home/avinash/rpi_pico/pico/pico-sdk/src/common/pico_time/time.c.obj
 *fill*         0x0000000010007459        0x3 
 .rodata.__func__.6157
                0x000000001000745c        0xa CMakeFiles/HP02_VS.dir/home/avinash/rpi_pico/pico/pico-sdk/src/common/pico_time/time.c.obj
 *fill*         0x0000000010007466        0x2 
 .rodata.__func__.6162
                0x0000000010007468       0x12 CMakeFiles/HP02_VS.dir/home/avinash/rpi_pico/pico/pico-sdk/src/common/pico_time/time.c.obj
 *fill*         0x000000001000747a        0x2 
 .rodata.__func__.6177
                0x000000001000747c       0x17 CMakeFiles/HP02_VS.dir/home/avinash/rpi_pico/pico/pico-sdk/src/common/pico_time/time.c.obj
 *fill*         0x0000000010007493        0x1 
 .rodata.__func__.6188
                0x0000000010007494       0x15 CMakeFiles/HP02_VS.dir/home/avinash/rpi_pico/pico/pico-sdk/src/common/pico_time/time.c.obj
 *fill*         0x00000000100074a9        0x3 
 .rodata.__func__.6205
                0x00000000100074ac       0x1a CMakeFiles/HP02_VS.dir/home/avinash/rpi_pico/pico/pico-sdk/src/common/pico_time/time.c.obj
 *fill*         0x00000000100074c6        0x2 
 .rodata.__func__.6244
                0x00000000100074c8       0x18 CMakeFiles/HP02_VS.dir/home/avinash/rpi_pico/pico/pico-sdk/src/common/pico_time/time.c.obj
 .rodata.add_alarm_under_lock.str1.4
                0x00000000100074e0       0x28 CMakeFiles/HP02_VS.dir/home/avinash/rpi_pico/pico/pico-sdk/src/common/pico_time/time.c.obj
                                         0x2b (size before relaxing)
 .rodata.alarm_pool_alarm_callback.str1.4
                0x0000000010007508       0xee CMakeFiles/HP02_VS.dir/home/avinash/rpi_pico/pico/pico-sdk/src/common/pico_time/time.c.obj
 *fill*         0x00000000100075f6        0x2 
 .rodata.alarm_pool_cancel_alarm.str1.4
                0x00000000100075f8       0x27 CMakeFiles/HP02_VS.dir/home/avinash/rpi_pico/pico/pico-sdk/src/common/pico_time/time.c.obj
 *fill*         0x000000001000761f        0x1 
 .rodata.alarm_pool_dump_key.str1.4
                0x0000000010007620       0x33 CMakeFiles/HP02_VS.dir/home/avinash/rpi_pico/pico/pico-sdk/src/common/pico_time/time.c.obj
 *fill*         0x0000000010007653        0x1 
 .rodata.alarm_pool_get_default.str1.4
                0x0000000010007654       0x21 CMakeFiles/HP02_VS.dir/home/avinash/rpi_pico/pico/pico-sdk/src/common/pico_time/time.c.obj
 *fill*         0x0000000010007675        0x3 
 .rodata.ph_add_child_node.str1.4
                0x0000000010007678       0x9e CMakeFiles/HP02_VS.dir/home/avinash/rpi_pico/pico/pico-sdk/src/common/pico_time/time.c.obj
 *fill*         0x0000000010007716        0x2 
 .rodata.repeating_timer_callback.str1.4
                0x0000000010007718       0x55 CMakeFiles/HP02_VS.dir/home/avinash/rpi_pico/pico/pico-sdk/src/common/pico_time/time.c.obj
 *fill*         0x000000001000776d        0x3 
 .rodata.sleep_until.str1.4
                0x0000000010007770       0x4d CMakeFiles/HP02_VS.dir/home/avinash/rpi_pico/pico/pico-sdk/src/common/pico_time/time.c.obj
 *fill*         0x00000000100077bd        0x3 
 .rodata.__func__.4534
                0x00000000100077c0       0x1a CMakeFiles/HP02_VS.dir/home/avinash/rpi_pico/pico/pico-sdk/src/rp2_common/hardware_timer/timer.c.obj
 *fill*         0x00000000100077da        0x2 
 .rodata.hardware_alarm_claim.str1.4
                0x00000000100077dc       0x22 CMakeFiles/HP02_VS.dir/home/avinash/rpi_pico/pico/pico-sdk/src/rp2_common/hardware_timer/timer.c.obj
 *fill*         0x00000000100077fe        0x2 
 .rodata.hardware_alarm_set_target.str1.4
                0x0000000010007800       0x6f CMakeFiles/HP02_VS.dir/home/avinash/rpi_pico/pico/pico-sdk/src/rp2_common/hardware_timer/timer.c.obj
 *fill*         0x000000001000786f        0x1 
 .rodata.__func__.4185
                0x0000000010007870       0x15 CMakeFiles/HP02_VS.dir/home/avinash/rpi_pico/pico/pico-sdk/src/common/pico_sync/mutex.c.obj
 *fill*         0x0000000010007885        0x3 
 .rodata.__func__.4659
                0x0000000010007888       0x18 CMakeFiles/HP02_VS.dir/home/avinash/rpi_pico/pico/pico-sdk/src/common/pico_sync/mutex.c.obj
 .rodata.__func__.4678
                0x00000000100078a0        0xb CMakeFiles/HP02_VS.dir/home/avinash/rpi_pico/pico/pico-sdk/src/common/pico_sync/mutex.c.obj
 *fill*         0x00000000100078ab        0x1 
 .rodata.str1.4
                0x00000000100078ac       0x95 CMakeFiles/HP02_VS.dir/home/avinash/rpi_pico/pico/pico-sdk/src/common/pico_sync/mutex.c.obj
                                        0x101 (size before relaxing)
 *fill*         0x0000000010007941        0x3 
 .rodata.__func__.5627
                0x0000000010007944        0xc CMakeFiles/HP02_VS.dir/home/avinash/rpi_pico/pico/pico-sdk/src/common/pico_util/pheap.c.obj
 .rodata.__func__.5634
                0x0000000010007950       0x12 CMakeFiles/HP02_VS.dir/home/avinash/rpi_pico/pico/pico-sdk/src/common/pico_util/pheap.c.obj
 *fill*         0x0000000010007962        0x2 
 .rodata.__func__.5720
                0x0000000010007964       0x13 CMakeFiles/HP02_VS.dir/home/avinash/rpi_pico/pico/pico-sdk/src/common/pico_util/pheap.c.obj
 *fill*         0x0000000010007977        0x1 
 .rodata.__func__.5738
                0x0000000010007978       0x18 CMakeFiles/HP02_VS.dir/home/avinash/rpi_pico/pico/pico-sdk/src/common/pico_util/pheap.c.obj
 .rodata.ph_add_child_node.str1.4
                0x0000000010007990       0x9e CMakeFiles/HP02_VS.dir/home/avinash/rpi_pico/pico/pico-sdk/src/common/pico_util/pheap.c.obj
 .rodata.ph_remove_and_free_node.str1.4
                0x0000000010007990       0x26 CMakeFiles/HP02_VS.dir/home/avinash/rpi_pico/pico/pico-sdk/src/common/pico_util/pheap.c.obj
 *fill*         0x00000000100079b6        0x2 
 .rodata.ph_remove_any_head.str1.4
                0x00000000100079b8       0x98 CMakeFiles/HP02_VS.dir/home/avinash/rpi_pico/pico/pico-sdk/src/common/pico_util/pheap.c.obj
 .rodata.__assert_func.str1.4
                0x0000000010007a50       0x3f CMakeFiles/HP02_VS.dir/home/avinash/rpi_pico/pico/pico-sdk/src/rp2_common/pico_runtime/runtime.c.obj
                                         0x43 (size before relaxing)
 *fill*         0x0000000010007a8f        0x1 
 .rodata.__func__.5743
                0x0000000010007a90        0xd CMakeFiles/HP02_VS.dir/home/avinash/rpi_pico/pico/pico-sdk/src/rp2_common/pico_runtime/runtime.c.obj
 *fill*         0x0000000010007a9d        0x3 
 .rodata.panic.str1.4
                0x0000000010007aa0       0x12 CMakeFiles/HP02_VS.dir/home/avinash/rpi_pico/pico/pico-sdk/src/rp2_common/pico_runtime/runtime.c.obj
 *fill*         0x0000000010007ab2        0x2 
 .rodata.runtime_init.str1.4
                0x0000000010007ab4       0x6b CMakeFiles/HP02_VS.dir/home/avinash/rpi_pico/pico/pico-sdk/src/rp2_common/pico_runtime/runtime.c.obj
 *fill*         0x0000000010007b1f        0x1 
 .rodata.__func__.4681
                0x0000000010007b20       0x10 CMakeFiles/HP02_VS.dir/home/avinash/rpi_pico/pico/pico-sdk/src/rp2_common/hardware_clocks/clocks.c.obj
 .rodata.clock_configure.str1.4
                0x0000000010007b30       0x61 CMakeFiles/HP02_VS.dir/home/avinash/rpi_pico/pico/pico-sdk/src/rp2_common/hardware_clocks/clocks.c.obj
 *fill*         0x0000000010007b91        0x3 
 .rodata.__func__.4711
                0x0000000010007b94       0x1a CMakeFiles/HP02_VS.dir/home/avinash/rpi_pico/pico/pico-sdk/src/rp2_common/hardware_irq/irq.c.obj
 *fill*         0x0000000010007bae        0x2 
 .rodata.__func__.4725
                0x0000000010007bb0        0xc CMakeFiles/HP02_VS.dir/home/avinash/rpi_pico/pico/pico-sdk/src/rp2_common/hardware_irq/irq.c.obj
 .rodata.__func__.4733
                0x0000000010007bbc       0x17 CMakeFiles/HP02_VS.dir/home/avinash/rpi_pico/pico/pico-sdk/src/rp2_common/hardware_irq/irq.c.obj
 *fill*         0x0000000010007bd3        0x1 
 .rodata.__func__.4737
                0x0000000010007bd4        0xf CMakeFiles/HP02_VS.dir/home/avinash/rpi_pico/pico/pico-sdk/src/rp2_common/hardware_irq/irq.c.obj
 *fill*         0x0000000010007be3        0x1 
 .rodata.__func__.4776
                0x0000000010007be4       0x13 CMakeFiles/HP02_VS.dir/home/avinash/rpi_pico/pico/pico-sdk/src/rp2_common/hardware_irq/irq.c.obj
 *fill*         0x0000000010007bf7        0x1 
 .rodata.__func__.4798
                0x0000000010007bf8       0x1a CMakeFiles/HP02_VS.dir/home/avinash/rpi_pico/pico/pico-sdk/src/rp2_common/hardware_irq/irq.c.obj
 *fill*         0x0000000010007c12        0x2 
 .rodata.insert_branch_and_link.str1.4
                0x0000000010007c14       0x10 CMakeFiles/HP02_VS.dir/home/avinash/rpi_pico/pico/pico-sdk/src/rp2_common/hardware_irq/irq.c.obj
 .rodata.irq_add_shared_handler.str1.4
                0x0000000010007c24       0xd9 CMakeFiles/HP02_VS.dir/home/avinash/rpi_pico/pico/pico-sdk/src/rp2_common/hardware_irq/irq.c.obj
 *fill*         0x0000000010007cfd        0x3 
 .rodata.irq_add_tail_to_free_list.str1.4
                0x0000000010007d00       0x32 CMakeFiles/HP02_VS.dir/home/avinash/rpi_pico/pico/pico-sdk/src/rp2_common/hardware_irq/irq.c.obj
                                         0x3a (size before relaxing)
 *fill*         0x0000000010007d32        0x2 
 .rodata.irq_remove_handler.str1.4
                0x0000000010007d34       0x2a CMakeFiles/HP02_VS.dir/home/avinash/rpi_pico/pico/pico-sdk/src/rp2_common/hardware_irq/irq.c.obj
 *fill*         0x0000000010007d5e        0x2 
 .rodata.irq_set_exclusive_handler.str1.4
                0x0000000010007d60       0x36 CMakeFiles/HP02_VS.dir/home/avinash/rpi_pico/pico/pico-sdk/src/rp2_common/hardware_irq/irq.c.obj
 *fill*         0x0000000010007d96        0x2 
 .rodata.make_branch.str1.4
                0x0000000010007d98       0x77 CMakeFiles/HP02_VS.dir/home/avinash/rpi_pico/pico/pico-sdk/src/rp2_common/hardware_irq/irq.c.obj
 *fill*         0x0000000010007e0f        0x1 
 .rodata.__func__.4383
                0x0000000010007e10        0x9 CMakeFiles/HP02_VS.dir/home/avinash/rpi_pico/pico/pico-sdk/src/rp2_common/hardware_pll/pll.c.obj
 *fill*         0x0000000010007e19        0x3 
 .rodata.pll_init.str1.4
                0x0000000010007e1c       0xe3 CMakeFiles/HP02_VS.dir/home/avinash/rpi_pico/pico/pico-sdk/src/rp2_common/hardware_pll/pll.c.obj
 *fill*         0x0000000010007eff        0x1 
 .rodata._vsnprintf
                0x0000000010007f00      0x1e0 CMakeFiles/HP02_VS.dir/home/avinash/rpi_pico/pico/pico-sdk/src/rp2_common/pico_printf/printf.c.obj
 .rodata._ftoa.str1.4
                0x00000000100080e0       0x15 CMakeFiles/HP02_VS.dir/home/avinash/rpi_pico/pico/pico-sdk/src/rp2_common/pico_printf/printf.c.obj
 *fill*         0x00000000100080f5        0x3 
 .rodata.pow10.5346
                0x00000000100080f8       0x50 CMakeFiles/HP02_VS.dir/home/avinash/rpi_pico/pico/pico-sdk/src/rp2_common/pico_printf/printf.c.obj
 .rodata.__aeabi_double_init.str1.4
                0x0000000010008148       0xb2 CMakeFiles/HP02_VS.dir/home/avinash/rpi_pico/pico/pico-sdk/src/rp2_common/pico_double/double_init_rom.c.obj
 *fill*         0x00000000100081fa        0x2 
 .rodata.__func__.4656
                0x00000000100081fc       0x14 CMakeFiles/HP02_VS.dir/home/avinash/rpi_pico/pico/pico-sdk/src/rp2_common/pico_double/double_init_rom.c.obj
 .rodata.__aeabi_float_init.str1.4
                0x0000000010008210       0x84 CMakeFiles/HP02_VS.dir/home/avinash/rpi_pico/pico/pico-sdk/src/rp2_common/pico_float/float_init_rom.c.obj
                                         0x88 (size before relaxing)
 .rodata.__func__.4657
                0x0000000010008294       0x13 CMakeFiles/HP02_VS.dir/home/avinash/rpi_pico/pico/pico-sdk/src/rp2_common/pico_float/float_init_rom.c.obj
 *fill*         0x00000000100082a7        0x1 
 .rodata.__bi_44
                0x00000000100082a8        0xc CMakeFiles/HP02_VS.dir/home/avinash/rpi_pico/pico/pico-sdk/src/rp2_common/pico_standard_link/binary_info.c.obj
 .rodata.__bi_75
                0x00000000100082b4        0xc CMakeFiles/HP02_VS.dir/home/avinash/rpi_pico/pico/pico-sdk/src/rp2_common/pico_standard_link/binary_info.c.obj
 .rodata.__bi_81
                0x00000000100082c0        0xc CMakeFiles/HP02_VS.dir/home/avinash/rpi_pico/pico/pico-sdk/src/rp2_common/pico_standard_link/binary_info.c.obj
 .rodata.str1.4
                0x00000000100082cc       0x3c CMakeFiles/HP02_VS.dir/home/avinash/rpi_pico/pico/pico-sdk/src/rp2_common/pico_standard_link/binary_info.c.obj
 .rodata.crlf_str.5792
                0x0000000010008308        0x2 CMakeFiles/HP02_VS.dir/home/avinash/rpi_pico/pico/pico-sdk/src/rp2_common/pico_stdio/stdio.c.obj
 *fill*         0x000000001000830a        0x2 
 .rodata._resetd_driver
                0x000000001000830c       0x18 CMakeFiles/HP02_VS.dir/home/avinash/rpi_pico/pico/pico-sdk/src/rp2_common/pico_stdio_usb/reset_interface.c.obj
 .rodata.__bi_93.7106
                0x0000000010008324        0xc CMakeFiles/HP02_VS.dir/home/avinash/rpi_pico/pico/pico-sdk/src/rp2_common/pico_stdio_usb/stdio_usb.c.obj
 .rodata.__func__.5308
                0x0000000010008330       0x15 CMakeFiles/HP02_VS.dir/home/avinash/rpi_pico/pico/pico-sdk/src/rp2_common/pico_stdio_usb/stdio_usb.c.obj
 .rodata.stdio_usb_init.str1.4
                0x0000000010008345       0x6b CMakeFiles/HP02_VS.dir/home/avinash/rpi_pico/pico/pico-sdk/src/rp2_common/pico_stdio_usb/stdio_usb.c.obj
 *fill*         0x0000000010008345        0x3 
 .rodata.str1.4
                0x0000000010008348       0x13 CMakeFiles/HP02_VS.dir/home/avinash/rpi_pico/pico/pico-sdk/src/rp2_common/pico_stdio_usb/stdio_usb.c.obj
 *fill*         0x000000001000835b        0x1 
 .rodata.str1.4
                0x000000001000835c       0x2a CMakeFiles/HP02_VS.dir/home/avinash/rpi_pico/pico/pico-sdk/src/rp2_common/pico_stdio_usb/stdio_usb_descriptors.c.obj
 *fill*         0x0000000010008386        0x2 
 .rodata.usbd_desc_cfg
                0x0000000010008388       0x54 CMakeFiles/HP02_VS.dir/home/avinash/rpi_pico/pico/pico-sdk/src/rp2_common/pico_stdio_usb/stdio_usb_descriptors.c.obj
 .rodata.usbd_desc_device
                0x00000000100083dc       0x12 CMakeFiles/HP02_VS.dir/home/avinash/rpi_pico/pico/pico-sdk/src/rp2_common/pico_stdio_usb/stdio_usb_descriptors.c.obj
 *fill*         0x00000000100083ee        0x2 
 .rodata.usbd_desc_str
                0x00000000100083f0       0x18 CMakeFiles/HP02_VS.dir/home/avinash/rpi_pico/pico/pico-sdk/src/rp2_common/pico_stdio_usb/stdio_usb_descriptors.c.obj
 .rodata.__func__.6778
                0x0000000010008408       0x13 CMakeFiles/HP02_VS.dir/home/avinash/rpi_pico/pico/pico-sdk/lib/tinyusb/src/portable/raspberrypi/rp2040/dcd_rp2040.c.obj
 *fill*         0x000000001000841b        0x1 
 .rodata.__func__.6831
                0x000000001000841c        0x9 CMakeFiles/HP02_VS.dir/home/avinash/rpi_pico/pico/pico-sdk/lib/tinyusb/src/portable/raspberrypi/rp2040/dcd_rp2040.c.obj
 *fill*         0x0000000010008425        0x3 
 .rodata.__func__.6835
                0x0000000010008428        0xf CMakeFiles/HP02_VS.dir/home/avinash/rpi_pico/pico/pico-sdk/lib/tinyusb/src/portable/raspberrypi/rp2040/dcd_rp2040.c.obj
 *fill*         0x0000000010008437        0x1 
 .rodata.__func__.6844
                0x0000000010008438       0x10 CMakeFiles/HP02_VS.dir/home/avinash/rpi_pico/pico/pico-sdk/lib/tinyusb/src/portable/raspberrypi/rp2040/dcd_rp2040.c.obj
 .rodata.__func__.6863
                0x0000000010008448        0xe CMakeFiles/HP02_VS.dir/home/avinash/rpi_pico/pico/pico-sdk/lib/tinyusb/src/portable/raspberrypi/rp2040/dcd_rp2040.c.obj
 *fill*         0x0000000010008456        0x2 
 .rodata.__func__.6873
                0x0000000010008458        0xe CMakeFiles/HP02_VS.dir/home/avinash/rpi_pico/pico/pico-sdk/lib/tinyusb/src/portable/raspberrypi/rp2040/dcd_rp2040.c.obj
 *fill*         0x0000000010008466        0x2 
 .rodata._hw_endpoint_alloc.str1.4
                0x0000000010008468       0xc1 CMakeFiles/HP02_VS.dir/home/avinash/rpi_pico/pico/pico-sdk/lib/tinyusb/src/portable/raspberrypi/rp2040/dcd_rp2040.c.obj
 *fill*         0x0000000010008529        0x3 
 .rodata.dcd_int_enable.str1.4
                0x000000001000852c        0xc CMakeFiles/HP02_VS.dir/home/avinash/rpi_pico/pico/pico-sdk/lib/tinyusb/src/portable/raspberrypi/rp2040/dcd_rp2040.c.obj
 .rodata.dcd_rp2040_irq.str1.4
                0x0000000010008538       0x14 CMakeFiles/HP02_VS.dir/home/avinash/rpi_pico/pico/pico-sdk/lib/tinyusb/src/portable/raspberrypi/rp2040/dcd_rp2040.c.obj
 .rodata.__func__.6538
                0x000000001000854c        0xf CMakeFiles/HP02_VS.dir/home/avinash/rpi_pico/pico/pico-sdk/lib/tinyusb/src/portable/raspberrypi/rp2040/rp2040_usb.c.obj
 *fill*         0x000000001000855b        0x1 
 .rodata._hw_endpoint_buffer_control_update32.str1.4
                0x000000001000855c       0x1f CMakeFiles/HP02_VS.dir/home/avinash/rpi_pico/pico/pico-sdk/lib/tinyusb/src/portable/raspberrypi/rp2040/rp2040_usb.c.obj
 *fill*         0x000000001000857b        0x1 
 .rodata.hw_endpoint_xfer_continue.str1.4
                0x000000001000857c       0x29 CMakeFiles/HP02_VS.dir/home/avinash/rpi_pico/pico/pico-sdk/lib/tinyusb/src/portable/raspberrypi/rp2040/rp2040_usb.c.obj
 *fill*         0x00000000100085a5        0x3 
 .rodata.hw_endpoint_xfer_start.str1.4
                0x00000000100085a8       0x38 CMakeFiles/HP02_VS.dir/home/avinash/rpi_pico/pico/pico-sdk/lib/tinyusb/src/portable/raspberrypi/rp2040/rp2040_usb.c.obj
 .rodata.str1.4
                0x00000000100085e0        0x7 CMakeFiles/HP02_VS.dir/home/avinash/rpi_pico/pico/pico-sdk/lib/tinyusb/src/portable/raspberrypi/rp2040/rp2040_usb.c.obj
 *fill*         0x00000000100085e7        0x1 
 .rodata.sync_ep_buffer.str1.4
                0x00000000100085e8       0x9d CMakeFiles/HP02_VS.dir/home/avinash/rpi_pico/pico/pico-sdk/lib/tinyusb/src/portable/raspberrypi/rp2040/rp2040_usb.c.obj
 *fill*         0x0000000010008685        0x3 
 .rodata.process_get_descriptor
                0x0000000010008688       0x40 CMakeFiles/HP02_VS.dir/home/avinash/rpi_pico/pico/pico-sdk/lib/tinyusb/src/device/usbd.c.obj
 .rodata.process_control_request
                0x00000000100086c8       0x28 CMakeFiles/HP02_VS.dir/home/avinash/rpi_pico/pico/pico-sdk/lib/tinyusb/src/device/usbd.c.obj
 .rodata.tud_task
                0x00000000100086f0       0x24 CMakeFiles/HP02_VS.dir/home/avinash/rpi_pico/pico/pico-sdk/lib/tinyusb/src/device/usbd.c.obj
 .rodata.__func__.6454
                0x0000000010008714       0x10 CMakeFiles/HP02_VS.dir/home/avinash/rpi_pico/pico/pico-sdk/lib/tinyusb/src/device/usbd.c.obj
 .rodata.__func__.7251
                0x0000000010008724        0x9 CMakeFiles/HP02_VS.dir/home/avinash/rpi_pico/pico/pico-sdk/lib/tinyusb/src/device/usbd.c.obj
 *fill*         0x000000001000872d        0x3 
 .rodata.__func__.7272
                0x0000000010008730       0x18 CMakeFiles/HP02_VS.dir/home/avinash/rpi_pico/pico/pico-sdk/lib/tinyusb/src/device/usbd.c.obj
 .rodata.__func__.7315
                0x0000000010008748       0x13 CMakeFiles/HP02_VS.dir/home/avinash/rpi_pico/pico/pico-sdk/lib/tinyusb/src/device/usbd.c.obj
 *fill*         0x000000001000875b        0x1 
 .rodata.__func__.7350
                0x000000001000875c       0x17 CMakeFiles/HP02_VS.dir/home/avinash/rpi_pico/pico/pico-sdk/lib/tinyusb/src/device/usbd.c.obj
 *fill*         0x0000000010008773        0x1 
 .rodata.__func__.7404
                0x0000000010008774       0x14 CMakeFiles/HP02_VS.dir/home/avinash/rpi_pico/pico/pico-sdk/lib/tinyusb/src/device/usbd.c.obj
 .rodata.__func__.7418
                0x0000000010008788        0xf CMakeFiles/HP02_VS.dir/home/avinash/rpi_pico/pico/pico-sdk/lib/tinyusb/src/device/usbd.c.obj
 *fill*         0x0000000010008797        0x1 
 .rodata.__func__.7441
                0x0000000010008798        0xf CMakeFiles/HP02_VS.dir/home/avinash/rpi_pico/pico/pico-sdk/lib/tinyusb/src/device/usbd.c.obj
 *fill*         0x00000000100087a7        0x1 
 .rodata._usbd_driver
                0x00000000100087a8       0x18 CMakeFiles/HP02_VS.dir/home/avinash/rpi_pico/pico/pico-sdk/lib/tinyusb/src/device/usbd.c.obj
 .rodata.process_set_config.str1.4
                0x00000000100087c0       0x17 CMakeFiles/HP02_VS.dir/home/avinash/rpi_pico/pico/pico-sdk/lib/tinyusb/src/device/usbd.c.obj
 *fill*         0x00000000100087d7        0x1 
 .rodata.__func__.7166
                0x00000000100087d8       0x11 CMakeFiles/HP02_VS.dir/home/avinash/rpi_pico/pico/pico-sdk/lib/tinyusb/src/device/usbd_control.c.obj
 *fill*         0x00000000100087e9        0x3 
 .rodata.__func__.7193
                0x00000000100087ec       0x15 CMakeFiles/HP02_VS.dir/home/avinash/rpi_pico/pico/pico-sdk/lib/tinyusb/src/device/usbd_control.c.obj
 .rodata.tud_control_xfer.str1.4
                0x0000000010008801       0x17 CMakeFiles/HP02_VS.dir/home/avinash/rpi_pico/pico/pico-sdk/lib/tinyusb/src/device/usbd_control.c.obj
 *fill*         0x0000000010008801        0x3 
 .rodata.__func__.7103
                0x0000000010008804       0x16 CMakeFiles/HP02_VS.dir/home/avinash/rpi_pico/pico/pico-sdk/lib/tinyusb/src/class/cdc/cdc_device.c.obj
 *fill*         0x000000001000881a        0x2 
 .rodata.__func__.7136
                0x000000001000881c        0xa CMakeFiles/HP02_VS.dir/home/avinash/rpi_pico/pico/pico-sdk/lib/tinyusb/src/class/cdc/cdc_device.c.obj
 *fill*         0x0000000010008826        0x2 
 .rodata.__func__.7171
                0x0000000010008828        0xd CMakeFiles/HP02_VS.dir/home/avinash/rpi_pico/pico/pico-sdk/lib/tinyusb/src/class/cdc/cdc_device.c.obj
 .rodata.tud_cdc_n_write_flush.str1.4
                0x0000000010008835       0x17 CMakeFiles/HP02_VS.dir/home/avinash/rpi_pico/pico/pico-sdk/lib/tinyusb/src/class/cdc/cdc_device.c.obj
 *fill*         0x0000000010008835        0x3 
 .rodata.__func__.7040
                0x0000000010008838        0xa CMakeFiles/HP02_VS.dir/home/avinash/rpi_pico/pico/pico-sdk/lib/tinyusb/src/tusb.c.obj
 *fill*         0x0000000010008842        0x2 
 .rodata.__func__.7052
                0x0000000010008844       0x11 CMakeFiles/HP02_VS.dir/home/avinash/rpi_pico/pico/pico-sdk/lib/tinyusb/src/tusb.c.obj
 .rodata.tusb_init.str1.4
                0x0000000010008855       0x17 CMakeFiles/HP02_VS.dir/home/avinash/rpi_pico/pico/pico-sdk/lib/tinyusb/src/tusb.c.obj
 *fill*         0x0000000010008855        0x3 
 .rodata.__func__.4262
                0x0000000010008858       0x20 CMakeFiles/HP02_VS.dir/home/avinash/rpi_pico/pico/pico-sdk/src/rp2_common/pico_unique_id/unique_id.c.obj
 .rodata.pico_get_unique_board_id_string.str1.4
                0x0000000010008878       0x57 CMakeFiles/HP02_VS.dir/home/avinash/rpi_pico/pico/pico-sdk/src/rp2_common/pico_unique_id/unique_id.c.obj
 *fill*         0x00000000100088cf        0x1 
 .rodata.__func__.4436
                0x00000000100088d0        0xd CMakeFiles/HP02_VS.dir/home/avinash/rpi_pico/pico/pico-sdk/src/rp2_common/hardware_flash/flash.c.obj
 *fill*         0x00000000100088dd        0x3 
 .rodata.str1.4
                0x00000000100088e0      0x164 CMakeFiles/HP02_VS.dir/home/avinash/rpi_pico/pico/pico-sdk/src/rp2_common/hardware_flash/flash.c.obj
                                        0x162 (size before relaxing)
                0x0000000010008a44                . = ALIGN (0x4)
 *(SORT(.flashdata*))
                0x0000000010008a44                . = ALIGN (0x4)

.rel.dyn        0x0000000010008a44        0x0
 .rel.iplt      0x0000000010008a44        0x0 /usr/lib/gcc/arm-none-eabi/6.3.1/thumb/v6-m/crtbegin.o

.ARM.extab
 *(.ARM.extab* .gnu.linkonce.armextab.*)
                0x0000000010008a44                __exidx_start = .

.ARM.exidx
 *(.ARM.exidx* .gnu.linkonce.armexidx.*)
                0x0000000010008a44                __exidx_end = .
                0x0000000010008a44                . = ALIGN (0x4)
                0x0000000010008a44                __binary_info_start = .

.binary_info    0x0000000010008a44       0x20
 *(.binary_info.keep.*)
 .binary_info.keep.__bi_ptr22
                0x0000000010008a44        0x4 CMakeFiles/HP02_VS.dir/home/avinash/rpi_pico/pico/pico-sdk/src/rp2_common/pico_standard_link/binary_info.c.obj
 .binary_info.keep.__bi_ptr30
                0x0000000010008a48        0x4 CMakeFiles/HP02_VS.dir/home/avinash/rpi_pico/pico/pico-sdk/src/rp2_common/pico_standard_link/binary_info.c.obj
 .binary_info.keep.__bi_ptr38
                0x0000000010008a4c        0x4 CMakeFiles/HP02_VS.dir/home/avinash/rpi_pico/pico/pico-sdk/src/rp2_common/pico_standard_link/binary_info.c.obj
 .binary_info.keep.__bi_ptr44
                0x0000000010008a50        0x4 CMakeFiles/HP02_VS.dir/home/avinash/rpi_pico/pico/pico-sdk/src/rp2_common/pico_standard_link/binary_info.c.obj
 .binary_info.keep.__bi_ptr50
                0x0000000010008a54        0x4 CMakeFiles/HP02_VS.dir/home/avinash/rpi_pico/pico/pico-sdk/src/rp2_common/pico_standard_link/binary_info.c.obj
 .binary_info.keep.__bi_ptr75
                0x0000000010008a58        0x4 CMakeFiles/HP02_VS.dir/home/avinash/rpi_pico/pico/pico-sdk/src/rp2_common/pico_standard_link/binary_info.c.obj
 .binary_info.keep.__bi_ptr81
                0x0000000010008a5c        0x4 CMakeFiles/HP02_VS.dir/home/avinash/rpi_pico/pico/pico-sdk/src/rp2_common/pico_standard_link/binary_info.c.obj
 *(.binary_info.*)
 .binary_info.__bi_ptr93
                0x0000000010008a60        0x4 CMakeFiles/HP02_VS.dir/home/avinash/rpi_pico/pico/pico-sdk/src/rp2_common/pico_stdio_usb/stdio_usb.c.obj
                0x0000000010008a64                __binary_info_end = .
                0x0000000010008a64                . = ALIGN (0x4)
                0x0000000010008a64                __etext = .

.ram_vector_table
                0x0000000020000000       0xc0
 *(.ram_vector_table)
 .ram_vector_table
                0x0000000020000000       0xc0 CMakeFiles/HP02_VS.dir/home/avinash/rpi_pico/pico/pico-sdk/src/rp2_common/pico_runtime/runtime.c.obj