Archive member included to satisfy reference by file (symbol)

/usr/lib/gcc/arm-none-eabi/6.3.1/thumb/v6-m/libgcc.a(_dvmd_tls.o)
                              CMakeFiles/HP03_VD.dir/home/avinash/rpi_pico/pico/pico-sdk/src/rp2_common/pico_divider/divider.S.obj (__aeabi_idiv0)
/usr/lib/gcc/arm-none-eabi/6.3.1/../../../arm-none-eabi/lib/thumb/v6-m/libg.a(lib_a-atexit.o)
                              /usr/lib/gcc/arm-none-eabi/6.3.1/../../../arm-none-eabi/lib/thumb/v6-m/crt0.o (atexit)
/usr/lib/gcc/arm-none-eabi/6.3.1/../../../arm-none-eabi/lib/thumb/v6-m/libg.a(lib_a-calloc.o)
                              CMakeFiles/HP03_VD.dir/home/avinash/rpi_pico/pico/pico-sdk/src/rp2_common/pico_malloc/pico_malloc.c.obj (calloc)
/usr/lib/gcc/arm-none-eabi/6.3.1/../../../arm-none-eabi/lib/thumb/v6-m/libg.a(lib_a-callocr.o)
                              /usr/lib/gcc/arm-none-eabi/6.3.1/../../../arm-none-eabi/lib/thumb/v6-m/libg.a(lib_a-calloc.o) (_calloc_r)
/usr/lib/gcc/arm-none-eabi/6.3.1/../../../arm-none-eabi/lib/thumb/v6-m/libg.a(lib_a-ctype_.o)
                              CMakeFiles/HP03_VD.dir/home/avinash/rpi_pico/pico/pico-sdk/lib/tinyusb/src/tusb.c.obj (__ctype_ptr__)
/usr/lib/gcc/arm-none-eabi/6.3.1/../../../arm-none-eabi/lib/thumb/v6-m/libg.a(lib_a-fini.o)
                              /usr/lib/gcc/arm-none-eabi/6.3.1/../../../arm-none-eabi/lib/thumb/v6-m/crt0.o (__libc_fini_array)
/usr/lib/gcc/arm-none-eabi/6.3.1/../../../arm-none-eabi/lib/thumb/v6-m/libg.a(lib_a-impure.o)
                              CMakeFiles/HP03_VD.dir/home/avinash/rpi_pico/pico/pico-sdk/src/common/pico_util/pheap.c.obj (_impure_ptr)
/usr/lib/gcc/arm-none-eabi/6.3.1/../../../arm-none-eabi/lib/thumb/v6-m/libg.a(lib_a-init.o)
                              /usr/lib/gcc/arm-none-eabi/6.3.1/../../../arm-none-eabi/lib/thumb/v6-m/crt0.o (__libc_init_array)
/usr/lib/gcc/arm-none-eabi/6.3.1/../../../arm-none-eabi/lib/thumb/v6-m/libg.a(lib_a-malloc.o)
                              CMakeFiles/HP03_VD.dir/home/avinash/rpi_pico/pico/pico-sdk/src/rp2_common/pico_malloc/pico_malloc.c.obj (malloc)
/usr/lib/gcc/arm-none-eabi/6.3.1/../../../arm-none-eabi/lib/thumb/v6-m/libg.a(lib_a-mallocr.o)
                              /usr/lib/gcc/arm-none-eabi/6.3.1/../../../arm-none-eabi/lib/thumb/v6-m/libg.a(lib_a-callocr.o) (_malloc_r)
/usr/lib/gcc/arm-none-eabi/6.3.1/../../../arm-none-eabi/lib/thumb/v6-m/libg.a(lib_a-mlock.o)
                              /usr/lib/gcc/arm-none-eabi/6.3.1/../../../arm-none-eabi/lib/thumb/v6-m/libg.a(lib_a-mallocr.o) (__malloc_lock)
/usr/lib/gcc/arm-none-eabi/6.3.1/../../../arm-none-eabi/lib/thumb/v6-m/libg.a(lib_a-sbrkr.o)
                              /usr/lib/gcc/arm-none-eabi/6.3.1/../../../arm-none-eabi/lib/thumb/v6-m/libg.a(lib_a-mallocr.o) (_sbrk_r)
/usr/lib/gcc/arm-none-eabi/6.3.1/../../../arm-none-eabi/lib/thumb/v6-m/libg.a(lib_a-strlen-stub.o)
                              CMakeFiles/HP03_VD.dir/home/avinash/rpi_pico/pico/pico-sdk/src/rp2_common/pico_stdio/stdio.c.obj (strlen)
/usr/lib/gcc/arm-none-eabi/6.3.1/../../../arm-none-eabi/lib/thumb/v6-m/libg.a(lib_a-wbuf.o)
                              CMakeFiles/HP03_VD.dir/home/avinash/rpi_pico/pico/pico-sdk/src/common/pico_util/pheap.c.obj (__swbuf_r)
/usr/lib/gcc/arm-none-eabi/6.3.1/../../../arm-none-eabi/lib/thumb/v6-m/libg.a(lib_a-wsetup.o)
                              /usr/lib/gcc/arm-none-eabi/6.3.1/../../../arm-none-eabi/lib/thumb/v6-m/libg.a(lib_a-wbuf.o) (__swsetup_r)
/usr/lib/gcc/arm-none-eabi/6.3.1/../../../arm-none-eabi/lib/thumb/v6-m/libg.a(lib_a-__atexit.o)
                              /usr/lib/gcc/arm-none-eabi/6.3.1/../../../arm-none-eabi/lib/thumb/v6-m/libg.a(lib_a-atexit.o) (__register_exitproc)
/usr/lib/gcc/arm-none-eabi/6.3.1/../../../arm-none-eabi/lib/thumb/v6-m/libg.a(lib_a-fflush.o)
                              /usr/lib/gcc/arm-none-eabi/6.3.1/../../../arm-none-eabi/lib/thumb/v6-m/libg.a(lib_a-wbuf.o) (_fflush_r)
/usr/lib/gcc/arm-none-eabi/6.3.1/../../../arm-none-eabi/lib/thumb/v6-m/libg.a(lib_a-findfp.o)
                              /usr/lib/gcc/arm-none-eabi/6.3.1/../../../arm-none-eabi/lib/thumb/v6-m/libg.a(lib_a-wbuf.o) (__sinit)
/usr/lib/gcc/arm-none-eabi/6.3.1/../../../arm-none-eabi/lib/thumb/v6-m/libg.a(lib_a-freer.o)
                              /usr/lib/gcc/arm-none-eabi/6.3.1/../../../arm-none-eabi/lib/thumb/v6-m/libg.a(lib_a-malloc.o) (_free_r)
/usr/lib/gcc/arm-none-eabi/6.3.1/../../../arm-none-eabi/lib/thumb/v6-m/libg.a(lib_a-fwalk.o)
                              /usr/lib/gcc/arm-none-eabi/6.3.1/../../../arm-none-eabi/lib/thumb/v6-m/libg.a(lib_a-findfp.o) (_fwalk)
/usr/lib/gcc/arm-none-eabi/6.3.1/../../../arm-none-eabi/lib/thumb/v6-m/libg.a(lib_a-makebuf.o)
                              /usr/lib/gcc/arm-none-eabi/6.3.1/../../../arm-none-eabi/lib/thumb/v6-m/libg.a(lib_a-wsetup.o) (__smakebuf_r)
/usr/lib/gcc/arm-none-eabi/6.3.1/../../../arm-none-eabi/lib/thumb/v6-m/libg.a(lib_a-reent.o)
[...]
Memory Configuration

Name             Origin             Length             Attributes
FLASH            0x0000000010000000 0x0000000000200000 xr
RAM              0x0000000020000000 0x0000000000040000 xrw
SCRATCH_X        0x0000000020040000 0x0000000000001000 xrw
SCRATCH_Y        0x0000000020041000 0x0000000000001000 xrw
*default*        0x0000000000000000 0xffffffffffffffff

Linker script and memory map

LOAD /usr/lib/gcc/arm-none-eabi/6.3.1/thumb/v6-m/crti.o
LOAD /usr/lib/gcc/arm-none-eabi/6.3.1/thumb/v6-m/crtbegin.o
LOAD /usr/lib/gcc/arm-none-eabi/6.3.1/../../../arm-none-eabi/lib/thumb/v6-m/crt0.o

.flash_begin    0x0000000010000000        0x0
                0x0000000010000000                __flash_binary_start = .

.boot2          0x0000000010000000      0x100
                0x0000000010000000                __boot2_start__ = .
 *(.boot2)
 .boot2         0x0000000010000000      0x100 /tmp/ccoA2irm.o
                0x0000000010000100                __boot2_end__ = .
                0x0000000000000001                ASSERT (((__boot2_end__ - __boot2_start__) == 0x100), ERROR: Pico second stage bootloader must be 256 bytes in size)

.text           0x0000000010000100     0x7320
                0x0000000010000100                __logical_binary_start = .
 *(.vectors)
 .vectors       0x0000000010000100       0xd4 CMakeFiles/HP03_VD.dir/home/avinash/rpi_pico/pico/pico-sdk/src/rp2_common/pico_standard_link/crt0.S.obj
                0x0000000010000100                __vectors
                0x0000000010000100                __VECTOR_TABLE
                0x00000000100001c0                isr_invalid
                0x00000000100001c0                __default_isrs_start
                0x00000000100001c2                isr_nmi
                0x00000000100001c4                isr_hardfault
                0x00000000100001c6                isr_svcall
                0x00000000100001c8                isr_pendsv
                0x00000000100001ca                isr_systick
                0x00000000100001cc                isr_irq30
                0x00000000100001cc                __unhandled_user_irq
                0x00000000100001cc                isr_irq13
                0x00000000100001cc                isr_irq27
                0x00000000100001cc                isr_irq31
                0x00000000100001cc                isr_irq5
                0x00000000100001cc                isr_irq11
                0x00000000100001cc                isr_irq23
                0x00000000100001cc                isr_irq18
                0x00000000100001cc                isr_irq28
                0x00000000100001cc                isr_irq19
                0x00000000100001cc                isr_irq0
                0x00000000100001cc                isr_irq6
                0x00000000100001cc                isr_irq22
                0x00000000100001cc                isr_irq17
                0x00000000100001cc                isr_irq14
                0x00000000100001cc                isr_irq2
                0x00000000100001cc                isr_irq10
                0x00000000100001cc                isr_irq8
                0x00000000100001cc                isr_irq24
                0x00000000100001cc                isr_irq1
                0x00000000100001cc                isr_irq7
                0x00000000100001cc                isr_irq21
                0x00000000100001cc                isr_irq20
                0x00000000100001cc                isr_irq15
                0x00000000100001cc                isr_irq25
                0x00000000100001cc                isr_irq4
                0x00000000100001cc                isr_irq16
                0x00000000100001cc                isr_irq29
                0x00000000100001cc                isr_irq26
                0x00000000100001cc                __default_isrs_end
                0x00000000100001cc                isr_irq3
                0x00000000100001cc                isr_irq12
                0x00000000100001cc                isr_irq9
                0x00000000100001d2                unhandled_user_irq_num_in_r0
 *(.binary_info_header)
 .binary_info_header
                0x00000000100001d4       0x14 CMakeFiles/HP03_VD.dir/home/avinash/rpi_pico/pico/pico-sdk/src/rp2_common/pico_standard_link/crt0.S.obj
                0x00000000100001e8                __binary_info_header_end = .
 *(.reset)
 .reset         0x00000000100001e8       0xa8 CMakeFiles/HP03_VD.dir/home/avinash/rpi_pico/pico/pico-sdk/src/rp2_common/pico_standard_link/crt0.S.obj
                0x00000000100001e8                _entry_point
                0x0000000010000266                __get_current_exception
 .reset         0x0000000010000290       0x30 CMakeFiles/HP03_VD.dir/home/avinash/rpi_pico/pico/pico-sdk/src/rp2_common/pico_standard_link/binary_info.c.obj
 *(.init)
 .init          0x00000000100002c0        0x4 /usr/lib/gcc/arm-none-eabi/6.3.1/thumb/v6-m/crti.o
                0x00000000100002c0                _init
 *(EXCLUDE_FILE(*libm.a: *libc.a:*lib_a-mem*.o *libgcc.a:) .text*)
 .text          0x00000000100002c4       0xb4 /usr/lib/gcc/arm-none-eabi/6.3.1/thumb/v6-m/crtbegin.o
 .text._Z11init_sensorv
                0x0000000010000378       0x4c CMakeFiles/HP03_VD.dir/src/VD.cpp.obj
                0x0000000010000378                init_sensor()
 .text._Z11init_driverv
                0x00000000100003c4       0x58 CMakeFiles/HP03_VD.dir/src/VD.cpp.obj
                0x00000000100003c4                init_driver()
 .text._Z11getVelocityiii
                0x000000001000041c       0x26 CMakeFiles/HP03_VD.dir/src/VD.cpp.obj
                0x000000001000041c                getVelocity(int, int, int)
 *fill*         0x0000000010000442        0x2 
 .text._Z5drivei
                0x0000000010000444       0x50 CMakeFiles/HP03_VD.dir/src/VD.cpp.obj
                0x0000000010000444                drive(int)
 .text._Z7controlfii
                0x0000000010000494       0x44 CMakeFiles/HP03_VD.dir/src/VD.cpp.obj
                0x0000000010000494                control(float, int, int)
 .text.main     0x00000000100004d8       0x7c CMakeFiles/HP03_VD.dir/src/VD.cpp.obj
                0x00000000100004d8                main
 .text.gpio_set_function
                0x0000000010000554       0x30 CMakeFiles/HP03_VD.dir/home/avinash/rpi_pico/pico/pico-sdk/src/rp2_common/hardware_gpio/gpio.c.obj
                0x0000000010000554                gpio_set_function
 .text.gpio_set_pulls
                0x0000000010000584       0x34 CMakeFiles/HP03_VD.dir/home/avinash/rpi_pico/pico/pico-sdk/src/rp2_common/hardware_gpio/gpio.c.obj
                0x0000000010000584                gpio_set_pulls
 .text.gpio_set_input_enabled
                0x00000000100005b8       0x30 CMakeFiles/HP03_VD.dir/home/avinash/rpi_pico/pico/pico-sdk/src/rp2_common/hardware_gpio/gpio.c.obj
                0x00000000100005b8                gpio_set_input_enabled
 .text.gpio_init
                0x00000000100005e8       0x16 CMakeFiles/HP03_VD.dir/home/avinash/rpi_pico/pico/pico-sdk/src/rp2_common/hardware_gpio/gpio.c.obj
                0x00000000100005e8                gpio_init
 *fill*         0x00000000100005fe        0x2 
 .text.hw_claim_lock
                0x0000000010000600       0x18 CMakeFiles/HP03_VD.dir/home/avinash/rpi_pico/pico/pico-sdk/src/rp2_common/hardware_claim/claim.c.obj
                0x0000000010000600                hw_claim_lock
 .text.hw_claim_unlock
                0x0000000010000618       0x14 CMakeFiles/HP03_VD.dir/home/avinash/rpi_pico/pico/pico-sdk/src/rp2_common/hardware_claim/claim.c.obj
                0x0000000010000618                hw_claim_unlock
 .text.hw_claim_or_assert
                0x000000001000062c       0x32 CMakeFiles/HP03_VD.dir/home/avinash/rpi_pico/pico/pico-sdk/src/rp2_common/hardware_claim/claim.c.obj
                0x000000001000062c                hw_claim_or_assert
 .text.hw_claim_unused_from_range
                0x000000001000065e       0x50 CMakeFiles/HP03_VD.dir/home/avinash/rpi_pico/pico/pico-sdk/src/rp2_common/hardware_claim/claim.c.obj
                0x000000001000065e                hw_claim_unused_from_range
 *fill*         0x00000000100006ae        0x2 
 .text.running_on_fpga
                0x00000000100006b0       0x14 CMakeFiles/HP03_VD.dir/home/avinash/rpi_pico/pico/pico-sdk/src/rp2_common/pico_platform/platform.c.obj
                0x00000000100006b0                running_on_fpga
 .text.spin_locks_reset
                0x00000000100006c4       0x20 CMakeFiles/HP03_VD.dir/home/avinash/rpi_pico/pico/pico-sdk/src/rp2_common/hardware_sync/sync.c.obj
                0x00000000100006c4                spin_locks_reset
 .text.next_striped_spin_lock_num
                0x00000000100006e4       0x1c CMakeFiles/HP03_VD.dir/home/avinash/rpi_pico/pico/pico-sdk/src/rp2_common/hardware_sync/sync.c.obj
                0x00000000100006e4                next_striped_spin_lock_num
 .text.spin_lock_claim_unused
                0x0000000010000700       0x20 CMakeFiles/HP03_VD.dir/home/avinash/rpi_pico/pico/pico-sdk/src/rp2_common/hardware_sync/sync.c.obj
                0x0000000010000700                spin_lock_claim_unused
 .text.alarm_pool_post_alloc_init
                0x0000000010000720       0x40 CMakeFiles/HP03_VD.dir/home/avinash/rpi_pico/pico/pico-sdk/src/common/pico_time/time.c.obj
 .text.sleep_until_callback
                0x0000000010000760       0x30 CMakeFiles/HP03_VD.dir/home/avinash/rpi_pico/pico/pico-sdk/src/common/pico_time/time.c.obj
 .text.timer_pool_entry_comparator
                0x0000000010000790       0x7c CMakeFiles/HP03_VD.dir/home/avinash/rpi_pico/pico/pico-sdk/src/common/pico_time/time.c.obj
                0x0000000010000790                timer_pool_entry_comparator
 .text.ph_add_child_node
                0x000000001000080c       0xa4 CMakeFiles/HP03_VD.dir/home/avinash/rpi_pico/pico/pico-sdk/src/common/pico_time/time.c.obj
 .text.ph_merge_nodes
                0x00000000100008b0       0x3e CMakeFiles/HP03_VD.dir/home/avinash/rpi_pico/pico/pico-sdk/src/common/pico_time/time.c.obj
 *fill*         0x00000000100008ee        0x2 
 .text.add_alarm_under_lock
                0x00000000100008f0      0x17c CMakeFiles/HP03_VD.dir/home/avinash/rpi_pico/pico/pico-sdk/src/common/pico_time/time.c.obj
 .text.alarm_pool_alarm_callback
                0x0000000010000a6c      0x330 CMakeFiles/HP03_VD.dir/home/avinash/rpi_pico/pico/pico-sdk/src/common/pico_time/time.c.obj
 .text.alarm_pool_init_default
                0x0000000010000d9c       0x38 CMakeFiles/HP03_VD.dir/home/avinash/rpi_pico/pico/pico-sdk/src/common/pico_time/time.c.obj
                0x0000000010000d9c                alarm_pool_init_default
 .text.alarm_pool_get_default
                0x0000000010000dd4       0x2c CMakeFiles/HP03_VD.dir/home/avinash/rpi_pico/pico/pico-sdk/src/common/pico_time/time.c.obj
                0x0000000010000dd4                alarm_pool_get_default
 .text.alarm_pool_add_alarm_at
                0x0000000010000e00      0x164 CMakeFiles/HP03_VD.dir/home/avinash/rpi_pico/pico/pico-sdk/src/common/pico_time/time.c.obj
                0x0000000010000e00                alarm_pool_add_alarm_at
 .text.alarm_pool_cancel_alarm
                0x0000000010000f64       0xec CMakeFiles/HP03_VD.dir/home/avinash/rpi_pico/pico/pico-sdk/src/common/pico_time/time.c.obj
                0x0000000010000f64                alarm_pool_cancel_alarm
 .text.sleep_until
                0x0000000010001050       0xfc CMakeFiles/HP03_VD.dir/home/avinash/rpi_pico/pico/pico-sdk/src/common/pico_time/time.c.obj
                0x0000000010001050                sleep_until
 .text.sleep_us
                0x000000001000114c       0x54 CMakeFiles/HP03_VD.dir/home/avinash/rpi_pico/pico/pico-sdk/src/common/pico_time/time.c.obj
                0x000000001000114c                sleep_us
 .text.sleep_ms
                0x00000000100011a0       0x14 CMakeFiles/HP03_VD.dir/home/avinash/rpi_pico/pico/pico-sdk/src/common/pico_time/time.c.obj
                0x00000000100011a0                sleep_ms
 .text.best_effort_wfe_or_timeout
                0x00000000100011b4       0x80 CMakeFiles/HP03_VD.dir/home/avinash/rpi_pico/pico/pico-sdk/src/common/pico_time/time.c.obj
                0x00000000100011b4                best_effort_wfe_or_timeout
 .text.hardware_alarm_irq_handler
                0x0000000010001234       0x8c CMakeFiles/HP03_VD.dir/home/avinash/rpi_pico/pico/pico-sdk/src/rp2_common/hardware_timer/timer.c.obj
 .text.hardware_alarm_claim
                0x00000000100012c0       0x18 CMakeFiles/HP03_VD.dir/home/avinash/rpi_pico/pico/pico-sdk/src/rp2_common/hardware_timer/timer.c.obj
                0x00000000100012c0                hardware_alarm_claim
 .text.time_us_64
                0x00000000100012d8       0x18 CMakeFiles/HP03_VD.dir/home/avinash/rpi_pico/pico/pico-sdk/src/rp2_common/hardware_timer/timer.c.obj
                0x00000000100012d8                time_us_64
 .text.busy_wait_until
                0x00000000100012f0       0x28 CMakeFiles/HP03_VD.dir/home/avinash/rpi_pico/pico/pico-sdk/src/rp2_common/hardware_timer/timer.c.obj
                0x00000000100012f0                busy_wait_until
 .text.hardware_alarm_set_callback
                0x0000000010001318       0x90 CMakeFiles/HP03_VD.dir/home/avinash/rpi_pico/pico/pico-sdk/src/rp2_common/hardware_timer/timer.c.obj
                0x0000000010001318                hardware_alarm_set_callback
 .text.hardware_alarm_set_target
                0x00000000100013a8       0xe8 CMakeFiles/HP03_VD.dir/home/avinash/rpi_pico/pico/pico-sdk/src/rp2_common/hardware_timer/timer.c.obj
                0x00000000100013a8                hardware_alarm_set_target
 .text.hardware_alarm_cancel
                0x0000000010001490       0x40 CMakeFiles/HP03_VD.dir/home/avinash/rpi_pico/pico/pico-sdk/src/rp2_common/hardware_timer/timer.c.obj
                0x0000000010001490                hardware_alarm_cancel
 .text.lock_init
                0x00000000100014d0       0x10 CMakeFiles/HP03_VD.dir/home/avinash/rpi_pico/pico/pico-sdk/src/common/pico_sync/lock_core.c.obj
                0x00000000100014d0                lock_init
 .text.mutex_init
                0x00000000100014e0       0x1a CMakeFiles/HP03_VD.dir/home/avinash/rpi_pico/pico/pico-sdk/src/common/pico_sync/mutex.c.obj
                0x00000000100014e0                mutex_init
 .text.recursive_mutex_init
                0x00000000100014fa       0x1e CMakeFiles/HP03_VD.dir/home/avinash/rpi_pico/pico/pico-sdk/src/common/pico_sync/mutex.c.obj
                0x00000000100014fa                recursive_mutex_init
 .text.critical_section_init_with_lock_num
                0x0000000010001518       0x14 CMakeFiles/HP03_VD.dir/home/avinash/rpi_pico/pico/pico-sdk/src/common/pico_sync/critical_section.c.obj
                0x0000000010001518                critical_section_init_with_lock_num
 .text.critical_section_init
                0x000000001000152c       0x14 CMakeFiles/HP03_VD.dir/home/avinash/rpi_pico/pico/pico-sdk/src/common/pico_sync/critical_section.c.obj
                0x000000001000152c                critical_section_init
 .text.ph_add_child_node
                0x0000000010001540       0xa4 CMakeFiles/HP03_VD.dir/home/avinash/rpi_pico/pico/pico-sdk/src/common/pico_util/pheap.c.obj
 .text.ph_merge_nodes
                0x00000000100015e4       0x3e CMakeFiles/HP03_VD.dir/home/avinash/rpi_pico/pico/pico-sdk/src/common/pico_util/pheap.c.obj
 *fill*         0x0000000010001622        0x2 
 .text.ph_clear
                0x0000000010001624       0x70 CMakeFiles/HP03_VD.dir/home/avinash/rpi_pico/pico/pico-sdk/src/common/pico_util/pheap.c.obj
                0x0000000010001624                ph_clear
 .text.ph_post_alloc_init
                0x0000000010001694        0xe CMakeFiles/HP03_VD.dir/home/avinash/rpi_pico/pico/pico-sdk/src/common/pico_util/pheap.c.obj
                0x0000000010001694                ph_post_alloc_init
 *fill*         0x00000000100016a2        0x2 
 .text.ph_merge_two_pass
                0x00000000100016a4       0x88 CMakeFiles/HP03_VD.dir/home/avinash/rpi_pico/pico/pico-sdk/src/common/pico_util/pheap.c.obj
                0x00000000100016a4                ph_merge_two_pass
 .text.ph_remove_any_head
                0x000000001000172c      0x108 CMakeFiles/HP03_VD.dir/home/avinash/rpi_pico/pico/pico-sdk/src/common/pico_util/pheap.c.obj
 .text.ph_remove_head
                0x0000000010001834       0x14 CMakeFiles/HP03_VD.dir/home/avinash/rpi_pico/pico/pico-sdk/src/common/pico_util/pheap.c.obj
                0x0000000010001834                ph_remove_head
 .text.ph_remove_and_free_node
                0x0000000010001848      0x100 CMakeFiles/HP03_VD.dir/home/avinash/rpi_pico/pico/pico-sdk/src/common/pico_util/pheap.c.obj
                0x0000000010001848                ph_remove_and_free_node
 .text._exit    0x0000000010001948        0x4 CMakeFiles/HP03_VD.dir/home/avinash/rpi_pico/pico/pico-sdk/src/rp2_common/pico_runtime/runtime.c.obj
                0x0000000010001948                _exit
 .text.exit     0x000000001000194c        0x6 CMakeFiles/HP03_VD.dir/home/avinash/rpi_pico/pico/pico-sdk/src/rp2_common/pico_runtime/runtime.c.obj
                0x000000001000194c                exit
 *fill*         0x0000000010001952        0x2 
 .text.__assert_func
                0x0000000010001954       0x3c CMakeFiles/HP03_VD.dir/home/avinash/rpi_pico/pico/pico-sdk/src/rp2_common/pico_runtime/runtime.c.obj
                0x0000000010001954                __assert_func
 .text.runtime_init
                0x0000000010001990       0xf8 CMakeFiles/HP03_VD.dir/home/avinash/rpi_pico/pico/pico-sdk/src/rp2_common/pico_runtime/runtime.c.obj
                0x0000000010001990                runtime_init
 .text.panic    0x0000000010001a88       0x30 CMakeFiles/HP03_VD.dir/home/avinash/rpi_pico/pico/pico-sdk/src/rp2_common/pico_runtime/runtime.c.obj
                0x0000000010001a88                panic
 .text.clock_configure
                0x0000000010001ab8      0x100 CMakeFiles/HP03_VD.dir/home/avinash/rpi_pico/pico/pico-sdk/src/rp2_common/hardware_clocks/clocks.c.obj
                0x0000000010001ab8                clock_configure
 .text.clocks_init
                0x0000000010001bb8      0x100 CMakeFiles/HP03_VD.dir/home/avinash/rpi_pico/pico/pico-sdk/src/rp2_common/hardware_clocks/clocks.c.obj
                0x0000000010001bb8                clocks_init
 .text.set_raw_irq_handler_and_unlock
                0x0000000010001cb8       0x28 CMakeFiles/HP03_VD.dir/home/avinash/rpi_pico/pico/pico-sdk/src/rp2_common/hardware_irq/irq.c.obj
 .text.make_branch
                0x0000000010001ce0       0x48 CMakeFiles/HP03_VD.dir/home/avinash/rpi_pico/pico/pico-sdk/src/rp2_common/hardware_irq/irq.c.obj
 .text.insert_branch_and_link
                0x0000000010001d28       0x40 CMakeFiles/HP03_VD.dir/home/avinash/rpi_pico/pico/pico-sdk/src/rp2_common/hardware_irq/irq.c.obj
 .text.irq_is_enabled
                0x0000000010001d68       0x18 CMakeFiles/HP03_VD.dir/home/avinash/rpi_pico/pico/pico-sdk/src/rp2_common/hardware_irq/irq.c.obj
                0x0000000010001d68                irq_is_enabled
 .text.irq_set_mask_enabled
                0x0000000010001d80       0x20 CMakeFiles/HP03_VD.dir/home/avinash/rpi_pico/pico/pico-sdk/src/rp2_common/hardware_irq/irq.c.obj
                0x0000000010001d80                irq_set_mask_enabled
 .text.irq_set_enabled
                0x0000000010001da0        0xe CMakeFiles/HP03_VD.dir/home/avinash/rpi_pico/pico/pico-sdk/src/rp2_common/hardware_irq/irq.c.obj
                0x0000000010001da0                irq_set_enabled
 *fill*         0x0000000010001dae        0x2 
 .text.irq_set_pending
                0x0000000010001db0       0x10 CMakeFiles/HP03_VD.dir/home/avinash/rpi_pico/pico/pico-sdk/src/rp2_common/hardware_irq/irq.c.obj
                0x0000000010001db0                irq_set_pending
 .text.irq_get_vtable_handler
                0x0000000010001dc0       0x10 CMakeFiles/HP03_VD.dir/home/avinash/rpi_pico/pico/pico-sdk/src/rp2_common/hardware_irq/irq.c.obj
                0x0000000010001dc0                irq_get_vtable_handler
 .text.irq_set_exclusive_handler
                0x0000000010001dd0       0x54 CMakeFiles/HP03_VD.dir/home/avinash/rpi_pico/pico/pico-sdk/src/rp2_common/hardware_irq/irq.c.obj
                0x0000000010001dd0                irq_set_exclusive_handler
 .text.irq_remove_handler
                0x0000000010001e24      0x1a4 CMakeFiles/HP03_VD.dir/home/avinash/rpi_pico/pico/pico-sdk/src/rp2_common/hardware_irq/irq.c.obj
                0x0000000010001e24                irq_remove_handler
 .text.irq_add_tail_to_free_list
                0x0000000010001fc8       0xfc CMakeFiles/HP03_VD.dir/home/avinash/rpi_pico/pico/pico-sdk/src/rp2_common/hardware_irq/irq.c.obj
                0x0000000010001fc8                irq_add_tail_to_free_list
 .text.irq_init_priorities
                0x00000000100020c4       0x1c CMakeFiles/HP03_VD.dir/home/avinash/rpi_pico/pico/pico-sdk/src/rp2_common/hardware_irq/irq.c.obj
                0x00000000100020c4                irq_init_priorities
 .text.pll_init
                0x00000000100020e0      0x118 CMakeFiles/HP03_VD.dir/home/avinash/rpi_pico/pico/pico-sdk/src/rp2_common/hardware_pll/pll.c.obj
                0x00000000100020e0                pll_init
 .text.watchdog_start_tick
                0x00000000100021f8       0x10 CMakeFiles/HP03_VD.dir/home/avinash/rpi_pico/pico/pico-sdk/src/rp2_common/hardware_watchdog/watchdog.c.obj
                0x00000000100021f8                watchdog_start_tick
 .text.watchdog_update
                0x0000000010002208       0x14 CMakeFiles/HP03_VD.dir/home/avinash/rpi_pico/pico/pico-sdk/src/rp2_common/hardware_watchdog/watchdog.c.obj
                0x0000000010002208                watchdog_update
 .text._watchdog_enable
                0x000000001000221c       0x70 CMakeFiles/HP03_VD.dir/home/avinash/rpi_pico/pico/pico-sdk/src/rp2_common/hardware_watchdog/watchdog.c.obj
                0x000000001000221c                _watchdog_enable
 .text.watchdog_reboot
                0x000000001000228c       0x44 CMakeFiles/HP03_VD.dir/home/avinash/rpi_pico/pico/pico-sdk/src/rp2_common/hardware_watchdog/watchdog.c.obj
                0x000000001000228c                watchdog_reboot
 .text.xosc_init
                0x00000000100022d0       0x28 CMakeFiles/HP03_VD.dir/home/avinash/rpi_pico/pico/pico-sdk/src/rp2_common/hardware_xosc/xosc.c.obj
                0x00000000100022d0                xosc_init
 .text._out_null
                0x00000000100022f8        0x2 CMakeFiles/HP03_VD.dir/home/avinash/rpi_pico/pico/pico-sdk/src/rp2_common/pico_printf/printf.c.obj
 .text._out_fct
                0x00000000100022fa       0x10 CMakeFiles/HP03_VD.dir/home/avinash/rpi_pico/pico/pico-sdk/src/rp2_common/pico_printf/printf.c.obj
 .text._atoi    0x000000001000230a       0x28 CMakeFiles/HP03_VD.dir/home/avinash/rpi_pico/pico/pico-sdk/src/rp2_common/pico_printf/printf.c.obj
 .text._out_rev
                0x0000000010002332       0xa2 CMakeFiles/HP03_VD.dir/home/avinash/rpi_pico/pico/pico-sdk/src/rp2_common/pico_printf/printf.c.obj
 .text._ntoa_format
                0x00000000100023d4      0x10e CMakeFiles/HP03_VD.dir/home/avinash/rpi_pico/pico/pico-sdk/src/rp2_common/pico_printf/printf.c.obj
 .text._ntoa_long
                0x00000000100024e2       0x9e CMakeFiles/HP03_VD.dir/home/avinash/rpi_pico/pico/pico-sdk/src/rp2_common/pico_printf/printf.c.obj
 .text._ntoa_long_long
                0x0000000010002580       0xde CMakeFiles/HP03_VD.dir/home/avinash/rpi_pico/pico/pico-sdk/src/rp2_common/pico_printf/printf.c.obj
 *fill*         0x000000001000265e        0x2 
 .text._etoa    0x0000000010002660      0x410 CMakeFiles/HP03_VD.dir/home/avinash/rpi_pico/pico/pico-sdk/src/rp2_common/pico_printf/printf.c.obj
 .text._ftoa    0x0000000010002a70      0x33c CMakeFiles/HP03_VD.dir/home/avinash/rpi_pico/pico/pico-sdk/src/rp2_common/pico_printf/printf.c.obj
 .text._vsnprintf
                0x0000000010002dac      0x61c CMakeFiles/HP03_VD.dir/home/avinash/rpi_pico/pico/pico-sdk/src/rp2_common/pico_printf/printf.c.obj
 .text.vfctprintf
                0x00000000100033c8       0x20 CMakeFiles/HP03_VD.dir/home/avinash/rpi_pico/pico/pico-sdk/src/rp2_common/pico_printf/printf.c.obj
                0x00000000100033c8                vfctprintf
 .text          0x00000000100033e8       0x10 CMakeFiles/HP03_VD.dir/home/avinash/rpi_pico/pico/pico-sdk/src/rp2_common/pico_bit_ops/bit_ops_aeabi.S.obj
 .text.rom_func_lookup
                0x00000000100033f8       0x10 CMakeFiles/HP03_VD.dir/home/avinash/rpi_pico/pico/pico-sdk/src/rp2_common/pico_bootrom/bootrom.c.obj
                0x00000000100033f8                rom_func_lookup
 .text.rom_data_lookup
                0x0000000010003408       0x10 CMakeFiles/HP03_VD.dir/home/avinash/rpi_pico/pico/pico-sdk/src/rp2_common/pico_bootrom/bootrom.c.obj
                0x0000000010003408                rom_data_lookup
 .text.rom_funcs_lookup
                0x0000000010003418       0x36 CMakeFiles/HP03_VD.dir/home/avinash/rpi_pico/pico/pico-sdk/src/rp2_common/pico_bootrom/bootrom.c.obj
                0x0000000010003418                rom_funcs_lookup
 *fill*         0x000000001000344e        0x2 
 .text.__wrap___aeabi_idiv
                0x0000000010003450       0x50 CMakeFiles/HP03_VD.dir/home/avinash/rpi_pico/pico/pico-sdk/src/rp2_common/pico_divider/divider.S.obj
                0x0000000010003450                __wrap___aeabi_idivmod
                0x0000000010003450                divmod_s32s32
                0x0000000010003450                div_s32s32
                0x0000000010003450                __wrap___aeabi_idiv
                0x0000000010003458                divmod_s32s32_unsafe
                0x0000000010003484                divmod_s32s32_savestate
 .text.__wrap___aeabi_uidiv
                0x00000000100034a0       0x4c CMakeFiles/HP03_VD.dir/home/avinash/rpi_pico/pico/pico-sdk/src/rp2_common/pico_divider/divider.S.obj
                0x00000000100034a0                __wrap___aeabi_uidiv
                0x00000000100034a0                __wrap___aeabi_uidivmod
                0x00000000100034a0                div_u32u32
                0x00000000100034a0                divmod_u32u32
                0x00000000100034a8                divmod_u32u32_unsafe
                0x00000000100034d0                divmod_u32u32_savestate
 .text.__wrap___aeabi_ldiv
                0x00000000100034ec      0x434 CMakeFiles/HP03_VD.dir/home/avinash/rpi_pico/pico/pico-sdk/src/rp2_common/pico_divider/divider.S.obj
                0x00000000100034ec                div_s64s64
                0x00000000100034ec                divmod_s64s64
                0x00000000100034ec                __wrap___aeabi_ldivmod
                0x0000000010003524                div_u64u64
                0x0000000010003524                divmod_u64u64
                0x0000000010003524                __wrap___aeabi_uldivmod
                0x0000000010003534                divmod_u64u64_savestate
                0x000000001000355c                divmod_s64s64_unsafe
                0x00000000100035e4                divmod_u64u64_unsafe
 .text.__wrap___aeabi_darithmetic
                0x0000000010003920       0x80 CMakeFiles/HP03_VD.dir/home/avinash/rpi_pico/pico/pico-sdk/src/rp2_common/pico_double/double_aeabi.S.obj
                0x0000000010003920                __wrap___aeabi_drsub
                0x0000000010003926                __wrap___aeabi_dsub
                0x0000000010003938                __wrap___aeabi_dadd
                0x000000001000394a                __wrap___aeabi_ddiv
                0x0000000010003986                __wrap___aeabi_dmul
 .text.__wrap___aeabi_cdcmple
                0x00000000100039a0       0x6c CMakeFiles/HP03_VD.dir/home/avinash/rpi_pico/pico/pico-sdk/src/rp2_common/pico_double/double_aeabi.S.obj
                0x00000000100039a0                __wrap___aeabi_cdrcmple
                0x00000000100039b0                __wrap___aeabi_cdcmple
                0x00000000100039b0                __wrap___aeabi_cdcmpeq
 .text.__wrap___aeabi_dcmplt
                0x0000000010003a0c        0xc CMakeFiles/HP03_VD.dir/home/avinash/rpi_pico/pico/pico-sdk/src/rp2_common/pico_double/double_aeabi.S.obj
                0x0000000010003a0c                __wrap___aeabi_dcmplt
 .text.__wrap___aeabi_dcmple
                0x0000000010003a18       0x10 CMakeFiles/HP03_VD.dir/home/avinash/rpi_pico/pico/pico-sdk/src/rp2_common/pico_double/double_aeabi.S.obj
                0x0000000010003a18                __wrap___aeabi_dcmple
 .text.__wrap___aeabi_dcmpge
                0x0000000010003a28       0x10 CMakeFiles/HP03_VD.dir/home/avinash/rpi_pico/pico/pico-sdk/src/rp2_common/pico_double/double_aeabi.S.obj
                0x0000000010003a28                __wrap___aeabi_dcmpge
 .text.__wrap___aeabi_dcmpgt
                0x0000000010003a38        0xa CMakeFiles/HP03_VD.dir/home/avinash/rpi_pico/pico/pico-sdk/src/rp2_common/pico_double/double_aeabi.S.obj
                0x0000000010003a38                __wrap___aeabi_dcmpgt
 .text.__wrap___aeabi_dcmpun
                0x0000000010003a42       0x1c CMakeFiles/HP03_VD.dir/home/avinash/rpi_pico/pico/pico-sdk/src/rp2_common/pico_double/double_aeabi.S.obj
                0x0000000010003a42                __wrap___aeabi_dcmpun
 *fill*         0x0000000010003a5e        0x2 
 .text.__wrap___aeabi_i2d
                0x0000000010003a60       0x38 CMakeFiles/HP03_VD.dir/home/avinash/rpi_pico/pico/pico-sdk/src/rp2_common/pico_double/double_aeabi.S.obj
                0x0000000010003a60                __wrap___aeabi_ui2d
                0x0000000010003a68                __wrap___aeabi_i2d
 .text.__wrap___aeabi_d2iz
                0x0000000010003a98       0x48 CMakeFiles/HP03_VD.dir/home/avinash/rpi_pico/pico/pico-sdk/src/rp2_common/pico_double/double_aeabi.S.obj
                0x0000000010003a98                __wrap___aeabi_d2iz
                0x0000000010003a98                double2int_z
 .text.__wrap___aeabi_d2uiz
                0x0000000010003ae0       0x18 CMakeFiles/HP03_VD.dir/home/avinash/rpi_pico/pico/pico-sdk/src/rp2_common/pico_double/double_aeabi.S.obj
                0x0000000010003ae0                double2uint
                0x0000000010003ae0                __wrap___aeabi_d2uiz
 .text.__aeabi_double_init
                0x0000000010003af8       0xc8 CMakeFiles/HP03_VD.dir/home/avinash/rpi_pico/pico/pico-sdk/src/rp2_common/pico_double/double_init_rom.c.obj
                0x0000000010003af8                __aeabi_double_init
 .text.double_table_shim_on_use_helper
                0x0000000010003bc0       0x34 CMakeFiles/HP03_VD.dir/home/avinash/rpi_pico/pico/pico-sdk/src/rp2_common/pico_double/double_v1_rom_shim.S.obj
                0x0000000010003bc0                double_table_shim_on_use_helper
 .text.__wrap___aeabi_dsub
                0x0000000010003bf4       0x10 CMakeFiles/HP03_VD.dir/home/avinash/rpi_pico/pico/pico-sdk/src/rp2_common/pico_double/double_v1_rom_shim.S.obj
                0x0000000010003bf4                drsub_shim
                0x0000000010003bfa                dsub_shim
 .text.dadd_shim
                0x0000000010003c04      0x15c CMakeFiles/HP03_VD.dir/home/avinash/rpi_pico/pico/pico-sdk/src/rp2_common/pico_double/double_v1_rom_shim.S.obj
                0x0000000010003c04                dadd_shim
 .text.dmul_shim
                0x0000000010003d60      0x15c CMakeFiles/HP03_VD.dir/home/avinash/rpi_pico/pico/pico-sdk/src/rp2_common/pico_double/double_v1_rom_shim.S.obj
                0x0000000010003d60                dmul_shim
 .text.ddiv_shim
                0x0000000010003ebc      0x1b0 CMakeFiles/HP03_VD.dir/home/avinash/rpi_pico/pico/pico-sdk/src/rp2_common/pico_double/double_v1_rom_shim.S.obj
                0x0000000010003ebc                ddiv_shim
 .text.double2uint_shim
                0x000000001000406c        0xe CMakeFiles/HP03_VD.dir/home/avinash/rpi_pico/pico/pico-sdk/src/rp2_common/pico_double/double_v1_rom_shim.S.obj
                0x000000001000406c                double2uint_shim
                0x000000001000406e                double2ufix_shim
 *fill*         0x000000001000407a        0x2 
 .text.double2uint64_shim
                0x000000001000407c       0x70 CMakeFiles/HP03_VD.dir/home/avinash/rpi_pico/pico/pico-sdk/src/rp2_common/pico_double/double_v1_rom_shim.S.obj
                0x000000001000407c                double2uint64_shim
                0x000000001000407e                double2ufix64_shim
                0x000000001000409e                d2fix_a
 .text.dunpacks
                0x00000000100040ec       0x3c CMakeFiles/HP03_VD.dir/home/avinash/rpi_pico/pico/pico-sdk/src/rp2_common/pico_double/double_v1_rom_shim.S.obj
                0x00000000100040ec                dunpacks
 .text.__aeabi_lmul
                0x0000000010004128       0x32 CMakeFiles/HP03_VD.dir/home/avinash/rpi_pico/pico/pico-sdk/src/rp2_common/pico_int64_ops/pico_int64_ops_aeabi.S.obj
                0x0000000010004128                __wrap___aeabi_lmul
 *fill*         0x000000001000415a        0x2 
 .text.__wrap___aeabi_farithmetic
                0x000000001000415c       0x58 CMakeFiles/HP03_VD.dir/home/avinash/rpi_pico/pico/pico-sdk/src/rp2_common/pico_float/float_aeabi.S.obj
                0x000000001000415c                __wrap___aeabi_frsub
                0x0000000010004162                __wrap___aeabi_fsub
                0x000000001000416c                __wrap___aeabi_fadd
                0x0000000010004176                __wrap___aeabi_fdiv
                0x00000000100041a2                __wrap___aeabi_fmul
 .text.__wrap___aeabi_cfcmple
                0x00000000100041b4       0x50 CMakeFiles/HP03_VD.dir/home/avinash/rpi_pico/pico/pico-sdk/src/rp2_common/pico_float/float_aeabi.S.obj
                0x00000000100041b4                __wrap___aeabi_cfrcmple
                0x00000000100041c0                __wrap___aeabi_cfcmpeq
                0x00000000100041c0                __wrap___aeabi_cfcmple
 .text.__wrap___aeabi_fcmplt
                0x0000000010004204        0xc CMakeFiles/HP03_VD.dir/home/avinash/rpi_pico/pico/pico-sdk/src/rp2_common/pico_float/float_aeabi.S.obj
                0x0000000010004204                __wrap___aeabi_fcmplt
 .text.__wrap___aeabi_fcmpgt
                0x0000000010004210        0xa CMakeFiles/HP03_VD.dir/home/avinash/rpi_pico/pico/pico-sdk/src/rp2_common/pico_float/float_aeabi.S.obj
                0x0000000010004210                __wrap___aeabi_fcmpgt
 *fill*         0x000000001000421a        0x2 
 .text.__wrap___aeabi_i2f
                0x000000001000421c       0x44 CMakeFiles/HP03_VD.dir/home/avinash/rpi_pico/pico/pico-sdk/src/rp2_common/pico_float/float_aeabi.S.obj
                0x000000001000421c                __wrap___aeabi_i2f
 .text.__wrap___aeabi_f2iz
                0x0000000010004260       0x4e CMakeFiles/HP03_VD.dir/home/avinash/rpi_pico/pico/pico-sdk/src/rp2_common/pico_float/float_aeabi.S.obj
                0x0000000010004260                __wrap___aeabi_f2iz
                0x0000000010004260                float2int_z
 *fill*         0x00000000100042ae        0x2 
 .text.float2int
                0x00000000100042b0       0x14 CMakeFiles/HP03_VD.dir/home/avinash/rpi_pico/pico/pico-sdk/src/rp2_common/pico_float/float_aeabi.S.obj
                0x00000000100042b0                float2int
 .text.__wrap___aeabi_f2uiz
                0x00000000100042c4       0x10 CMakeFiles/HP03_VD.dir/home/avinash/rpi_pico/pico/pico-sdk/src/rp2_common/pico_float/float_aeabi.S.obj
                0x00000000100042c4                __wrap___aeabi_f2uiz
 .text.__wrap___aeabi_f2d
                0x00000000100042d4       0x14 CMakeFiles/HP03_VD.dir/home/avinash/rpi_pico/pico/pico-sdk/src/rp2_common/pico_float/float_aeabi.S.obj
                0x00000000100042d4                __wrap___aeabi_f2d
 .text.__aeabi_float_init
                0x00000000100042e8       0xfc CMakeFiles/HP03_VD.dir/home/avinash/rpi_pico/pico/pico-sdk/src/rp2_common/pico_float/float_init_rom.c.obj
                0x00000000100042e8                __aeabi_float_init
 .text.__wrap_roundf
                0x00000000100043e4       0x3c CMakeFiles/HP03_VD.dir/home/avinash/rpi_pico/pico/pico-sdk/src/rp2_common/pico_float/float_math.c.obj
                0x00000000100043e4                __wrap_roundf
 .text.float_table_shim_on_use_helper
                0x0000000010004420       0x34 CMakeFiles/HP03_VD.dir/home/avinash/rpi_pico/pico/pico-sdk/src/rp2_common/pico_float/float_v1_rom_shim.S.obj
                0x0000000010004420                float_table_shim_on_use_helper
 .text.float232_shims
                0x0000000010004454       0x18 CMakeFiles/HP03_VD.dir/home/avinash/rpi_pico/pico/pico-sdk/src/rp2_common/pico_float/float_v1_rom_shim.S.obj
                0x0000000010004454                float2int_shim
                0x0000000010004456                float2fix_shim
 .text.float2double_shim
                0x000000001000446c       0x30 CMakeFiles/HP03_VD.dir/home/avinash/rpi_pico/pico/pico-sdk/src/rp2_common/pico_float/float_v1_rom_shim.S.obj
                0x000000001000446c                float2double_shim
 .text          0x000000001000449c       0x10 CMakeFiles/HP03_VD.dir/home/avinash/rpi_pico/pico/pico-sdk/src/rp2_common/pico_mem_ops/mem_ops_aeabi.S.obj
                0x000000001000449c                __aeabi_mem_init
 .text.memset   0x00000000100044ac        0xc CMakeFiles/HP03_VD.dir/home/avinash/rpi_pico/pico/pico-sdk/src/rp2_common/pico_mem_ops/mem_ops_aeabi.S.obj
                0x00000000100044ac                __wrap_memset
 .text.memcpy   0x00000000100044b8        0xc CMakeFiles/HP03_VD.dir/home/avinash/rpi_pico/pico/pico-sdk/src/rp2_common/pico_mem_ops/mem_ops_aeabi.S.obj
                0x00000000100044b8                __wrap___aeabi_memcpy
                0x00000000100044b8                __wrap_memcpy
 .text.stdio_out_chars_no_crlf
                0x00000000100044c4        0xe CMakeFiles/HP03_VD.dir/home/avinash/rpi_pico/pico/pico-sdk/src/rp2_common/pico_stdio/stdio.c.obj
 *fill*         0x00000000100044d2        0x2 
 .text.stdio_out_chars_crlf
                0x00000000100044d4       0x84 CMakeFiles/HP03_VD.dir/home/avinash/rpi_pico/pico/pico-sdk/src/rp2_common/pico_stdio/stdio.c.obj
 .text.stdio_stack_buffer_flush
                0x0000000010004558       0x44 CMakeFiles/HP03_VD.dir/home/avinash/rpi_pico/pico/pico-sdk/src/rp2_common/pico_stdio/stdio.c.obj
 .text.stdio_buffered_printer
                0x000000001000459c       0x20 CMakeFiles/HP03_VD.dir/home/avinash/rpi_pico/pico/pico-sdk/src/rp2_common/pico_stdio/stdio.c.obj
 .text.stdout_serialize_begin
                0x00000000100045bc       0x30 CMakeFiles/HP03_VD.dir/home/avinash/rpi_pico/pico/pico-sdk/src/rp2_common/pico_stdio/stdio.c.obj
                0x00000000100045bc                stdout_serialize_begin
 .text.stdout_serialize_end
                0x00000000100045ec       0x10 CMakeFiles/HP03_VD.dir/home/avinash/rpi_pico/pico/pico-sdk/src/rp2_common/pico_stdio/stdio.c.obj
                0x00000000100045ec                stdout_serialize_end
 .text.stdio_put_string
                0x00000000100045fc       0x94 CMakeFiles/HP03_VD.dir/home/avinash/rpi_pico/pico/pico-sdk/src/rp2_common/pico_stdio/stdio.c.obj
 .text.stdio_set_driver_enabled
                0x0000000010004690       0x2c CMakeFiles/HP03_VD.dir/home/avinash/rpi_pico/pico/pico-sdk/src/rp2_common/pico_stdio/stdio.c.obj
                0x0000000010004690                stdio_set_driver_enabled
 .text.stdio_flush
                0x00000000100046bc       0x20 CMakeFiles/HP03_VD.dir/home/avinash/rpi_pico/pico/pico-sdk/src/rp2_common/pico_stdio/stdio.c.obj
                0x00000000100046bc                stdio_flush
 .text.__wrap_puts
                0x00000000100046dc       0x1e CMakeFiles/HP03_VD.dir/home/avinash/rpi_pico/pico/pico-sdk/src/rp2_common/pico_stdio/stdio.c.obj
                0x00000000100046dc                __wrap_puts
 *fill*         0x00000000100046fa        0x2 
 .text.__wrap_vprintf
                0x00000000100046fc       0x44 CMakeFiles/HP03_VD.dir/home/avinash/rpi_pico/pico/pico-sdk/src/rp2_common/pico_stdio/stdio.c.obj
                0x00000000100046fc                __wrap_vprintf
 .text.__wrap_printf
                0x0000000010004740       0x18 CMakeFiles/HP03_VD.dir/home/avinash/rpi_pico/pico/pico-sdk/src/rp2_common/pico_stdio/stdio.c.obj
                0x0000000010004740                __wrap_printf
 .text.stdio_init_all
                0x0000000010004758        0x8 CMakeFiles/HP03_VD.dir/home/avinash/rpi_pico/pico/pico-sdk/src/rp2_common/pico_stdio/stdio.c.obj
                0x0000000010004758                stdio_init_all
 .text.resetd_init
                0x0000000010004760        0x2 CMakeFiles/HP03_VD.dir/home/avinash/rpi_pico/pico/pico-sdk/src/rp2_common/pico_stdio_usb/reset_interface.c.obj
 *fill*         0x0000000010004762        0x2 
 .text.resetd_reset
                0x0000000010004764        0xc CMakeFiles/HP03_VD.dir/home/avinash/rpi_pico/pico/pico-sdk/src/rp2_common/pico_stdio_usb/reset_interface.c.obj
 .text.resetd_open
                0x0000000010004770       0x34 CMakeFiles/HP03_VD.dir/home/avinash/rpi_pico/pico/pico-sdk/src/rp2_common/pico_stdio_usb/reset_interface.c.obj
 .text.resetd_xfer_cb
                0x00000000100047a4        0x4 CMakeFiles/HP03_VD.dir/home/avinash/rpi_pico/pico/pico-sdk/src/rp2_common/pico_stdio_usb/reset_interface.c.obj
 .text.resetd_control_xfer_cb
                0x00000000100047a8       0x6c CMakeFiles/HP03_VD.dir/home/avinash/rpi_pico/pico/pico-sdk/src/rp2_common/pico_stdio_usb/reset_interface.c.obj
 .text.usbd_app_driver_get_cb
                0x0000000010004814        0xc CMakeFiles/HP03_VD.dir/home/avinash/rpi_pico/pico/pico-sdk/src/rp2_common/pico_stdio_usb/reset_interface.c.obj
                0x0000000010004814                usbd_app_driver_get_cb
 .text.tud_cdc_line_coding_cb
                0x0000000010004820       0x34 CMakeFiles/HP03_VD.dir/home/avinash/rpi_pico/pico/pico-sdk/src/rp2_common/pico_stdio_usb/reset_interface.c.obj
                0x0000000010004820                tud_cdc_line_coding_cb
 .text.stdio_usb_in_chars
                0x0000000010004854       0x70 CMakeFiles/HP03_VD.dir/home/avinash/rpi_pico/pico/pico-sdk/src/rp2_common/pico_stdio_usb/stdio_usb.c.obj
                0x0000000010004854                stdio_usb_in_chars
 .text.low_priority_worker_irq
                0x00000000100048c4       0x20 CMakeFiles/HP03_VD.dir/home/avinash/rpi_pico/pico/pico-sdk/src/rp2_common/pico_stdio_usb/stdio_usb.c.obj
 .text.stdio_usb_out_chars
                0x00000000100048e4       0xd4 CMakeFiles/HP03_VD.dir/home/avinash/rpi_pico/pico/pico-sdk/src/rp2_common/pico_stdio_usb/stdio_usb.c.obj
 .text.timer_task
                0x00000000100049b8       0x10 CMakeFiles/HP03_VD.dir/home/avinash/rpi_pico/pico/pico-sdk/src/rp2_common/pico_stdio_usb/stdio_usb.c.obj
 .text.stdio_usb_init
                0x00000000100049c8       0xb4 CMakeFiles/HP03_VD.dir/home/avinash/rpi_pico/pico/pico-sdk/src/rp2_common/pico_stdio_usb/stdio_usb.c.obj
                0x00000000100049c8                stdio_usb_init
 .text.tud_descriptor_device_cb
                0x0000000010004a7c        0x8 CMakeFiles/HP03_VD.dir/home/avinash/rpi_pico/pico/pico-sdk/src/rp2_common/pico_stdio_usb/stdio_usb_descriptors.c.obj
                0x0000000010004a7c                tud_descriptor_device_cb
 .text.tud_descriptor_configuration_cb
                0x0000000010004a84        0x8 CMakeFiles/HP03_VD.dir/home/avinash/rpi_pico/pico/pico-sdk/src/rp2_common/pico_stdio_usb/stdio_usb_descriptors.c.obj
                0x0000000010004a84                tud_descriptor_configuration_cb
 .text.tud_descriptor_string_cb
                0x0000000010004a8c       0x68 CMakeFiles/HP03_VD.dir/home/avinash/rpi_pico/pico/pico-sdk/src/rp2_common/pico_stdio_usb/stdio_usb_descriptors.c.obj
                0x0000000010004a8c                tud_descriptor_string_cb
 .text.hw_endpoint_get_by_addr
                0x0000000010004af4       0x18 CMakeFiles/HP03_VD.dir/home/avinash/rpi_pico/pico/pico-sdk/lib/tinyusb/src/portable/raspberrypi/rp2040/dcd_rp2040.c.obj
 .text.reset_ep0_pid
                0x0000000010004b0c       0x28 CMakeFiles/HP03_VD.dir/home/avinash/rpi_pico/pico/pico-sdk/lib/tinyusb/src/portable/raspberrypi/rp2040/dcd_rp2040.c.obj
 .text._hw_endpoint_alloc
                0x0000000010004b34       0x70 CMakeFiles/HP03_VD.dir/home/avinash/rpi_pico/pico/pico-sdk/lib/tinyusb/src/portable/raspberrypi/rp2040/dcd_rp2040.c.obj
 .text.hw_endpoint_init
                0x0000000010004ba4       0x88 CMakeFiles/HP03_VD.dir/home/avinash/rpi_pico/pico/pico-sdk/lib/tinyusb/src/portable/raspberrypi/rp2040/dcd_rp2040.c.obj
 .text.reset_non_control_endpoints
                0x0000000010004c2c       0x44 CMakeFiles/HP03_VD.dir/home/avinash/rpi_pico/pico/pico-sdk/lib/tinyusb/src/portable/raspberrypi/rp2040/dcd_rp2040.c.obj
 .text.hw_handle_buff_status
                0x0000000010004c70       0x8c CMakeFiles/HP03_VD.dir/home/avinash/rpi_pico/pico/pico-sdk/lib/tinyusb/src/portable/raspberrypi/rp2040/dcd_rp2040.c.obj
 .text.dcd_rp2040_irq
                0x0000000010004cfc       0xbc CMakeFiles/HP03_VD.dir/home/avinash/rpi_pico/pico/pico-sdk/lib/tinyusb/src/portable/raspberrypi/rp2040/dcd_rp2040.c.obj
 .text.hw_endpoint_xfer
                0x0000000010004db8       0x14 CMakeFiles/HP03_VD.dir/home/avinash/rpi_pico/pico/pico-sdk/lib/tinyusb/src/portable/raspberrypi/rp2040/dcd_rp2040.c.obj
 .text.dcd_int_enable
                0x0000000010004dcc       0x2c CMakeFiles/HP03_VD.dir/home/avinash/rpi_pico/pico/pico-sdk/lib/tinyusb/src/portable/raspberrypi/rp2040/dcd_rp2040.c.obj
                0x0000000010004dcc                dcd_int_enable
 .text.dcd_set_address
                0x0000000010004df8       0x2c CMakeFiles/HP03_VD.dir/home/avinash/rpi_pico/pico/pico-sdk/lib/tinyusb/src/portable/raspberrypi/rp2040/dcd_rp2040.c.obj
                0x0000000010004df8                dcd_set_address
 .text.dcd_connect
                0x0000000010004e24       0x10 CMakeFiles/HP03_VD.dir/home/avinash/rpi_pico/pico/pico-sdk/lib/tinyusb/src/portable/raspberrypi/rp2040/dcd_rp2040.c.obj
                0x0000000010004e24                dcd_connect
 .text.dcd_init
                0x0000000010004e34       0x7c CMakeFiles/HP03_VD.dir/home/avinash/rpi_pico/pico/pico-sdk/lib/tinyusb/src/portable/raspberrypi/rp2040/dcd_rp2040.c.obj
                0x0000000010004e34                dcd_init
 .text.dcd_edpt0_status_complete
                0x0000000010004eb0       0x1c CMakeFiles/HP03_VD.dir/home/avinash/rpi_pico/pico/pico-sdk/lib/tinyusb/src/portable/raspberrypi/rp2040/dcd_rp2040.c.obj
                0x0000000010004eb0                dcd_edpt0_status_complete
 .text.dcd_edpt_open
                0x0000000010004ecc       0x40 CMakeFiles/HP03_VD.dir/home/avinash/rpi_pico/pico/pico-sdk/lib/tinyusb/src/portable/raspberrypi/rp2040/dcd_rp2040.c.obj
                0x0000000010004ecc                dcd_edpt_open
 .text.dcd_edpt_close_all
                0x0000000010004f0c        0x8 CMakeFiles/HP03_VD.dir/home/avinash/rpi_pico/pico/pico-sdk/lib/tinyusb/src/portable/raspberrypi/rp2040/dcd_rp2040.c.obj
                0x0000000010004f0c                dcd_edpt_close_all
 .text.dcd_edpt_xfer
                0x0000000010004f14       0x30 CMakeFiles/HP03_VD.dir/home/avinash/rpi_pico/pico/pico-sdk/lib/tinyusb/src/portable/raspberrypi/rp2040/dcd_rp2040.c.obj
                0x0000000010004f14                dcd_edpt_xfer
 .text.dcd_edpt_stall
                0x0000000010004f44       0x2c CMakeFiles/HP03_VD.dir/home/avinash/rpi_pico/pico/pico-sdk/lib/tinyusb/src/portable/raspberrypi/rp2040/dcd_rp2040.c.obj
                0x0000000010004f44                dcd_edpt_stall
 .text.dcd_edpt_clear_stall
                0x0000000010004f70       0x20 CMakeFiles/HP03_VD.dir/home/avinash/rpi_pico/pico/pico-sdk/lib/tinyusb/src/portable/raspberrypi/rp2040/dcd_rp2040.c.obj
                0x0000000010004f70                dcd_edpt_clear_stall
 .text.prepare_ep_buffer
                0x0000000010004f90       0x70 CMakeFiles/HP03_VD.dir/home/avinash/rpi_pico/pico/pico-sdk/lib/tinyusb/src/portable/raspberrypi/rp2040/rp2040_usb.c.obj
 .text.sync_ep_buffer
                0x0000000010005000       0x7c CMakeFiles/HP03_VD.dir/home/avinash/rpi_pico/pico/pico-sdk/lib/tinyusb/src/portable/raspberrypi/rp2040/rp2040_usb.c.obj
 .text._hw_endpoint_xfer_sync
                0x000000001000507c       0x28 CMakeFiles/HP03_VD.dir/home/avinash/rpi_pico/pico/pico-sdk/lib/tinyusb/src/portable/raspberrypi/rp2040/rp2040_usb.c.obj
 .text.rp2040_usb_init
                0x00000000100050a4       0x4c CMakeFiles/HP03_VD.dir/home/avinash/rpi_pico/pico/pico-sdk/lib/tinyusb/src/portable/raspberrypi/rp2040/rp2040_usb.c.obj
                0x00000000100050a4                rp2040_usb_init
 .text.hw_endpoint_reset_transfer
                0x00000000100050f0        0xc CMakeFiles/HP03_VD.dir/home/avinash/rpi_pico/pico/pico-sdk/lib/tinyusb/src/portable/raspberrypi/rp2040/rp2040_usb.c.obj
                0x00000000100050f0                hw_endpoint_reset_transfer
 .text._hw_endpoint_buffer_control_update32
                0x00000000100050fc       0x58 CMakeFiles/HP03_VD.dir/home/avinash/rpi_pico/pico/pico-sdk/lib/tinyusb/src/portable/raspberrypi/rp2040/rp2040_usb.c.obj
                0x00000000100050fc                _hw_endpoint_buffer_control_update32
 .text._hw_endpoint_start_next_buffer
                0x0000000010005154       0x74 CMakeFiles/HP03_VD.dir/home/avinash/rpi_pico/pico/pico-sdk/lib/tinyusb/src/portable/raspberrypi/rp2040/rp2040_usb.c.obj
 .text.hw_endpoint_xfer_start
                0x00000000100051c8       0x48 CMakeFiles/HP03_VD.dir/home/avinash/rpi_pico/pico/pico-sdk/lib/tinyusb/src/portable/raspberrypi/rp2040/rp2040_usb.c.obj
                0x00000000100051c8                hw_endpoint_xfer_start
 .text.hw_endpoint_xfer_continue
                0x0000000010005210       0x38 CMakeFiles/HP03_VD.dir/home/avinash/rpi_pico/pico/pico-sdk/lib/tinyusb/src/portable/raspberrypi/rp2040/rp2040_usb.c.obj
                0x0000000010005210                hw_endpoint_xfer_continue
 .text.configuration_reset
                0x0000000010005248       0x88 CMakeFiles/HP03_VD.dir/home/avinash/rpi_pico/pico/pico-sdk/lib/tinyusb/src/device/usbd.c.obj
 .text.usbd_reset
                0x00000000100052d0        0xc CMakeFiles/HP03_VD.dir/home/avinash/rpi_pico/pico/pico-sdk/lib/tinyusb/src/device/usbd.c.obj
 .text.invoke_class_control
                0x00000000100052dc       0x1a CMakeFiles/HP03_VD.dir/home/avinash/rpi_pico/pico/pico-sdk/lib/tinyusb/src/device/usbd.c.obj
 *fill*         0x00000000100052f6        0x2 
 .text.process_set_config
                0x00000000100052f8      0x1ac CMakeFiles/HP03_VD.dir/home/avinash/rpi_pico/pico/pico-sdk/lib/tinyusb/src/device/usbd.c.obj
 .text.process_get_descriptor
                0x00000000100054a4       0xf8 CMakeFiles/HP03_VD.dir/home/avinash/rpi_pico/pico/pico-sdk/lib/tinyusb/src/device/usbd.c.obj
 .text.tud_mounted
                0x000000001000559c       0x10 CMakeFiles/HP03_VD.dir/home/avinash/rpi_pico/pico/pico-sdk/lib/tinyusb/src/device/usbd.c.obj
                0x000000001000559c                tud_mounted
 .text.tud_suspended
                0x00000000100055ac       0x10 CMakeFiles/HP03_VD.dir/home/avinash/rpi_pico/pico/pico-sdk/lib/tinyusb/src/device/usbd.c.obj
                0x00000000100055ac                tud_suspended
 .text.tud_inited
                0x00000000100055bc        0xc CMakeFiles/HP03_VD.dir/home/avinash/rpi_pico/pico/pico-sdk/lib/tinyusb/src/device/usbd.c.obj
                0x00000000100055bc                tud_inited
 .text.tud_init
                0x00000000100055c8       0xd0 CMakeFiles/HP03_VD.dir/home/avinash/rpi_pico/pico/pico-sdk/lib/tinyusb/src/device/usbd.c.obj
                0x00000000100055c8                tud_init
 .text.dcd_event_handler
                0x0000000010005698      0x1e0 CMakeFiles/HP03_VD.dir/home/avinash/rpi_pico/pico/pico-sdk/lib/tinyusb/src/device/usbd.c.obj
                0x0000000010005698                dcd_event_handler
 .text.dcd_event_bus_signal
                0x0000000010005878       0x26 CMakeFiles/HP03_VD.dir/home/avinash/rpi_pico/pico/pico-sdk/lib/tinyusb/src/device/usbd.c.obj
                0x0000000010005878                dcd_event_bus_signal
 .text.dcd_event_bus_reset
                0x000000001000589e       0x2a CMakeFiles/HP03_VD.dir/home/avinash/rpi_pico/pico/pico-sdk/lib/tinyusb/src/device/usbd.c.obj
                0x000000001000589e                dcd_event_bus_reset
 .text.dcd_event_setup_received
                0x00000000100058c8       0x32 CMakeFiles/HP03_VD.dir/home/avinash/rpi_pico/pico/pico-sdk/lib/tinyusb/src/device/usbd.c.obj
                0x00000000100058c8                dcd_event_setup_received
 .text.dcd_event_xfer_complete
                0x00000000100058fa       0x44 CMakeFiles/HP03_VD.dir/home/avinash/rpi_pico/pico/pico-sdk/lib/tinyusb/src/device/usbd.c.obj
                0x00000000100058fa                dcd_event_xfer_complete
 *fill*         0x000000001000593e        0x2 
 .text.usbd_edpt_open
                0x0000000010005940       0x5c CMakeFiles/HP03_VD.dir/home/avinash/rpi_pico/pico/pico-sdk/lib/tinyusb/src/device/usbd.c.obj
                0x0000000010005940                usbd_edpt_open
 .text.usbd_open_edpt_pair
                0x000000001000599c       0x8c CMakeFiles/HP03_VD.dir/home/avinash/rpi_pico/pico/pico-sdk/lib/tinyusb/src/device/usbd.c.obj
                0x000000001000599c                usbd_open_edpt_pair
 .text.usbd_edpt_claim
                0x0000000010005a28       0x8c CMakeFiles/HP03_VD.dir/home/avinash/rpi_pico/pico/pico-sdk/lib/tinyusb/src/device/usbd.c.obj
                0x0000000010005a28                usbd_edpt_claim
 .text.usbd_edpt_release
                0x0000000010005ab4       0x68 CMakeFiles/HP03_VD.dir/home/avinash/rpi_pico/pico/pico-sdk/lib/tinyusb/src/device/usbd.c.obj
                0x0000000010005ab4                usbd_edpt_release
 .text.usbd_edpt_xfer
                0x0000000010005b1c       0x80 CMakeFiles/HP03_VD.dir/home/avinash/rpi_pico/pico/pico-sdk/lib/tinyusb/src/device/usbd.c.obj
                0x0000000010005b1c                usbd_edpt_xfer
 .text.usbd_edpt_stall
                0x0000000010005b9c       0x40 CMakeFiles/HP03_VD.dir/home/avinash/rpi_pico/pico/pico-sdk/lib/tinyusb/src/device/usbd.c.obj
                0x0000000010005b9c                usbd_edpt_stall
 .text.usbd_edpt_clear_stall
                0x0000000010005bdc       0x40 CMakeFiles/HP03_VD.dir/home/avinash/rpi_pico/pico/pico-sdk/lib/tinyusb/src/device/usbd.c.obj
                0x0000000010005bdc                usbd_edpt_clear_stall
 .text.usbd_edpt_stalled
                0x0000000010005c1c       0x1c CMakeFiles/HP03_VD.dir/home/avinash/rpi_pico/pico/pico-sdk/lib/tinyusb/src/device/usbd.c.obj
                0x0000000010005c1c                usbd_edpt_stalled
 .text.process_control_request
                0x0000000010005c38      0x3cc CMakeFiles/HP03_VD.dir/home/avinash/rpi_pico/pico/pico-sdk/lib/tinyusb/src/device/usbd.c.obj
 .text.tud_task
                0x0000000010006004      0x220 CMakeFiles/HP03_VD.dir/home/avinash/rpi_pico/pico/pico-sdk/lib/tinyusb/src/device/usbd.c.obj
                0x0000000010006004                tud_task
 .text._data_stage_xact
                0x0000000010006224       0x58 CMakeFiles/HP03_VD.dir/home/avinash/rpi_pico/pico/pico-sdk/lib/tinyusb/src/device/usbd_control.c.obj
 .text.tud_control_status
                0x000000001000627c       0x38 CMakeFiles/HP03_VD.dir/home/avinash/rpi_pico/pico/pico-sdk/lib/tinyusb/src/device/usbd_control.c.obj
                0x000000001000627c                tud_control_status
 .text.tud_control_xfer
                0x00000000100062b4       0xa4 CMakeFiles/HP03_VD.dir/home/avinash/rpi_pico/pico/pico-sdk/lib/tinyusb/src/device/usbd_control.c.obj
                0x00000000100062b4                tud_control_xfer
 .text.usbd_control_reset
                0x0000000010006358       0x14 CMakeFiles/HP03_VD.dir/home/avinash/rpi_pico/pico/pico-sdk/lib/tinyusb/src/device/usbd_control.c.obj
                0x0000000010006358                usbd_control_reset
 .text.usbd_control_set_complete_callback
                0x000000001000636c        0xc CMakeFiles/HP03_VD.dir/home/avinash/rpi_pico/pico/pico-sdk/lib/tinyusb/src/device/usbd_control.c.obj
                0x000000001000636c                usbd_control_set_complete_callback
 .text.usbd_control_set_request
                0x0000000010006378       0x1c CMakeFiles/HP03_VD.dir/home/avinash/rpi_pico/pico/pico-sdk/lib/tinyusb/src/device/usbd_control.c.obj
                0x0000000010006378                usbd_control_set_request
 .text.usbd_control_xfer_cb
                0x0000000010006394      0x104 CMakeFiles/HP03_VD.dir/home/avinash/rpi_pico/pico/pico-sdk/lib/tinyusb/src/device/usbd_control.c.obj
                0x0000000010006394                usbd_control_xfer_cb
 .text._prep_out_transaction
                0x0000000010006498       0x46 CMakeFiles/HP03_VD.dir/home/avinash/rpi_pico/pico/pico-sdk/lib/tinyusb/src/class/cdc/cdc_device.c.obj
 *fill*         0x00000000100064de        0x2 
 .text.tud_cdc_n_connected
                0x00000000100064e0       0x44 CMakeFiles/HP03_VD.dir/home/avinash/rpi_pico/pico/pico-sdk/lib/tinyusb/src/class/cdc/cdc_device.c.obj
                0x00000000100064e0                tud_cdc_n_connected
 .text.tud_cdc_n_available
                0x0000000010006524       0x1c CMakeFiles/HP03_VD.dir/home/avinash/rpi_pico/pico/pico-sdk/lib/tinyusb/src/class/cdc/cdc_device.c.obj
                0x0000000010006524                tud_cdc_n_available
 .text.tud_cdc_n_read
                0x0000000010006540       0x28 CMakeFiles/HP03_VD.dir/home/avinash/rpi_pico/pico/pico-sdk/lib/tinyusb/src/class/cdc/cdc_device.c.obj
                0x0000000010006540                tud_cdc_n_read
 .text.tud_cdc_n_write_flush
                0x0000000010006568       0xcc CMakeFiles/HP03_VD.dir/home/avinash/rpi_pico/pico/pico-sdk/lib/tinyusb/src/class/cdc/cdc_device.c.obj
                0x0000000010006568                tud_cdc_n_write_flush
 .text.tud_cdc_n_write
                0x0000000010006634       0x38 CMakeFiles/HP03_VD.dir/home/avinash/rpi_pico/pico/pico-sdk/lib/tinyusb/src/class/cdc/cdc_device.c.obj
                0x0000000010006634                tud_cdc_n_write
 .text.tud_cdc_n_write_available
                0x000000001000666c       0x1c CMakeFiles/HP03_VD.dir/home/avinash/rpi_pico/pico/pico-sdk/lib/tinyusb/src/class/cdc/cdc_device.c.obj
                0x000000001000666c                tud_cdc_n_write_available
 .text.cdcd_init
                0x0000000010006688       0xc0 CMakeFiles/HP03_VD.dir/home/avinash/rpi_pico/pico/pico-sdk/lib/tinyusb/src/class/cdc/cdc_device.c.obj
                0x0000000010006688                cdcd_init
 .text.cdcd_reset
                0x0000000010006748       0x44 CMakeFiles/HP03_VD.dir/home/avinash/rpi_pico/pico/pico-sdk/lib/tinyusb/src/class/cdc/cdc_device.c.obj
                0x0000000010006748                cdcd_reset
 .text.cdcd_open
                0x000000001000678c      0x100 CMakeFiles/HP03_VD.dir/home/avinash/rpi_pico/pico/pico-sdk/lib/tinyusb/src/class/cdc/cdc_device.c.obj
                0x000000001000678c                cdcd_open
 .text.cdcd_control_xfer_cb
                0x000000001000688c      0x12c CMakeFiles/HP03_VD.dir/home/avinash/rpi_pico/pico/pico-sdk/lib/tinyusb/src/class/cdc/cdc_device.c.obj
                0x000000001000688c                cdcd_control_xfer_cb
 .text.cdcd_xfer_cb
                0x00000000100069b8      0x140 CMakeFiles/HP03_VD.dir/home/avinash/rpi_pico/pico/pico-sdk/lib/tinyusb/src/class/cdc/cdc_device.c.obj
                0x00000000100069b8                cdcd_xfer_cb
 .text.tusb_init
                0x0000000010006af8       0x24 CMakeFiles/HP03_VD.dir/home/avinash/rpi_pico/pico/pico-sdk/lib/tinyusb/src/tusb.c.obj
                0x0000000010006af8                tusb_init
 .text.tusb_inited
                0x0000000010006b1c        0xe CMakeFiles/HP03_VD.dir/home/avinash/rpi_pico/pico/pico-sdk/lib/tinyusb/src/tusb.c.obj
                0x0000000010006b1c                tusb_inited
 *fill*         0x0000000010006b2a        0x2 
 .text.tu_edpt_validate
                0x0000000010006b2c       0xa8 CMakeFiles/HP03_VD.dir/home/avinash/rpi_pico/pico/pico-sdk/lib/tinyusb/src/tusb.c.obj
                0x0000000010006b2c                tu_edpt_validate
 .text.tu_edpt_bind_driver
                0x0000000010006bd4       0x2a CMakeFiles/HP03_VD.dir/home/avinash/rpi_pico/pico/pico-sdk/lib/tinyusb/src/tusb.c.obj
                0x0000000010006bd4                tu_edpt_bind_driver
 .text.advance_pointer
                0x0000000010006bfe       0x18 CMakeFiles/HP03_VD.dir/home/avinash/rpi_pico/pico/pico-sdk/lib/tinyusb/src/common/tusb_fifo.c.obj
 .text.backward_pointer
                0x0000000010006c16       0x18 CMakeFiles/HP03_VD.dir/home/avinash/rpi_pico/pico/pico-sdk/lib/tinyusb/src/common/tusb_fifo.c.obj
 .text.get_relative_pointer
                0x0000000010006c2e       0x10 CMakeFiles/HP03_VD.dir/home/avinash/rpi_pico/pico/pico-sdk/lib/tinyusb/src/common/tusb_fifo.c.obj
 .text._tu_fifo_peek
                0x0000000010006c3e       0x4c CMakeFiles/HP03_VD.dir/home/avinash/rpi_pico/pico/pico-sdk/lib/tinyusb/src/common/tusb_fifo.c.obj
 .text._ff_pull_const_addr
                0x0000000010006c8a       0x46 CMakeFiles/HP03_VD.dir/home/avinash/rpi_pico/pico/pico-sdk/lib/tinyusb/src/common/tusb_fifo.c.obj
 .text._ff_pull_n
                0x0000000010006cd0       0xfe CMakeFiles/HP03_VD.dir/home/avinash/rpi_pico/pico/pico-sdk/lib/tinyusb/src/common/tusb_fifo.c.obj
 .text._tu_fifo_peek_n
                0x0000000010006dce       0x5e CMakeFiles/HP03_VD.dir/home/avinash/rpi_pico/pico/pico-sdk/lib/tinyusb/src/common/tusb_fifo.c.obj
 .text._tu_fifo_read_n
                0x0000000010006e2c       0x4e CMakeFiles/HP03_VD.dir/home/avinash/rpi_pico/pico/pico-sdk/lib/tinyusb/src/common/tusb_fifo.c.obj
 .text._ff_push_const_addr
                0x0000000010006e7a       0x3a CMakeFiles/HP03_VD.dir/home/avinash/rpi_pico/pico/pico-sdk/lib/tinyusb/src/common/tusb_fifo.c.obj
 .text._ff_push_n
                0x0000000010006eb4       0xfa CMakeFiles/HP03_VD.dir/home/avinash/rpi_pico/pico/pico-sdk/lib/tinyusb/src/common/tusb_fifo.c.obj
 .text._tu_fifo_write_n
                0x0000000010006fae       0x9e CMakeFiles/HP03_VD.dir/home/avinash/rpi_pico/pico/pico-sdk/lib/tinyusb/src/common/tusb_fifo.c.obj
 .text.tu_fifo_config
                0x000000001000704c       0x76 CMakeFiles/HP03_VD.dir/home/avinash/rpi_pico/pico/pico-sdk/lib/tinyusb/src/common/tusb_fifo.c.obj
                0x000000001000704c                tu_fifo_config
 .text.tu_fifo_count
                0x00000000100070c2       0x24 CMakeFiles/HP03_VD.dir/home/avinash/rpi_pico/pico/pico-sdk/lib/tinyusb/src/common/tusb_fifo.c.obj
                0x00000000100070c2                tu_fifo_count
 .text.tu_fifo_empty
                0x00000000100070e6        0xe CMakeFiles/HP03_VD.dir/home/avinash/rpi_pico/pico/pico-sdk/lib/tinyusb/src/common/tusb_fifo.c.obj
                0x00000000100070e6                tu_fifo_empty
 .text.tu_fifo_remaining
                0x00000000100070f4       0x20 CMakeFiles/HP03_VD.dir/home/avinash/rpi_pico/pico/pico-sdk/lib/tinyusb/src/common/tusb_fifo.c.obj
                0x00000000100070f4                tu_fifo_remaining
 .text.tu_fifo_read
                0x0000000010007114       0x42 CMakeFiles/HP03_VD.dir/home/avinash/rpi_pico/pico/pico-sdk/lib/tinyusb/src/common/tusb_fifo.c.obj
                0x0000000010007114                tu_fifo_read
 .text.tu_fifo_read_n
                0x0000000010007156        0xa CMakeFiles/HP03_VD.dir/home/avinash/rpi_pico/pico/pico-sdk/lib/tinyusb/src/common/tusb_fifo.c.obj
                0x0000000010007156                tu_fifo_read_n
 .text.tu_fifo_write
                0x0000000010007160       0x6e CMakeFiles/HP03_VD.dir/home/avinash/rpi_pico/pico/pico-sdk/lib/tinyusb/src/common/tusb_fifo.c.obj
                0x0000000010007160                tu_fifo_write
 .text.tu_fifo_write_n
                0x00000000100071ce        0xa CMakeFiles/HP03_VD.dir/home/avinash/rpi_pico/pico/pico-sdk/lib/tinyusb/src/common/tusb_fifo.c.obj
                0x00000000100071ce                tu_fifo_write_n
 .text.tu_fifo_clear
                0x00000000100071d8       0x4e CMakeFiles/HP03_VD.dir/home/avinash/rpi_pico/pico/pico-sdk/lib/tinyusb/src/common/tusb_fifo.c.obj
                0x00000000100071d8                tu_fifo_clear
 .text.tu_fifo_set_overwritable
                0x0000000010007226       0x3c CMakeFiles/HP03_VD.dir/home/avinash/rpi_pico/pico/pico-sdk/lib/tinyusb/src/common/tusb_fifo.c.obj
                0x0000000010007226                tu_fifo_set_overwritable
 *fill*         0x0000000010007262        0x2 
 .text._retrieve_unique_id_on_boot
                0x0000000010007264       0x10 CMakeFiles/HP03_VD.dir/home/avinash/rpi_pico/pico/pico-sdk/src/rp2_common/pico_unique_id/unique_id.c.obj
 .text.pico_get_unique_board_id_string
                0x0000000010007274       0x60 CMakeFiles/HP03_VD.dir/home/avinash/rpi_pico/pico/pico-sdk/src/rp2_common/pico_unique_id/unique_id.c.obj
                0x0000000010007274                pico_get_unique_board_id_string
 .text.flash_get_unique_id
                0x00000000100072d4       0x40 CMakeFiles/HP03_VD.dir/home/avinash/rpi_pico/pico/pico-sdk/src/rp2_common/hardware_flash/flash.c.obj
                0x00000000100072d4                flash_get_unique_id
 .text.adc_init
                0x0000000010007314       0x34 CMakeFiles/HP03_VD.dir/home/avinash/rpi_pico/pico/pico-sdk/src/rp2_common/hardware_adc/adc.c.obj
                0x0000000010007314                adc_init
 .text          0x0000000010007348       0x64 /usr/lib/gcc/arm-none-eabi/6.3.1/../../../arm-none-eabi/lib/thumb/v6-m/libg.a(lib_a-strlen-stub.o)
                0x0000000010007348                strlen
 *(.fini)
 .fini          0x00000000100073ac        0x4 /usr/lib/gcc/arm-none-eabi/6.3.1/thumb/v6-m/crti.o
                0x00000000100073ac                _fini
 .fini.__stub   0x00000000100073b0       0x70 linker stubs
 *crtbegin.o(.ctors)
 *crtbegin?.o(.ctors)
 *(EXCLUDE_FILE(*crtend.o *crtend?.o) .ctors)
 *(SORT(.ctors.*))
 *(.ctors)
 *crtbegin.o(.dtors)
 *crtbegin?.o(.dtors)
 *(EXCLUDE_FILE(*crtend.o *crtend?.o) .dtors)
 *(SORT(.dtors.*))
 *(.dtors)
 *(.eh_frame*)
 .eh_frame      0x0000000010007420        0x0 /usr/lib/gcc/arm-none-eabi/6.3.1/thumb/v6-m/crtbegin.o
                0x0000000010007420                . = ALIGN (0x4)

.glue_7         0x0000000010007420        0x0
 .glue_7        0x0000000010007420        0x0 linker stubs

.glue_7t        0x0000000010007420        0x0
 .glue_7t       0x0000000010007420        0x0 linker stubs

.vfp11_veneer   0x0000000010007420        0x0
 .vfp11_veneer  0x0000000010007420        0x0 linker stubs

.v4_bx          0x0000000010007420        0x0
 .v4_bx         0x0000000010007420        0x0 linker stubs

.iplt           0x0000000010007420        0x0
 .iplt          0x0000000010007420        0x0 /usr/lib/gcc/arm-none-eabi/6.3.1/thumb/v6-m/crtbegin.o

.rodata         0x0000000010007420     0x1664
 *(EXCLUDE_FILE(*libm.a: *libc.a:*lib_a-mem*.o *libgcc.a:) .rodata*)
 .rodata.main.str1.4
                0x0000000010007420        0x7 CMakeFiles/HP03_VD.dir/src/VD.cpp.obj
 *fill*         0x0000000010007427        0x1 
 .rodata.spin_lock_claim_unused.str1.4
                0x0000000010007428       0x1b CMakeFiles/HP03_VD.dir/home/avinash/rpi_pico/pico/pico-sdk/src/rp2_common/hardware_sync/sync.c.obj
 *fill*         0x0000000010007443        0x1 
 .rodata.__func__.5576
                0x0000000010007444       0x15 CMakeFiles/HP03_VD.dir/home/avinash/rpi_pico/pico/pico-sdk/src/common/pico_time/time.c.obj
 *fill*         0x0000000010007459        0x3 
 .rodata.__func__.5888
                0x000000001000745c        0xc CMakeFiles/HP03_VD.dir/home/avinash/rpi_pico/pico/pico-sdk/src/common/pico_time/time.c.obj
 .rodata.__func__.5895
                0x0000000010007468       0x12 CMakeFiles/HP03_VD.dir/home/avinash/rpi_pico/pico/pico-sdk/src/common/pico_time/time.c.obj
 *fill*         0x000000001000747a        0x2 
 .rodata.__func__.5911
                0x000000001000747c        0xf CMakeFiles/HP03_VD.dir/home/avinash/rpi_pico/pico/pico-sdk/src/common/pico_time/time.c.obj
 *fill*         0x000000001000748b        0x1 
 .rodata.__func__.5933
                0x000000001000748c        0xd CMakeFiles/HP03_VD.dir/home/avinash/rpi_pico/pico/pico-sdk/src/common/pico_time/time.c.obj
 *fill*         0x0000000010007499        0x3 
 .rodata.__func__.6157
                0x000000001000749c        0xa CMakeFiles/HP03_VD.dir/home/avinash/rpi_pico/pico/pico-sdk/src/common/pico_time/time.c.obj
 *fill*         0x00000000100074a6        0x2 
 .rodata.__func__.6162
                0x00000000100074a8       0x12 CMakeFiles/HP03_VD.dir/home/avinash/rpi_pico/pico/pico-sdk/src/common/pico_time/time.c.obj
 *fill*         0x00000000100074ba        0x2 
 .rodata.__func__.6177
                0x00000000100074bc       0x17 CMakeFiles/HP03_VD.dir/home/avinash/rpi_pico/pico/pico-sdk/src/common/pico_time/time.c.obj
 *fill*         0x00000000100074d3        0x1 
 .rodata.__func__.6188
                0x00000000100074d4       0x15 CMakeFiles/HP03_VD.dir/home/avinash/rpi_pico/pico/pico-sdk/src/common/pico_time/time.c.obj
 *fill*         0x00000000100074e9        0x3 
 .rodata.__func__.6205
                0x00000000100074ec       0x1a CMakeFiles/HP03_VD.dir/home/avinash/rpi_pico/pico/pico-sdk/src/common/pico_time/time.c.obj
 *fill*         0x0000000010007506        0x2 
 .rodata.__func__.6244
                0x0000000010007508       0x18 CMakeFiles/HP03_VD.dir/home/avinash/rpi_pico/pico/pico-sdk/src/common/pico_time/time.c.obj
 .rodata.add_alarm_under_lock.str1.4
                0x0000000010007520       0x28 CMakeFiles/HP03_VD.dir/home/avinash/rpi_pico/pico/pico-sdk/src/common/pico_time/time.c.obj
                                         0x2b (size before relaxing)
 .rodata.alarm_pool_alarm_callback.str1.4
                0x0000000010007548       0xee CMakeFiles/HP03_VD.dir/home/avinash/rpi_pico/pico/pico-sdk/src/common/pico_time/time.c.obj
 *fill*         0x0000000010007636        0x2 
 .rodata.alarm_pool_cancel_alarm.str1.4
                0x0000000010007638       0x27 CMakeFiles/HP03_VD.dir/home/avinash/rpi_pico/pico/pico-sdk/src/common/pico_time/time.c.obj
 *fill*         0x000000001000765f        0x1 
 .rodata.alarm_pool_dump_key.str1.4
                0x0000000010007660       0x33 CMakeFiles/HP03_VD.dir/home/avinash/rpi_pico/pico/pico-sdk/src/common/pico_time/time.c.obj
 *fill*         0x0000000010007693        0x1 
 .rodata.alarm_pool_get_default.str1.4
                0x0000000010007694       0x21 CMakeFiles/HP03_VD.dir/home/avinash/rpi_pico/pico/pico-sdk/src/common/pico_time/time.c.obj
 *fill*         0x00000000100076b5        0x3 
 .rodata.ph_add_child_node.str1.4
                0x00000000100076b8       0x9e CMakeFiles/HP03_VD.dir/home/avinash/rpi_pico/pico/pico-sdk/src/common/pico_time/time.c.obj
 *fill*         0x0000000010007756        0x2 
 .rodata.repeating_timer_callback.str1.4
                0x0000000010007758       0x55 CMakeFiles/HP03_VD.dir/home/avinash/rpi_pico/pico/pico-sdk/src/common/pico_time/time.c.obj
 *fill*         0x00000000100077ad        0x3 
 .rodata.sleep_until.str1.4
                0x00000000100077b0       0x4d CMakeFiles/HP03_VD.dir/home/avinash/rpi_pico/pico/pico-sdk/src/common/pico_time/time.c.obj
 *fill*         0x00000000100077fd        0x3 
 .rodata.__func__.4534
                0x0000000010007800       0x1a CMakeFiles/HP03_VD.dir/home/avinash/rpi_pico/pico/pico-sdk/src/rp2_common/hardware_timer/timer.c.obj
 *fill*         0x000000001000781a        0x2 
 .rodata.hardware_alarm_claim.str1.4
                0x000000001000781c       0x22 CMakeFiles/HP03_VD.dir/home/avinash/rpi_pico/pico/pico-sdk/src/rp2_common/hardware_timer/timer.c.obj
 *fill*         0x000000001000783e        0x2 
 .rodata.hardware_alarm_set_target.str1.4
                0x0000000010007840       0x6f CMakeFiles/HP03_VD.dir/home/avinash/rpi_pico/pico/pico-sdk/src/rp2_common/hardware_timer/timer.c.obj
 *fill*         0x00000000100078af        0x1 
 .rodata.__func__.4185
                0x00000000100078b0       0x15 CMakeFiles/HP03_VD.dir/home/avinash/rpi_pico/pico/pico-sdk/src/common/pico_sync/mutex.c.obj
 *fill*         0x00000000100078c5        0x3 
 .rodata.__func__.4659
                0x00000000100078c8       0x18 CMakeFiles/HP03_VD.dir/home/avinash/rpi_pico/pico/pico-sdk/src/common/pico_sync/mutex.c.obj
 .rodata.__func__.4678
                0x00000000100078e0        0xb CMakeFiles/HP03_VD.dir/home/avinash/rpi_pico/pico/pico-sdk/src/common/pico_sync/mutex.c.obj
 *fill*         0x00000000100078eb        0x1 
 .rodata.str1.4
                0x00000000100078ec       0x95 CMakeFiles/HP03_VD.dir/home/avinash/rpi_pico/pico/pico-sdk/src/common/pico_sync/mutex.c.obj
                                        0x101 (size before relaxing)
 *fill*         0x0000000010007981        0x3 
 .rodata.__func__.5627
                0x0000000010007984        0xc CMakeFiles/HP03_VD.dir/home/avinash/rpi_pico/pico/pico-sdk/src/common/pico_util/pheap.c.obj
 .rodata.__func__.5634
                0x0000000010007990       0x12 CMakeFiles/HP03_VD.dir/home/avinash/rpi_pico/pico/pico-sdk/src/common/pico_util/pheap.c.obj
 *fill*         0x00000000100079a2        0x2 
 .rodata.__func__.5720
                0x00000000100079a4       0x13 CMakeFiles/HP03_VD.dir/home/avinash/rpi_pico/pico/pico-sdk/src/common/pico_util/pheap.c.obj
 *fill*         0x00000000100079b7        0x1 
 .rodata.__func__.5738
                0x00000000100079b8       0x18 CMakeFiles/HP03_VD.dir/home/avinash/rpi_pico/pico/pico-sdk/src/common/pico_util/pheap.c.obj
 .rodata.ph_add_child_node.str1.4
                0x00000000100079d0       0x9e CMakeFiles/HP03_VD.dir/home/avinash/rpi_pico/pico/pico-sdk/src/common/pico_util/pheap.c.obj
 .rodata.ph_remove_and_free_node.str1.4
                0x00000000100079d0       0x26 CMakeFiles/HP03_VD.dir/home/avinash/rpi_pico/pico/pico-sdk/src/common/pico_util/pheap.c.obj
 *fill*         0x00000000100079f6        0x2 
 .rodata.ph_remove_any_head.str1.4
                0x00000000100079f8       0x98 CMakeFiles/HP03_VD.dir/home/avinash/rpi_pico/pico/pico-sdk/src/common/pico_util/pheap.c.obj
 .rodata.__assert_func.str1.4
                0x0000000010007a90       0x3f CMakeFiles/HP03_VD.dir/home/avinash/rpi_pico/pico/pico-sdk/src/rp2_common/pico_runtime/runtime.c.obj
                                         0x43 (size before relaxing)
 *fill*         0x0000000010007acf        0x1 
 .rodata.__func__.5743
                0x0000000010007ad0        0xd CMakeFiles/HP03_VD.dir/home/avinash/rpi_pico/pico/pico-sdk/src/rp2_common/pico_runtime/runtime.c.obj
 *fill*         0x0000000010007add        0x3 
 .rodata.panic.str1.4
                0x0000000010007ae0       0x12 CMakeFiles/HP03_VD.dir/home/avinash/rpi_pico/pico/pico-sdk/src/rp2_common/pico_runtime/runtime.c.obj
 *fill*         0x0000000010007af2        0x2 
 .rodata.runtime_init.str1.4
                0x0000000010007af4       0x6b CMakeFiles/HP03_VD.dir/home/avinash/rpi_pico/pico/pico-sdk/src/rp2_common/pico_runtime/runtime.c.obj
 *fill*         0x0000000010007b5f        0x1 
 .rodata.__func__.4681
                0x0000000010007b60       0x10 CMakeFiles/HP03_VD.dir/home/avinash/rpi_pico/pico/pico-sdk/src/rp2_common/hardware_clocks/clocks.c.obj
 .rodata.clock_configure.str1.4
                0x0000000010007b70       0x61 CMakeFiles/HP03_VD.dir/home/avinash/rpi_pico/pico/pico-sdk/src/rp2_common/hardware_clocks/clocks.c.obj
 *fill*         0x0000000010007bd1        0x3 
 .rodata.__func__.4711
                0x0000000010007bd4       0x1a CMakeFiles/HP03_VD.dir/home/avinash/rpi_pico/pico/pico-sdk/src/rp2_common/hardware_irq/irq.c.obj
 *fill*         0x0000000010007bee        0x2 
 .rodata.__func__.4725
                0x0000000010007bf0        0xc CMakeFiles/HP03_VD.dir/home/avinash/rpi_pico/pico/pico-sdk/src/rp2_common/hardware_irq/irq.c.obj
 .rodata.__func__.4733
                0x0000000010007bfc       0x17 CMakeFiles/HP03_VD.dir/home/avinash/rpi_pico/pico/pico-sdk/src/rp2_common/hardware_irq/irq.c.obj
 *fill*         0x0000000010007c13        0x1 
 .rodata.__func__.4737
                0x0000000010007c14        0xf CMakeFiles/HP03_VD.dir/home/avinash/rpi_pico/pico/pico-sdk/src/rp2_common/hardware_irq/irq.c.obj
 *fill*         0x0000000010007c23        0x1 
 .rodata.__func__.4776
                0x0000000010007c24       0x13 CMakeFiles/HP03_VD.dir/home/avinash/rpi_pico/pico/pico-sdk/src/rp2_common/hardware_irq/irq.c.obj
 *fill*         0x0000000010007c37        0x1 
 .rodata.__func__.4798
                0x0000000010007c38       0x1a CMakeFiles/HP03_VD.dir/home/avinash/rpi_pico/pico/pico-sdk/src/rp2_common/hardware_irq/irq.c.obj
 *fill*         0x0000000010007c52        0x2 
 .rodata.insert_branch_and_link.str1.4
                0x0000000010007c54       0x10 CMakeFiles/HP03_VD.dir/home/avinash/rpi_pico/pico/pico-sdk/src/rp2_common/hardware_irq/irq.c.obj
 .rodata.irq_add_shared_handler.str1.4
                0x0000000010007c64       0xd9 CMakeFiles/HP03_VD.dir/home/avinash/rpi_pico/pico/pico-sdk/src/rp2_common/hardware_irq/irq.c.obj
 *fill*         0x0000000010007d3d        0x3 
 .rodata.irq_add_tail_to_free_list.str1.4
                0x0000000010007d40       0x32 CMakeFiles/HP03_VD.dir/home/avinash/rpi_pico/pico/pico-sdk/src/rp2_common/hardware_irq/irq.c.obj
                                         0x3a (size before relaxing)
 *fill*         0x0000000010007d72        0x2 
 .rodata.irq_remove_handler.str1.4
                0x0000000010007d74       0x2a CMakeFiles/HP03_VD.dir/home/avinash/rpi_pico/pico/pico-sdk/src/rp2_common/hardware_irq/irq.c.obj
 *fill*         0x0000000010007d9e        0x2 
 .rodata.irq_set_exclusive_handler.str1.4
                0x0000000010007da0       0x36 CMakeFiles/HP03_VD.dir/home/avinash/rpi_pico/pico/pico-sdk/src/rp2_common/hardware_irq/irq.c.obj
 *fill*         0x0000000010007dd6        0x2 
 .rodata.make_branch.str1.4
                0x0000000010007dd8       0x77 CMakeFiles/HP03_VD.dir/home/avinash/rpi_pico/pico/pico-sdk/src/rp2_common/hardware_irq/irq.c.obj
 *fill*         0x0000000010007e4f        0x1 
 .rodata.__func__.4383
                0x0000000010007e50        0x9 CMakeFiles/HP03_VD.dir/home/avinash/rpi_pico/pico/pico-sdk/src/rp2_common/hardware_pll/pll.c.obj
 *fill*         0x0000000010007e59        0x3 
 .rodata.pll_init.str1.4
                0x0000000010007e5c       0xe3 CMakeFiles/HP03_VD.dir/home/avinash/rpi_pico/pico/pico-sdk/src/rp2_common/hardware_pll/pll.c.obj
 *fill*         0x0000000010007f3f        0x1 
 .rodata._vsnprintf
                0x0000000010007f40      0x1e0 CMakeFiles/HP03_VD.dir/home/avinash/rpi_pico/pico/pico-sdk/src/rp2_common/pico_printf/printf.c.obj
 .rodata._ftoa.str1.4
                0x0000000010008120       0x15 CMakeFiles/HP03_VD.dir/home/avinash/rpi_pico/pico/pico-sdk/src/rp2_common/pico_printf/printf.c.obj
 *fill*         0x0000000010008135        0x3 
 .rodata.pow10.5346
                0x0000000010008138       0x50 CMakeFiles/HP03_VD.dir/home/avinash/rpi_pico/pico/pico-sdk/src/rp2_common/pico_printf/printf.c.obj
 .rodata.__aeabi_double_init.str1.4
                0x0000000010008188       0xb2 CMakeFiles/HP03_VD.dir/home/avinash/rpi_pico/pico/pico-sdk/src/rp2_common/pico_double/double_init_rom.c.obj
 *fill*         0x000000001000823a        0x2 
 .rodata.__func__.4656
                0x000000001000823c       0x14 CMakeFiles/HP03_VD.dir/home/avinash/rpi_pico/pico/pico-sdk/src/rp2_common/pico_double/double_init_rom.c.obj
 .rodata.__aeabi_float_init.str1.4
                0x0000000010008250       0x84 CMakeFiles/HP03_VD.dir/home/avinash/rpi_pico/pico/pico-sdk/src/rp2_common/pico_float/float_init_rom.c.obj
                                         0x88 (size before relaxing)
 .rodata.__func__.4657
                0x00000000100082d4       0x13 CMakeFiles/HP03_VD.dir/home/avinash/rpi_pico/pico/pico-sdk/src/rp2_common/pico_float/float_init_rom.c.obj
 *fill*         0x00000000100082e7        0x1 
 .rodata.__bi_44
                0x00000000100082e8        0xc CMakeFiles/HP03_VD.dir/home/avinash/rpi_pico/pico/pico-sdk/src/rp2_common/pico_standard_link/binary_info.c.obj
 .rodata.__bi_75
                0x00000000100082f4        0xc CMakeFiles/HP03_VD.dir/home/avinash/rpi_pico/pico/pico-sdk/src/rp2_common/pico_standard_link/binary_info.c.obj
 .rodata.__bi_81
                0x0000000010008300        0xc CMakeFiles/HP03_VD.dir/home/avinash/rpi_pico/pico/pico-sdk/src/rp2_common/pico_standard_link/binary_info.c.obj
 .rodata.str1.4
                0x000000001000830c       0x3c CMakeFiles/HP03_VD.dir/home/avinash/rpi_pico/pico/pico-sdk/src/rp2_common/pico_standard_link/binary_info.c.obj
 .rodata.crlf_str.5792
                0x0000000010008348        0x2 CMakeFiles/HP03_VD.dir/home/avinash/rpi_pico/pico/pico-sdk/src/rp2_common/pico_stdio/stdio.c.obj
 *fill*         0x000000001000834a        0x2 
 .rodata._resetd_driver
                0x000000001000834c       0x18 CMakeFiles/HP03_VD.dir/home/avinash/rpi_pico/pico/pico-sdk/src/rp2_common/pico_stdio_usb/reset_interface.c.obj
 .rodata.__bi_93.7106
                0x0000000010008364        0xc CMakeFiles/HP03_VD.dir/home/avinash/rpi_pico/pico/pico-sdk/src/rp2_common/pico_stdio_usb/stdio_usb.c.obj
 .rodata.__func__.5308
                0x0000000010008370       0x15 CMakeFiles/HP03_VD.dir/home/avinash/rpi_pico/pico/pico-sdk/src/rp2_common/pico_stdio_usb/stdio_usb.c.obj
 .rodata.stdio_usb_init.str1.4
                0x0000000010008385       0x6b CMakeFiles/HP03_VD.dir/home/avinash/rpi_pico/pico/pico-sdk/src/rp2_common/pico_stdio_usb/stdio_usb.c.obj
 *fill*         0x0000000010008385        0x3 
 .rodata.str1.4
                0x0000000010008388       0x13 CMakeFiles/HP03_VD.dir/home/avinash/rpi_pico/pico/pico-sdk/src/rp2_common/pico_stdio_usb/stdio_usb.c.obj
 *fill*         0x000000001000839b        0x1 
 .rodata.str1.4
                0x000000001000839c       0x2a CMakeFiles/HP03_VD.dir/home/avinash/rpi_pico/pico/pico-sdk/src/rp2_common/pico_stdio_usb/stdio_usb_descriptors.c.obj
 *fill*         0x00000000100083c6        0x2 
 .rodata.usbd_desc_cfg
                0x00000000100083c8       0x54 CMakeFiles/HP03_VD.dir/home/avinash/rpi_pico/pico/pico-sdk/src/rp2_common/pico_stdio_usb/stdio_usb_descriptors.c.obj
 .rodata.usbd_desc_device
                0x000000001000841c       0x12 CMakeFiles/HP03_VD.dir/home/avinash/rpi_pico/pico/pico-sdk/src/rp2_common/pico_stdio_usb/stdio_usb_descriptors.c.obj
 *fill*         0x000000001000842e        0x2 
 .rodata.usbd_desc_str
                0x0000000010008430       0x18 CMakeFiles/HP03_VD.dir/home/avinash/rpi_pico/pico/pico-sdk/src/rp2_common/pico_stdio_usb/stdio_usb_descriptors.c.obj
 .rodata.__func__.6778
                0x0000000010008448       0x13 CMakeFiles/HP03_VD.dir/home/avinash/rpi_pico/pico/pico-sdk/lib/tinyusb/src/portable/raspberrypi/rp2040/dcd_rp2040.c.obj
 *fill*         0x000000001000845b        0x1 
 .rodata.__func__.6831
                0x000000001000845c        0x9 CMakeFiles/HP03_VD.dir/home/avinash/rpi_pico/pico/pico-sdk/lib/tinyusb/src/portable/raspberrypi/rp2040/dcd_rp2040.c.obj
 *fill*         0x0000000010008465        0x3 
 .rodata.__func__.6835
                0x0000000010008468        0xf CMakeFiles/HP03_VD.dir/home/avinash/rpi_pico/pico/pico-sdk/lib/tinyusb/src/portable/raspberrypi/rp2040/dcd_rp2040.c.obj
 *fill*         0x0000000010008477        0x1 
 .rodata.__func__.6844
                0x0000000010008478       0x10 CMakeFiles/HP03_VD.dir/home/avinash/rpi_pico/pico/pico-sdk/lib/tinyusb/src/portable/raspberrypi/rp2040/dcd_rp2040.c.obj
 .rodata.__func__.6863
                0x0000000010008488        0xe CMakeFiles/HP03_VD.dir/home/avinash/rpi_pico/pico/pico-sdk/lib/tinyusb/src/portable/raspberrypi/rp2040/dcd_rp2040.c.obj
 *fill*         0x0000000010008496        0x2 
 .rodata.__func__.6873
                0x0000000010008498        0xe CMakeFiles/HP03_VD.dir/home/avinash/rpi_pico/pico/pico-sdk/lib/tinyusb/src/portable/raspberrypi/rp2040/dcd_rp2040.c.obj
 *fill*         0x00000000100084a6        0x2 
 .rodata._hw_endpoint_alloc.str1.4
                0x00000000100084a8       0xc1 CMakeFiles/HP03_VD.dir/home/avinash/rpi_pico/pico/pico-sdk/lib/tinyusb/src/portable/raspberrypi/rp2040/dcd_rp2040.c.obj
 *fill*         0x0000000010008569        0x3 
 .rodata.dcd_int_enable.str1.4
                0x000000001000856c        0xc CMakeFiles/HP03_VD.dir/home/avinash/rpi_pico/pico/pico-sdk/lib/tinyusb/src/portable/raspberrypi/rp2040/dcd_rp2040.c.obj
 .rodata.dcd_rp2040_irq.str1.4
                0x0000000010008578       0x14 CMakeFiles/HP03_VD.dir/home/avinash/rpi_pico/pico/pico-sdk/lib/tinyusb/src/portable/raspberrypi/rp2040/dcd_rp2040.c.obj
 .rodata.__func__.6538
                0x000000001000858c        0xf CMakeFiles/HP03_VD.dir/home/avinash/rpi_pico/pico/pico-sdk/lib/tinyusb/src/portable/raspberrypi/rp2040/rp2040_usb.c.obj
 *fill*         0x000000001000859b        0x1 
 .rodata._hw_endpoint_buffer_control_update32.str1.4
                0x000000001000859c       0x1f CMakeFiles/HP03_VD.dir/home/avinash/rpi_pico/pico/pico-sdk/lib/tinyusb/src/portable/raspberrypi/rp2040/rp2040_usb.c.obj
 *fill*         0x00000000100085bb        0x1 
 .rodata.hw_endpoint_xfer_continue.str1.4
                0x00000000100085bc       0x29 CMakeFiles/HP03_VD.dir/home/avinash/rpi_pico/pico/pico-sdk/lib/tinyusb/src/portable/raspberrypi/rp2040/rp2040_usb.c.obj
 *fill*         0x00000000100085e5        0x3 
 .rodata.hw_endpoint_xfer_start.str1.4
                0x00000000100085e8       0x38 CMakeFiles/HP03_VD.dir/home/avinash/rpi_pico/pico/pico-sdk/lib/tinyusb/src/portable/raspberrypi/rp2040/rp2040_usb.c.obj
 .rodata.str1.4
                0x0000000010008620        0x7 CMakeFiles/HP03_VD.dir/home/avinash/rpi_pico/pico/pico-sdk/lib/tinyusb/src/portable/raspberrypi/rp2040/rp2040_usb.c.obj
 *fill*         0x0000000010008627        0x1 
 .rodata.sync_ep_buffer.str1.4
                0x0000000010008628       0x9d CMakeFiles/HP03_VD.dir/home/avinash/rpi_pico/pico/pico-sdk/lib/tinyusb/src/portable/raspberrypi/rp2040/rp2040_usb.c.obj
 *fill*         0x00000000100086c5        0x3 
 .rodata.process_get_descriptor
                0x00000000100086c8       0x40 CMakeFiles/HP03_VD.dir/home/avinash/rpi_pico/pico/pico-sdk/lib/tinyusb/src/device/usbd.c.obj
 .rodata.process_control_request
                0x0000000010008708       0x28 CMakeFiles/HP03_VD.dir/home/avinash/rpi_pico/pico/pico-sdk/lib/tinyusb/src/device/usbd.c.obj
 .rodata.tud_task
                0x0000000010008730       0x24 CMakeFiles/HP03_VD.dir/home/avinash/rpi_pico/pico/pico-sdk/lib/tinyusb/src/device/usbd.c.obj
 .rodata.__func__.6454
                0x0000000010008754       0x10 CMakeFiles/HP03_VD.dir/home/avinash/rpi_pico/pico/pico-sdk/lib/tinyusb/src/device/usbd.c.obj
 .rodata.__func__.7251
                0x0000000010008764        0x9 CMakeFiles/HP03_VD.dir/home/avinash/rpi_pico/pico/pico-sdk/lib/tinyusb/src/device/usbd.c.obj
 *fill*         0x000000001000876d        0x3 
 .rodata.__func__.7272
                0x0000000010008770       0x18 CMakeFiles/HP03_VD.dir/home/avinash/rpi_pico/pico/pico-sdk/lib/tinyusb/src/device/usbd.c.obj
 .rodata.__func__.7315
                0x0000000010008788       0x13 CMakeFiles/HP03_VD.dir/home/avinash/rpi_pico/pico/pico-sdk/lib/tinyusb/src/device/usbd.c.obj
 *fill*         0x000000001000879b        0x1 
 .rodata.__func__.7350
                0x000000001000879c       0x17 CMakeFiles/HP03_VD.dir/home/avinash/rpi_pico/pico/pico-sdk/lib/tinyusb/src/device/usbd.c.obj
 *fill*         0x00000000100087b3        0x1 
 .rodata.__func__.7404
                0x00000000100087b4       0x14 CMakeFiles/HP03_VD.dir/home/avinash/rpi_pico/pico/pico-sdk/lib/tinyusb/src/device/usbd.c.obj
 .rodata.__func__.7418
                0x00000000100087c8        0xf CMakeFiles/HP03_VD.dir/home/avinash/rpi_pico/pico/pico-sdk/lib/tinyusb/src/device/usbd.c.obj
 *fill*         0x00000000100087d7        0x1 
 .rodata.__func__.7441
                0x00000000100087d8        0xf CMakeFiles/HP03_VD.dir/home/avinash/rpi_pico/pico/pico-sdk/lib/tinyusb/src/device/usbd.c.obj
 *fill*         0x00000000100087e7        0x1 
 .rodata._usbd_driver
                0x00000000100087e8       0x18 CMakeFiles/HP03_VD.dir/home/avinash/rpi_pico/pico/pico-sdk/lib/tinyusb/src/device/usbd.c.obj
 .rodata.process_set_config.str1.4
                0x0000000010008800       0x17 CMakeFiles/HP03_VD.dir/home/avinash/rpi_pico/pico/pico-sdk/lib/tinyusb/src/device/usbd.c.obj
 *fill*         0x0000000010008817        0x1 
 .rodata.__func__.7166
                0x0000000010008818       0x11 CMakeFiles/HP03_VD.dir/home/avinash/rpi_pico/pico/pico-sdk/lib/tinyusb/src/device/usbd_control.c.obj
 *fill*         0x0000000010008829        0x3 
 .rodata.__func__.7193
                0x000000001000882c       0x15 CMakeFiles/HP03_VD.dir/home/avinash/rpi_pico/pico/pico-sdk/lib/tinyusb/src/device/usbd_control.c.obj
 .rodata.tud_control_xfer.str1.4
                0x0000000010008841       0x17 CMakeFiles/HP03_VD.dir/home/avinash/rpi_pico/pico/pico-sdk/lib/tinyusb/src/device/usbd_control.c.obj
 *fill*         0x0000000010008841        0x3 
 .rodata.__func__.7103
                0x0000000010008844       0x16 CMakeFiles/HP03_VD.dir/home/avinash/rpi_pico/pico/pico-sdk/lib/tinyusb/src/class/cdc/cdc_device.c.obj
 *fill*         0x000000001000885a        0x2 
 .rodata.__func__.7136
                0x000000001000885c        0xa CMakeFiles/HP03_VD.dir/home/avinash/rpi_pico/pico/pico-sdk/lib/tinyusb/src/class/cdc/cdc_device.c.obj
 *fill*         0x0000000010008866        0x2 
 .rodata.__func__.7171
                0x0000000010008868        0xd CMakeFiles/HP03_VD.dir/home/avinash/rpi_pico/pico/pico-sdk/lib/tinyusb/src/class/cdc/cdc_device.c.obj
 .rodata.tud_cdc_n_write_flush.str1.4
                0x0000000010008875       0x17 CMakeFiles/HP03_VD.dir/home/avinash/rpi_pico/pico/pico-sdk/lib/tinyusb/src/class/cdc/cdc_device.c.obj
 *fill*         0x0000000010008875        0x3 
 .rodata.__func__.7040
                0x0000000010008878        0xa CMakeFiles/HP03_VD.dir/home/avinash/rpi_pico/pico/pico-sdk/lib/tinyusb/src/tusb.c.obj
 *fill*         0x0000000010008882        0x2 
 .rodata.__func__.7052
                0x0000000010008884       0x11 CMakeFiles/HP03_VD.dir/home/avinash/rpi_pico/pico/pico-sdk/lib/tinyusb/src/tusb.c.obj
 .rodata.tusb_init.str1.4
                0x0000000010008895       0x17 CMakeFiles/HP03_VD.dir/home/avinash/rpi_pico/pico/pico-sdk/lib/tinyusb/src/tusb.c.obj
 *fill*         0x0000000010008895        0x3 
 .rodata.__func__.4262
                0x0000000010008898       0x20 CMakeFiles/HP03_VD.dir/home/avinash/rpi_pico/pico/pico-sdk/src/rp2_common/pico_unique_id/unique_id.c.obj
 .rodata.pico_get_unique_board_id_string.str1.4
                0x00000000100088b8       0x57 CMakeFiles/HP03_VD.dir/home/avinash/rpi_pico/pico/pico-sdk/src/rp2_common/pico_unique_id/unique_id.c.obj
 *fill*         0x000000001000890f        0x1 
 .rodata.__func__.4436
                0x0000000010008910        0xd CMakeFiles/HP03_VD.dir/home/avinash/rpi_pico/pico/pico-sdk/src/rp2_common/hardware_flash/flash.c.obj
 *fill*         0x000000001000891d        0x3 
 .rodata.str1.4
                0x0000000010008920      0x164 CMakeFiles/HP03_VD.dir/home/avinash/rpi_pico/pico/pico-sdk/src/rp2_common/hardware_flash/flash.c.obj
                                        0x162 (size before relaxing)
                0x0000000010008a84                . = ALIGN (0x4)
 *(SORT(.flashdata*))
                0x0000000010008a84                . = ALIGN (0x4)

.rel.dyn        0x0000000010008a84        0x0
 .rel.iplt      0x0000000010008a84        0x0 /usr/lib/gcc/arm-none-eabi/6.3.1/thumb/v6-m/crtbegin.o

.ARM.extab
 *(.ARM.extab* .gnu.linkonce.armextab.*)
                0x0000000010008a84                __exidx_start = .

.ARM.exidx
 *(.ARM.exidx* .gnu.linkonce.armexidx.*)
                0x0000000010008a84                __exidx_end = .
                0x0000000010008a84                . = ALIGN (0x4)
                0x0000000010008a84                __binary_info_start = .

.binary_info    0x0000000010008a84       0x20
 *(.binary_info.keep.*)
 .binary_info.keep.__bi_ptr22
                0x0000000010008a84        0x4 CMakeFiles/HP03_VD.dir/home/avinash/rpi_pico/pico/pico-sdk/src/rp2_common/pico_standard_link/binary_info.c.obj
 .binary_info.keep.__bi_ptr30
                0x0000000010008a88        0x4 CMakeFiles/HP03_VD.dir/home/avinash/rpi_pico/pico/pico-sdk/src/rp2_common/pico_standard_link/binary_info.c.obj
 .binary_info.keep.__bi_ptr38
                0x0000000010008a8c        0x4 CMakeFiles/HP03_VD.dir/home/avinash/rpi_pico/pico/pico-sdk/src/rp2_common/pico_standard_link/binary_info.c.obj
 .binary_info.keep.__bi_ptr44
                0x0000000010008a90        0x4 CMakeFiles/HP03_VD.dir/home/avinash/rpi_pico/pico/pico-sdk/src/rp2_common/pico_standard_link/binary_info.c.obj
 .binary_info.keep.__bi_ptr50
                0x0000000010008a94        0x4 CMakeFiles/HP03_VD.dir/home/avinash/rpi_pico/pico/pico-sdk/src/rp2_common/pico_standard_link/binary_info.c.obj
 .binary_info.keep.__bi_ptr75
                0x0000000010008a98        0x4 CMakeFiles/HP03_VD.dir/home/avinash/rpi_pico/pico/pico-sdk/src/rp2_common/pico_standard_link/binary_info.c.obj
 .binary_info.keep.__bi_ptr81
                0x0000000010008a9c        0x4 CMakeFiles/HP03_VD.dir/home/avinash/rpi_pico/pico/pico-sdk/src/rp2_common/pico_standard_link/binary_info.c.obj
 *(.binary_info.*)
 .binary_info.__bi_ptr93
                0x0000000010008aa0        0x4 CMakeFiles/HP03_VD.dir/home/avinash/rpi_pico/pico/pico-sdk/src/rp2_common/pico_stdio_usb/stdio_usb.c.obj
                0x0000000010008aa4                __binary_info_end = .
                0x0000000010008aa4                . = ALIGN (0x4)
                0x0000000010008aa4                __etext = .

.ram_vector_table
                0x0000000020000000       0xc0
 *(.ram_vector_table)
 .ram_vector_table