Archive member included to satisfy reference by file (symbol)

/usr/lib/gcc/arm-none-eabi/6.3.1/thumb/v6-m/libgcc.a(_dvmd_tls.o)
                              CMakeFiles/HP04_VT.dir/home/avinash/rpi_pico/pico/pico-sdk/src/rp2_common/pico_divider/divider.S.obj (__aeabi_idiv0)
/usr/lib/gcc/arm-none-eabi/6.3.1/../../../arm-none-eabi/lib/thumb/v6-m/libg.a(lib_a-atexit.o)
                              /usr/lib/gcc/arm-none-eabi/6.3.1/../../../arm-none-eabi/lib/thumb/v6-m/crt0.o (atexit)
/usr/lib/gcc/arm-none-eabi/6.3.1/../../../arm-none-eabi/lib/thumb/v6-m/libg.a(lib_a-calloc.o)
                              CMakeFiles/HP04_VT.dir/home/avinash/rpi_pico/pico/pico-sdk/src/rp2_common/pico_malloc/pico_malloc.c.obj (calloc)
/usr/lib/gcc/arm-none-eabi/6.3.1/../../../arm-none-eabi/lib/thumb/v6-m/libg.a(lib_a-callocr.o)
                              /usr/lib/gcc/arm-none-eabi/6.3.1/../../../arm-none-eabi/lib/thumb/v6-m/libg.a(lib_a-calloc.o) (_calloc_r)
/usr/lib/gcc/arm-none-eabi/6.3.1/../../../arm-none-eabi/lib/thumb/v6-m/libg.a(lib_a-ctype_.o)
                              CMakeFiles/HP04_VT.dir/home/avinash/rpi_pico/pico/pico-sdk/lib/tinyusb/src/tusb.c.obj (__ctype_ptr__)
/usr/lib/gcc/arm-none-eabi/6.3.1/../../../arm-none-eabi/lib/thumb/v6-m/libg.a(lib_a-fini.o)
                              /usr/lib/gcc/arm-none-eabi/6.3.1/../../../arm-none-eabi/lib/thumb/v6-m/crt0.o (__libc_fini_array)
/usr/lib/gcc/arm-none-eabi/6.3.1/../../../arm-none-eabi/lib/thumb/v6-m/libg.a(lib_a-impure.o)
                              CMakeFiles/HP04_VT.dir/home/avinash/rpi_pico/pico/pico-sdk/src/common/pico_util/pheap.c.obj (_impure_ptr)
/usr/lib/gcc/arm-none-eabi/6.3.1/../../../arm-none-eabi/lib/thumb/v6-m/libg.a(lib_a-init.o)
                              /usr/lib/gcc/arm-none-eabi/6.3.1/../../../arm-none-eabi/lib/thumb/v6-m/crt0.o (__libc_init_array)
/usr/lib/gcc/arm-none-eabi/6.3.1/../../../arm-none-eabi/lib/thumb/v6-m/libg.a(lib_a-malloc.o)
                              CMakeFiles/HP04_VT.dir/home/avinash/rpi_pico/pico/pico-sdk/src/rp2_common/pico_malloc/pico_malloc.c.obj (malloc)
/usr/lib/gcc/arm-none-eabi/6.3.1/../../../arm-none-eabi/lib/thumb/v6-m/libg.a(lib_a-mallocr.o)
                              /usr/lib/gcc/arm-none-eabi/6.3.1/../../../arm-none-eabi/lib/thumb/v6-m/libg.a(lib_a-callocr.o) (_malloc_r)
/usr/lib/gcc/arm-none-eabi/6.3.1/../../../arm-none-eabi/lib/thumb/v6-m/libg.a(lib_a-mlock.o)
                              /usr/lib/gcc/arm-none-eabi/6.3.1/../../../arm-none-eabi/lib/thumb/v6-m/libg.a(lib_a-mallocr.o) (__malloc_lock)
/usr/lib/gcc/arm-none-eabi/6.3.1/../../../arm-none-eabi/lib/thumb/v6-m/libg.a(lib_a-sbrkr.o)
                              /usr/lib/gcc/arm-none-eabi/6.3.1/../../../arm-none-eabi/lib/thumb/v6-m/libg.a(lib_a-mallocr.o) (_sbrk_r)
/usr/lib/gcc/arm-none-eabi/6.3.1/../../../arm-none-eabi/lib/thumb/v6-m/libg.a(lib_a-strlen-stub.o)
                              CMakeFiles/HP04_VT.dir/home/avinash/rpi_pico/pico/pico-sdk/src/rp2_common/pico_stdio/stdio.c.obj (strlen)
/usr/lib/gcc/arm-none-eabi/6.3.1/../../../arm-none-eabi/lib/thumb/v6-m/libg.a(lib_a-wbuf.o)
                              CMakeFiles/HP04_VT.dir/home/avinash/rpi_pico/pico/pico-sdk/src/common/pico_util/pheap.c.obj (__swbuf_r)
/usr/lib/gcc/arm-none-eabi/6.3.1/../../../arm-none-eabi/lib/thumb/v6-m/libg.a(lib_a-wsetup.o)
                              /usr/lib/gcc/arm-none-eabi/6.3.1/../../../arm-none-eabi/lib/thumb/v6-m/libg.a(lib_a-wbuf.o) (__swsetup_r)
/usr/lib/gcc/arm-none-eabi/6.3.1/../../../arm-none-eabi/lib/thumb/v6-m/libg.a(lib_a-__atexit.o)
                              /usr/lib/gcc/arm-none-eabi/6.3.1/../../../arm-none-eabi/lib/thumb/v6-m/libg.a(lib_a-atexit.o) (__register_exitproc)
/usr/lib/gcc/arm-none-eabi/6.3.1/../../../arm-none-eabi/lib/thumb/v6-m/libg.a(lib_a-fflush.o)
                              /usr/lib/gcc/arm-none-eabi/6.3.1/../../../arm-none-eabi/lib/thumb/v6-m/libg.a(lib_a-wbuf.o) (_fflush_r)
/usr/lib/gcc/arm-none-eabi/6.3.1/../../../arm-none-eabi/lib/thumb/v6-m/libg.a(lib_a-findfp.o)
                              /usr/lib/gcc/arm-none-eabi/6.3.1/../../../arm-none-eabi/lib/thumb/v6-m/libg.a(lib_a-wbuf.o) (__sinit)
/usr/lib/gcc/arm-none-eabi/6.3.1/../../../arm-none-eabi/lib/thumb/v6-m/libg.a(lib_a-freer.o)
                              /usr/lib/gcc/arm-none-eabi/6.3.1/../../../arm-none-eabi/lib/thumb/v6-m/libg.a(lib_a-malloc.o) (_free_r)
/usr/lib/gcc/arm-none-eabi/6.3.1/../../../arm-none-eabi/lib/thumb/v6-m/libg.a(lib_a-fwalk.o)
                              /usr/lib/gcc/arm-none-eabi/6.3.1/../../../arm-none-eabi/lib/thumb/v6-m/libg.a(lib_a-findfp.o) (_fwalk)
/usr/lib/gcc/arm-none-eabi/6.3.1/../../../arm-none-eabi/lib/thumb/v6-m/libg.a(lib_a-makebuf.o)
                              /usr/lib/gcc/arm-none-eabi/6.3.1/../../../arm-none-eabi/lib/thumb/v6-m/libg.a(lib_a-wsetup.o) (__smakebuf_r)
/usr/lib/gcc/arm-none-eabi/6.3.1/../../../arm-none-eabi/lib/thumb/v6-m/libg.a(lib_a-reent.o)
[...]
Memory Configuration

Name             Origin             Length             Attributes
FLASH            0x0000000010000000 0x0000000000200000 xr
RAM              0x0000000020000000 0x0000000000040000 xrw
SCRATCH_X        0x0000000020040000 0x0000000000001000 xrw
SCRATCH_Y        0x0000000020041000 0x0000000000001000 xrw
*default*        0x0000000000000000 0xffffffffffffffff

Linker script and memory map

LOAD /usr/lib/gcc/arm-none-eabi/6.3.1/thumb/v6-m/crti.o
LOAD /usr/lib/gcc/arm-none-eabi/6.3.1/thumb/v6-m/crtbegin.o
LOAD /usr/lib/gcc/arm-none-eabi/6.3.1/../../../arm-none-eabi/lib/thumb/v6-m/crt0.o

.flash_begin    0x0000000010000000        0x0
                0x0000000010000000                __flash_binary_start = .

.boot2          0x0000000010000000      0x100
                0x0000000010000000                __boot2_start__ = .
 *(.boot2)
 .boot2         0x0000000010000000      0x100 /tmp/ccnwZeCM.o
                0x0000000010000100                __boot2_end__ = .
                0x0000000000000001                ASSERT (((__boot2_end__ - __boot2_start__) == 0x100), ERROR: Pico second stage bootloader must be 256 bytes in size)

.text           0x0000000010000100     0x7af0
                0x0000000010000100                __logical_binary_start = .
 *(.vectors)
 .vectors       0x0000000010000100       0xd4 CMakeFiles/HP04_VT.dir/home/avinash/rpi_pico/pico/pico-sdk/src/rp2_common/pico_standard_link/crt0.S.obj
                0x0000000010000100                __vectors
                0x0000000010000100                __VECTOR_TABLE
                0x00000000100001c0                isr_invalid
                0x00000000100001c0                __default_isrs_start
                0x00000000100001c2                isr_nmi
                0x00000000100001c4                isr_hardfault
                0x00000000100001c6                isr_svcall
                0x00000000100001c8                isr_pendsv
                0x00000000100001ca                isr_systick
                0x00000000100001cc                isr_irq30
                0x00000000100001cc                __unhandled_user_irq
                0x00000000100001cc                isr_irq13
                0x00000000100001cc                isr_irq27
                0x00000000100001cc                isr_irq31
                0x00000000100001cc                isr_irq5
                0x00000000100001cc                isr_irq11
                0x00000000100001cc                isr_irq23
                0x00000000100001cc                isr_irq18
                0x00000000100001cc                isr_irq28
                0x00000000100001cc                isr_irq19
                0x00000000100001cc                isr_irq0
                0x00000000100001cc                isr_irq6
                0x00000000100001cc                isr_irq22
                0x00000000100001cc                isr_irq17
                0x00000000100001cc                isr_irq14
                0x00000000100001cc                isr_irq2
                0x00000000100001cc                isr_irq10
                0x00000000100001cc                isr_irq8
                0x00000000100001cc                isr_irq24
                0x00000000100001cc                isr_irq1
                0x00000000100001cc                isr_irq7
                0x00000000100001cc                isr_irq21
                0x00000000100001cc                isr_irq20
                0x00000000100001cc                isr_irq15
                0x00000000100001cc                isr_irq25
                0x00000000100001cc                isr_irq4
                0x00000000100001cc                isr_irq16
                0x00000000100001cc                isr_irq29
                0x00000000100001cc                isr_irq26
                0x00000000100001cc                __default_isrs_end
                0x00000000100001cc                isr_irq3
                0x00000000100001cc                isr_irq12
                0x00000000100001cc                isr_irq9
                0x00000000100001d2                unhandled_user_irq_num_in_r0
 *(.binary_info_header)
 .binary_info_header
                0x00000000100001d4       0x14 CMakeFiles/HP04_VT.dir/home/avinash/rpi_pico/pico/pico-sdk/src/rp2_common/pico_standard_link/crt0.S.obj
                0x00000000100001e8                __binary_info_header_end = .
 *(.reset)
 .reset         0x00000000100001e8       0xa8 CMakeFiles/HP04_VT.dir/home/avinash/rpi_pico/pico/pico-sdk/src/rp2_common/pico_standard_link/crt0.S.obj
                0x00000000100001e8                _entry_point
                0x0000000010000266                __get_current_exception
 .reset         0x0000000010000290       0x30 CMakeFiles/HP04_VT.dir/home/avinash/rpi_pico/pico/pico-sdk/src/rp2_common/pico_standard_link/binary_info.c.obj
 *(.init)
 .init          0x00000000100002c0        0x4 /usr/lib/gcc/arm-none-eabi/6.3.1/thumb/v6-m/crti.o
                0x00000000100002c0                _init
 *(EXCLUDE_FILE(*libm.a: *libc.a:*lib_a-mem*.o *libgcc.a:) .text*)
 .text          0x00000000100002c4       0xb4 /usr/lib/gcc/arm-none-eabi/6.3.1/thumb/v6-m/crtbegin.o
 .text._Z11init_sensorv
                0x0000000010000378       0x4c CMakeFiles/HP04_VT.dir/src/VT.cpp.obj
                0x0000000010000378                init_sensor()
 .text._Z11init_driverv
                0x00000000100003c4       0x58 CMakeFiles/HP04_VT.dir/src/VT.cpp.obj
                0x00000000100003c4                init_driver()
 .text._Z5drivei
                0x000000001000041c       0x50 CMakeFiles/HP04_VT.dir/src/VT.cpp.obj
                0x000000001000041c                drive(int)
 .text._Z7controlfii
                0x000000001000046c       0x78 CMakeFiles/HP04_VT.dir/src/VT.cpp.obj
                0x000000001000046c                control(float, int, int)
 .text.main     0x00000000100004e4       0x60 CMakeFiles/HP04_VT.dir/src/VT.cpp.obj
                0x00000000100004e4                main
 .text.gpio_set_function
                0x0000000010000544       0x30 CMakeFiles/HP04_VT.dir/home/avinash/rpi_pico/pico/pico-sdk/src/rp2_common/hardware_gpio/gpio.c.obj
                0x0000000010000544                gpio_set_function
 .text.gpio_set_pulls
                0x0000000010000574       0x34 CMakeFiles/HP04_VT.dir/home/avinash/rpi_pico/pico/pico-sdk/src/rp2_common/hardware_gpio/gpio.c.obj
                0x0000000010000574                gpio_set_pulls
 .text.gpio_set_input_enabled
                0x00000000100005a8       0x30 CMakeFiles/HP04_VT.dir/home/avinash/rpi_pico/pico/pico-sdk/src/rp2_common/hardware_gpio/gpio.c.obj
                0x00000000100005a8                gpio_set_input_enabled
 .text.gpio_init
                0x00000000100005d8       0x16 CMakeFiles/HP04_VT.dir/home/avinash/rpi_pico/pico/pico-sdk/src/rp2_common/hardware_gpio/gpio.c.obj
                0x00000000100005d8                gpio_init
 *fill*         0x00000000100005ee        0x2 
 .text.hw_claim_lock
                0x00000000100005f0       0x18 CMakeFiles/HP04_VT.dir/home/avinash/rpi_pico/pico/pico-sdk/src/rp2_common/hardware_claim/claim.c.obj
                0x00000000100005f0                hw_claim_lock
 .text.hw_claim_unlock
                0x0000000010000608       0x14 CMakeFiles/HP04_VT.dir/home/avinash/rpi_pico/pico/pico-sdk/src/rp2_common/hardware_claim/claim.c.obj
                0x0000000010000608                hw_claim_unlock
 .text.hw_claim_or_assert
                0x000000001000061c       0x32 CMakeFiles/HP04_VT.dir/home/avinash/rpi_pico/pico/pico-sdk/src/rp2_common/hardware_claim/claim.c.obj
                0x000000001000061c                hw_claim_or_assert
 .text.hw_claim_unused_from_range
                0x000000001000064e       0x50 CMakeFiles/HP04_VT.dir/home/avinash/rpi_pico/pico/pico-sdk/src/rp2_common/hardware_claim/claim.c.obj
                0x000000001000064e                hw_claim_unused_from_range
 *fill*         0x000000001000069e        0x2 
 .text.running_on_fpga
                0x00000000100006a0       0x14 CMakeFiles/HP04_VT.dir/home/avinash/rpi_pico/pico/pico-sdk/src/rp2_common/pico_platform/platform.c.obj
                0x00000000100006a0                running_on_fpga
 .text.spin_locks_reset
                0x00000000100006b4       0x20 CMakeFiles/HP04_VT.dir/home/avinash/rpi_pico/pico/pico-sdk/src/rp2_common/hardware_sync/sync.c.obj
                0x00000000100006b4                spin_locks_reset
 .text.next_striped_spin_lock_num
                0x00000000100006d4       0x1c CMakeFiles/HP04_VT.dir/home/avinash/rpi_pico/pico/pico-sdk/src/rp2_common/hardware_sync/sync.c.obj
                0x00000000100006d4                next_striped_spin_lock_num
 .text.spin_lock_claim_unused
                0x00000000100006f0       0x20 CMakeFiles/HP04_VT.dir/home/avinash/rpi_pico/pico/pico-sdk/src/rp2_common/hardware_sync/sync.c.obj
                0x00000000100006f0                spin_lock_claim_unused
 .text.alarm_pool_post_alloc_init
                0x0000000010000710       0x40 CMakeFiles/HP04_VT.dir/home/avinash/rpi_pico/pico/pico-sdk/src/common/pico_time/time.c.obj
 .text.sleep_until_callback
                0x0000000010000750       0x30 CMakeFiles/HP04_VT.dir/home/avinash/rpi_pico/pico/pico-sdk/src/common/pico_time/time.c.obj
 .text.timer_pool_entry_comparator
                0x0000000010000780       0x7c CMakeFiles/HP04_VT.dir/home/avinash/rpi_pico/pico/pico-sdk/src/common/pico_time/time.c.obj
                0x0000000010000780                timer_pool_entry_comparator
 .text.ph_add_child_node
                0x00000000100007fc       0xa4 CMakeFiles/HP04_VT.dir/home/avinash/rpi_pico/pico/pico-sdk/src/common/pico_time/time.c.obj
 .text.ph_merge_nodes
                0x00000000100008a0       0x3e CMakeFiles/HP04_VT.dir/home/avinash/rpi_pico/pico/pico-sdk/src/common/pico_time/time.c.obj
 *fill*         0x00000000100008de        0x2 
 .text.add_alarm_under_lock
                0x00000000100008e0      0x17c CMakeFiles/HP04_VT.dir/home/avinash/rpi_pico/pico/pico-sdk/src/common/pico_time/time.c.obj
 .text.alarm_pool_alarm_callback
                0x0000000010000a5c      0x330 CMakeFiles/HP04_VT.dir/home/avinash/rpi_pico/pico/pico-sdk/src/common/pico_time/time.c.obj
 .text.alarm_pool_init_default
                0x0000000010000d8c       0x38 CMakeFiles/HP04_VT.dir/home/avinash/rpi_pico/pico/pico-sdk/src/common/pico_time/time.c.obj
                0x0000000010000d8c                alarm_pool_init_default
 .text.alarm_pool_get_default
                0x0000000010000dc4       0x2c CMakeFiles/HP04_VT.dir/home/avinash/rpi_pico/pico/pico-sdk/src/common/pico_time/time.c.obj
                0x0000000010000dc4                alarm_pool_get_default
 .text.alarm_pool_add_alarm_at
                0x0000000010000df0      0x164 CMakeFiles/HP04_VT.dir/home/avinash/rpi_pico/pico/pico-sdk/src/common/pico_time/time.c.obj
                0x0000000010000df0                alarm_pool_add_alarm_at
 .text.alarm_pool_cancel_alarm
                0x0000000010000f54       0xec CMakeFiles/HP04_VT.dir/home/avinash/rpi_pico/pico/pico-sdk/src/common/pico_time/time.c.obj
                0x0000000010000f54                alarm_pool_cancel_alarm
 .text.sleep_until
                0x0000000010001040       0xfc CMakeFiles/HP04_VT.dir/home/avinash/rpi_pico/pico/pico-sdk/src/common/pico_time/time.c.obj
                0x0000000010001040                sleep_until
 .text.sleep_us
                0x000000001000113c       0x54 CMakeFiles/HP04_VT.dir/home/avinash/rpi_pico/pico/pico-sdk/src/common/pico_time/time.c.obj
                0x000000001000113c                sleep_us
 .text.sleep_ms
                0x0000000010001190       0x14 CMakeFiles/HP04_VT.dir/home/avinash/rpi_pico/pico/pico-sdk/src/common/pico_time/time.c.obj
                0x0000000010001190                sleep_ms
 .text.best_effort_wfe_or_timeout
                0x00000000100011a4       0x80 CMakeFiles/HP04_VT.dir/home/avinash/rpi_pico/pico/pico-sdk/src/common/pico_time/time.c.obj
                0x00000000100011a4                best_effort_wfe_or_timeout
 .text.hardware_alarm_irq_handler
                0x0000000010001224       0x8c CMakeFiles/HP04_VT.dir/home/avinash/rpi_pico/pico/pico-sdk/src/rp2_common/hardware_timer/timer.c.obj
 .text.hardware_alarm_claim
                0x00000000100012b0       0x18 CMakeFiles/HP04_VT.dir/home/avinash/rpi_pico/pico/pico-sdk/src/rp2_common/hardware_timer/timer.c.obj
                0x00000000100012b0                hardware_alarm_claim
 .text.time_us_64
                0x00000000100012c8       0x18 CMakeFiles/HP04_VT.dir/home/avinash/rpi_pico/pico/pico-sdk/src/rp2_common/hardware_timer/timer.c.obj
                0x00000000100012c8                time_us_64
 .text.busy_wait_until
                0x00000000100012e0       0x28 CMakeFiles/HP04_VT.dir/home/avinash/rpi_pico/pico/pico-sdk/src/rp2_common/hardware_timer/timer.c.obj
                0x00000000100012e0                busy_wait_until
 .text.hardware_alarm_set_callback
                0x0000000010001308       0x90 CMakeFiles/HP04_VT.dir/home/avinash/rpi_pico/pico/pico-sdk/src/rp2_common/hardware_timer/timer.c.obj
                0x0000000010001308                hardware_alarm_set_callback
 .text.hardware_alarm_set_target
                0x0000000010001398       0xe8 CMakeFiles/HP04_VT.dir/home/avinash/rpi_pico/pico/pico-sdk/src/rp2_common/hardware_timer/timer.c.obj
                0x0000000010001398                hardware_alarm_set_target
 .text.hardware_alarm_cancel
                0x0000000010001480       0x40 CMakeFiles/HP04_VT.dir/home/avinash/rpi_pico/pico/pico-sdk/src/rp2_common/hardware_timer/timer.c.obj
                0x0000000010001480                hardware_alarm_cancel
 .text.lock_init
                0x00000000100014c0       0x10 CMakeFiles/HP04_VT.dir/home/avinash/rpi_pico/pico/pico-sdk/src/common/pico_sync/lock_core.c.obj
                0x00000000100014c0                lock_init
 .text.mutex_init
                0x00000000100014d0       0x1a CMakeFiles/HP04_VT.dir/home/avinash/rpi_pico/pico/pico-sdk/src/common/pico_sync/mutex.c.obj
                0x00000000100014d0                mutex_init
 .text.recursive_mutex_init
                0x00000000100014ea       0x1e CMakeFiles/HP04_VT.dir/home/avinash/rpi_pico/pico/pico-sdk/src/common/pico_sync/mutex.c.obj
                0x00000000100014ea                recursive_mutex_init
 .text.critical_section_init_with_lock_num
                0x0000000010001508       0x14 CMakeFiles/HP04_VT.dir/home/avinash/rpi_pico/pico/pico-sdk/src/common/pico_sync/critical_section.c.obj
                0x0000000010001508                critical_section_init_with_lock_num
 .text.critical_section_init
                0x000000001000151c       0x14 CMakeFiles/HP04_VT.dir/home/avinash/rpi_pico/pico/pico-sdk/src/common/pico_sync/critical_section.c.obj
                0x000000001000151c                critical_section_init
 .text.ph_add_child_node
                0x0000000010001530       0xa4 CMakeFiles/HP04_VT.dir/home/avinash/rpi_pico/pico/pico-sdk/src/common/pico_util/pheap.c.obj
 .text.ph_merge_nodes
                0x00000000100015d4       0x3e CMakeFiles/HP04_VT.dir/home/avinash/rpi_pico/pico/pico-sdk/src/common/pico_util/pheap.c.obj
 *fill*         0x0000000010001612        0x2 
 .text.ph_clear
                0x0000000010001614       0x70 CMakeFiles/HP04_VT.dir/home/avinash/rpi_pico/pico/pico-sdk/src/common/pico_util/pheap.c.obj
                0x0000000010001614                ph_clear
 .text.ph_post_alloc_init
                0x0000000010001684        0xe CMakeFiles/HP04_VT.dir/home/avinash/rpi_pico/pico/pico-sdk/src/common/pico_util/pheap.c.obj
                0x0000000010001684                ph_post_alloc_init
 *fill*         0x0000000010001692        0x2 
 .text.ph_merge_two_pass
                0x0000000010001694       0x88 CMakeFiles/HP04_VT.dir/home/avinash/rpi_pico/pico/pico-sdk/src/common/pico_util/pheap.c.obj
                0x0000000010001694                ph_merge_two_pass
 .text.ph_remove_any_head
                0x000000001000171c      0x108 CMakeFiles/HP04_VT.dir/home/avinash/rpi_pico/pico/pico-sdk/src/common/pico_util/pheap.c.obj
 .text.ph_remove_head
                0x0000000010001824       0x14 CMakeFiles/HP04_VT.dir/home/avinash/rpi_pico/pico/pico-sdk/src/common/pico_util/pheap.c.obj
                0x0000000010001824                ph_remove_head
 .text.ph_remove_and_free_node
                0x0000000010001838      0x100 CMakeFiles/HP04_VT.dir/home/avinash/rpi_pico/pico/pico-sdk/src/common/pico_util/pheap.c.obj
                0x0000000010001838                ph_remove_and_free_node
 .text._exit    0x0000000010001938        0x4 CMakeFiles/HP04_VT.dir/home/avinash/rpi_pico/pico/pico-sdk/src/rp2_common/pico_runtime/runtime.c.obj
                0x0000000010001938                _exit
 .text.exit     0x000000001000193c        0x6 CMakeFiles/HP04_VT.dir/home/avinash/rpi_pico/pico/pico-sdk/src/rp2_common/pico_runtime/runtime.c.obj
                0x000000001000193c                exit
 *fill*         0x0000000010001942        0x2 
 .text.__assert_func
                0x0000000010001944       0x3c CMakeFiles/HP04_VT.dir/home/avinash/rpi_pico/pico/pico-sdk/src/rp2_common/pico_runtime/runtime.c.obj
                0x0000000010001944                __assert_func
 .text.runtime_init
                0x0000000010001980       0xf8 CMakeFiles/HP04_VT.dir/home/avinash/rpi_pico/pico/pico-sdk/src/rp2_common/pico_runtime/runtime.c.obj
                0x0000000010001980                runtime_init
 .text.panic    0x0000000010001a78       0x30 CMakeFiles/HP04_VT.dir/home/avinash/rpi_pico/pico/pico-sdk/src/rp2_common/pico_runtime/runtime.c.obj
                0x0000000010001a78                panic
 .text.clock_configure
                0x0000000010001aa8      0x100 CMakeFiles/HP04_VT.dir/home/avinash/rpi_pico/pico/pico-sdk/src/rp2_common/hardware_clocks/clocks.c.obj
                0x0000000010001aa8                clock_configure
 .text.clocks_init
                0x0000000010001ba8      0x100 CMakeFiles/HP04_VT.dir/home/avinash/rpi_pico/pico/pico-sdk/src/rp2_common/hardware_clocks/clocks.c.obj
                0x0000000010001ba8                clocks_init
 .text.set_raw_irq_handler_and_unlock
                0x0000000010001ca8       0x28 CMakeFiles/HP04_VT.dir/home/avinash/rpi_pico/pico/pico-sdk/src/rp2_common/hardware_irq/irq.c.obj
 .text.make_branch
                0x0000000010001cd0       0x48 CMakeFiles/HP04_VT.dir/home/avinash/rpi_pico/pico/pico-sdk/src/rp2_common/hardware_irq/irq.c.obj
 .text.insert_branch_and_link
                0x0000000010001d18       0x40 CMakeFiles/HP04_VT.dir/home/avinash/rpi_pico/pico/pico-sdk/src/rp2_common/hardware_irq/irq.c.obj
 .text.irq_is_enabled
                0x0000000010001d58       0x18 CMakeFiles/HP04_VT.dir/home/avinash/rpi_pico/pico/pico-sdk/src/rp2_common/hardware_irq/irq.c.obj
                0x0000000010001d58                irq_is_enabled
 .text.irq_set_mask_enabled
                0x0000000010001d70       0x20 CMakeFiles/HP04_VT.dir/home/avinash/rpi_pico/pico/pico-sdk/src/rp2_common/hardware_irq/irq.c.obj
                0x0000000010001d70                irq_set_mask_enabled
 .text.irq_set_enabled
                0x0000000010001d90        0xe CMakeFiles/HP04_VT.dir/home/avinash/rpi_pico/pico/pico-sdk/src/rp2_common/hardware_irq/irq.c.obj
                0x0000000010001d90                irq_set_enabled
 *fill*         0x0000000010001d9e        0x2 
 .text.irq_set_pending
                0x0000000010001da0       0x10 CMakeFiles/HP04_VT.dir/home/avinash/rpi_pico/pico/pico-sdk/src/rp2_common/hardware_irq/irq.c.obj
                0x0000000010001da0                irq_set_pending
 .text.irq_get_vtable_handler
                0x0000000010001db0       0x10 CMakeFiles/HP04_VT.dir/home/avinash/rpi_pico/pico/pico-sdk/src/rp2_common/hardware_irq/irq.c.obj
                0x0000000010001db0                irq_get_vtable_handler
 .text.irq_set_exclusive_handler
                0x0000000010001dc0       0x54 CMakeFiles/HP04_VT.dir/home/avinash/rpi_pico/pico/pico-sdk/src/rp2_common/hardware_irq/irq.c.obj
                0x0000000010001dc0                irq_set_exclusive_handler
 .text.irq_remove_handler
                0x0000000010001e14      0x1a4 CMakeFiles/HP04_VT.dir/home/avinash/rpi_pico/pico/pico-sdk/src/rp2_common/hardware_irq/irq.c.obj
                0x0000000010001e14                irq_remove_handler
 .text.irq_add_tail_to_free_list
                0x0000000010001fb8       0xfc CMakeFiles/HP04_VT.dir/home/avinash/rpi_pico/pico/pico-sdk/src/rp2_common/hardware_irq/irq.c.obj
                0x0000000010001fb8                irq_add_tail_to_free_list
 .text.irq_init_priorities
                0x00000000100020b4       0x1c CMakeFiles/HP04_VT.dir/home/avinash/rpi_pico/pico/pico-sdk/src/rp2_common/hardware_irq/irq.c.obj
                0x00000000100020b4                irq_init_priorities
 .text.pll_init
                0x00000000100020d0      0x118 CMakeFiles/HP04_VT.dir/home/avinash/rpi_pico/pico/pico-sdk/src/rp2_common/hardware_pll/pll.c.obj
                0x00000000100020d0                pll_init
 .text.watchdog_start_tick
                0x00000000100021e8       0x10 CMakeFiles/HP04_VT.dir/home/avinash/rpi_pico/pico/pico-sdk/src/rp2_common/hardware_watchdog/watchdog.c.obj
                0x00000000100021e8                watchdog_start_tick
 .text.watchdog_update
                0x00000000100021f8       0x14 CMakeFiles/HP04_VT.dir/home/avinash/rpi_pico/pico/pico-sdk/src/rp2_common/hardware_watchdog/watchdog.c.obj
                0x00000000100021f8                watchdog_update
 .text._watchdog_enable
                0x000000001000220c       0x70 CMakeFiles/HP04_VT.dir/home/avinash/rpi_pico/pico/pico-sdk/src/rp2_common/hardware_watchdog/watchdog.c.obj
                0x000000001000220c                _watchdog_enable
 .text.watchdog_reboot
                0x000000001000227c       0x44 CMakeFiles/HP04_VT.dir/home/avinash/rpi_pico/pico/pico-sdk/src/rp2_common/hardware_watchdog/watchdog.c.obj
                0x000000001000227c                watchdog_reboot
 .text.xosc_init
                0x00000000100022c0       0x28 CMakeFiles/HP04_VT.dir/home/avinash/rpi_pico/pico/pico-sdk/src/rp2_common/hardware_xosc/xosc.c.obj
                0x00000000100022c0                xosc_init
 .text._out_null
                0x00000000100022e8        0x2 CMakeFiles/HP04_VT.dir/home/avinash/rpi_pico/pico/pico-sdk/src/rp2_common/pico_printf/printf.c.obj
 .text._out_fct
                0x00000000100022ea       0x10 CMakeFiles/HP04_VT.dir/home/avinash/rpi_pico/pico/pico-sdk/src/rp2_common/pico_printf/printf.c.obj
 .text._atoi    0x00000000100022fa       0x28 CMakeFiles/HP04_VT.dir/home/avinash/rpi_pico/pico/pico-sdk/src/rp2_common/pico_printf/printf.c.obj
 .text._out_rev
                0x0000000010002322       0xa2 CMakeFiles/HP04_VT.dir/home/avinash/rpi_pico/pico/pico-sdk/src/rp2_common/pico_printf/printf.c.obj
 .text._ntoa_format
                0x00000000100023c4      0x10e CMakeFiles/HP04_VT.dir/home/avinash/rpi_pico/pico/pico-sdk/src/rp2_common/pico_printf/printf.c.obj
 .text._ntoa_long
                0x00000000100024d2       0x9e CMakeFiles/HP04_VT.dir/home/avinash/rpi_pico/pico/pico-sdk/src/rp2_common/pico_printf/printf.c.obj
 .text._ntoa_long_long
                0x0000000010002570       0xde CMakeFiles/HP04_VT.dir/home/avinash/rpi_pico/pico/pico-sdk/src/rp2_common/pico_printf/printf.c.obj
 *fill*         0x000000001000264e        0x2 
 .text._etoa    0x0000000010002650      0x410 CMakeFiles/HP04_VT.dir/home/avinash/rpi_pico/pico/pico-sdk/src/rp2_common/pico_printf/printf.c.obj
 .text._ftoa    0x0000000010002a60      0x33c CMakeFiles/HP04_VT.dir/home/avinash/rpi_pico/pico/pico-sdk/src/rp2_common/pico_printf/printf.c.obj
 .text._vsnprintf
                0x0000000010002d9c      0x61c CMakeFiles/HP04_VT.dir/home/avinash/rpi_pico/pico/pico-sdk/src/rp2_common/pico_printf/printf.c.obj
 .text.vfctprintf
                0x00000000100033b8       0x20 CMakeFiles/HP04_VT.dir/home/avinash/rpi_pico/pico/pico-sdk/src/rp2_common/pico_printf/printf.c.obj
                0x00000000100033b8                vfctprintf
 .text          0x00000000100033d8       0x10 CMakeFiles/HP04_VT.dir/home/avinash/rpi_pico/pico/pico-sdk/src/rp2_common/pico_bit_ops/bit_ops_aeabi.S.obj
 .text.rom_func_lookup
                0x00000000100033e8       0x10 CMakeFiles/HP04_VT.dir/home/avinash/rpi_pico/pico/pico-sdk/src/rp2_common/pico_bootrom/bootrom.c.obj
                0x00000000100033e8                rom_func_lookup
 .text.rom_data_lookup
                0x00000000100033f8       0x10 CMakeFiles/HP04_VT.dir/home/avinash/rpi_pico/pico/pico-sdk/src/rp2_common/pico_bootrom/bootrom.c.obj
                0x00000000100033f8                rom_data_lookup
 .text.rom_funcs_lookup
                0x0000000010003408       0x36 CMakeFiles/HP04_VT.dir/home/avinash/rpi_pico/pico/pico-sdk/src/rp2_common/pico_bootrom/bootrom.c.obj
                0x0000000010003408                rom_funcs_lookup
 *fill*         0x000000001000343e        0x2 
 .text.__wrap___aeabi_idiv
                0x0000000010003440       0x50 CMakeFiles/HP04_VT.dir/home/avinash/rpi_pico/pico/pico-sdk/src/rp2_common/pico_divider/divider.S.obj
                0x0000000010003440                __wrap___aeabi_idivmod
                0x0000000010003440                divmod_s32s32
                0x0000000010003440                div_s32s32
                0x0000000010003440                __wrap___aeabi_idiv
                0x0000000010003448                divmod_s32s32_unsafe
                0x0000000010003474                divmod_s32s32_savestate
 .text.__wrap___aeabi_uidiv
                0x0000000010003490       0x4c CMakeFiles/HP04_VT.dir/home/avinash/rpi_pico/pico/pico-sdk/src/rp2_common/pico_divider/divider.S.obj
                0x0000000010003490                __wrap___aeabi_uidiv
                0x0000000010003490                __wrap___aeabi_uidivmod
                0x0000000010003490                div_u32u32
                0x0000000010003490                divmod_u32u32
                0x0000000010003498                divmod_u32u32_unsafe
                0x00000000100034c0                divmod_u32u32_savestate
 .text.__wrap___aeabi_ldiv
                0x00000000100034dc      0x434 CMakeFiles/HP04_VT.dir/home/avinash/rpi_pico/pico/pico-sdk/src/rp2_common/pico_divider/divider.S.obj
                0x00000000100034dc                div_s64s64
                0x00000000100034dc                divmod_s64s64
                0x00000000100034dc                __wrap___aeabi_ldivmod
                0x0000000010003514                div_u64u64
                0x0000000010003514                divmod_u64u64
                0x0000000010003514                __wrap___aeabi_uldivmod
                0x0000000010003524                divmod_u64u64_savestate
                0x000000001000354c                divmod_s64s64_unsafe
                0x00000000100035d4                divmod_u64u64_unsafe
 .text.push_r8_r11
                0x0000000010003910        0xc CMakeFiles/HP04_VT.dir/home/avinash/rpi_pico/pico/pico-sdk/src/rp2_common/pico_double/double_aeabi.S.obj
                0x0000000010003910                push_r8_r11
 .text.pop_r8_r11
                0x000000001000391c        0xc CMakeFiles/HP04_VT.dir/home/avinash/rpi_pico/pico/pico-sdk/src/rp2_common/pico_double/double_aeabi.S.obj
                0x000000001000391c                pop_r8_r11
 .text.__wrap___aeabi_darithmetic
                0x0000000010003928       0x80 CMakeFiles/HP04_VT.dir/home/avinash/rpi_pico/pico/pico-sdk/src/rp2_common/pico_double/double_aeabi.S.obj
                0x0000000010003928                __wrap___aeabi_drsub
                0x000000001000392e                __wrap___aeabi_dsub
                0x0000000010003940                __wrap___aeabi_dadd
                0x0000000010003952                __wrap___aeabi_ddiv
                0x000000001000398e                __wrap___aeabi_dmul
 .text.__wrap___aeabi_cdcmple
                0x00000000100039a8       0x6c CMakeFiles/HP04_VT.dir/home/avinash/rpi_pico/pico/pico-sdk/src/rp2_common/pico_double/double_aeabi.S.obj
                0x00000000100039a8                __wrap___aeabi_cdrcmple
                0x00000000100039b8                __wrap___aeabi_cdcmple
                0x00000000100039b8                __wrap___aeabi_cdcmpeq
 .text.__wrap___aeabi_dcmplt
                0x0000000010003a14        0xc CMakeFiles/HP04_VT.dir/home/avinash/rpi_pico/pico/pico-sdk/src/rp2_common/pico_double/double_aeabi.S.obj
                0x0000000010003a14                __wrap___aeabi_dcmplt
 .text.__wrap___aeabi_dcmple
                0x0000000010003a20       0x10 CMakeFiles/HP04_VT.dir/home/avinash/rpi_pico/pico/pico-sdk/src/rp2_common/pico_double/double_aeabi.S.obj
                0x0000000010003a20                __wrap___aeabi_dcmple
 .text.__wrap___aeabi_dcmpge
                0x0000000010003a30       0x10 CMakeFiles/HP04_VT.dir/home/avinash/rpi_pico/pico/pico-sdk/src/rp2_common/pico_double/double_aeabi.S.obj
                0x0000000010003a30                __wrap___aeabi_dcmpge
 .text.__wrap___aeabi_dcmpgt
                0x0000000010003a40        0xa CMakeFiles/HP04_VT.dir/home/avinash/rpi_pico/pico/pico-sdk/src/rp2_common/pico_double/double_aeabi.S.obj
                0x0000000010003a40                __wrap___aeabi_dcmpgt
 .text.__wrap___aeabi_dcmpun
                0x0000000010003a4a       0x1c CMakeFiles/HP04_VT.dir/home/avinash/rpi_pico/pico/pico-sdk/src/rp2_common/pico_double/double_aeabi.S.obj
                0x0000000010003a4a                __wrap___aeabi_dcmpun
 *fill*         0x0000000010003a66        0x2 
 .text.__wrap___aeabi_i2d
                0x0000000010003a68       0x38 CMakeFiles/HP04_VT.dir/home/avinash/rpi_pico/pico/pico-sdk/src/rp2_common/pico_double/double_aeabi.S.obj
                0x0000000010003a68                __wrap___aeabi_ui2d
                0x0000000010003a70                __wrap___aeabi_i2d
 .text.__wrap___aeabi_d2iz
                0x0000000010003aa0       0x48 CMakeFiles/HP04_VT.dir/home/avinash/rpi_pico/pico/pico-sdk/src/rp2_common/pico_double/double_aeabi.S.obj
                0x0000000010003aa0                __wrap___aeabi_d2iz
                0x0000000010003aa0                double2int_z
 .text.__wrap___aeabi_d2uiz
                0x0000000010003ae8       0x18 CMakeFiles/HP04_VT.dir/home/avinash/rpi_pico/pico/pico-sdk/src/rp2_common/pico_double/double_aeabi.S.obj
                0x0000000010003ae8                double2uint
                0x0000000010003ae8                __wrap___aeabi_d2uiz
 .text.fix642double
                0x0000000010003b00       0x18 CMakeFiles/HP04_VT.dir/home/avinash/rpi_pico/pico/pico-sdk/src/rp2_common/pico_double/double_aeabi.S.obj
                0x0000000010003b00                fix642double
 .text.__wrap___aeabi_d2f
                0x0000000010003b18       0x18 CMakeFiles/HP04_VT.dir/home/avinash/rpi_pico/pico/pico-sdk/src/rp2_common/pico_double/double_aeabi.S.obj
                0x0000000010003b18                __wrap___aeabi_d2f
 .text.__wrap_sincostan_remainder
                0x0000000010003b30       0x14 CMakeFiles/HP04_VT.dir/home/avinash/rpi_pico/pico/pico-sdk/src/rp2_common/pico_double/double_aeabi.S.obj
                0x0000000010003b30                sincostan_remainder
 .text.__wrap_sin
                0x0000000010003b44       0x2c CMakeFiles/HP04_VT.dir/home/avinash/rpi_pico/pico/pico-sdk/src/rp2_common/pico_double/double_aeabi.S.obj
                0x0000000010003b44                __wrap_sin
 .text.__aeabi_double_init
                0x0000000010003b70       0xc8 CMakeFiles/HP04_VT.dir/home/avinash/rpi_pico/pico/pico-sdk/src/rp2_common/pico_double/double_init_rom.c.obj
                0x0000000010003b70                __aeabi_double_init
 .text.drem_0   0x0000000010003c38      0x12c CMakeFiles/HP04_VT.dir/home/avinash/rpi_pico/pico/pico-sdk/src/rp2_common/pico_double/double_math.c.obj
 .text.__wrap_remquo
                0x0000000010003d64      0x164 CMakeFiles/HP04_VT.dir/home/avinash/rpi_pico/pico/pico-sdk/src/rp2_common/pico_double/double_math.c.obj
                0x0000000010003d64                __wrap_remquo
 .text.__wrap_remainder
                0x0000000010003ec8       0x10 CMakeFiles/HP04_VT.dir/home/avinash/rpi_pico/pico/pico-sdk/src/rp2_common/pico_double/double_math.c.obj
                0x0000000010003ec8                __wrap_remainder
 .text.double_table_shim_on_use_helper
                0x0000000010003ed8       0x34 CMakeFiles/HP04_VT.dir/home/avinash/rpi_pico/pico/pico-sdk/src/rp2_common/pico_double/double_v1_rom_shim.S.obj
                0x0000000010003ed8                double_table_shim_on_use_helper
 .text.__wrap___aeabi_dsub
                0x0000000010003f0c       0x10 CMakeFiles/HP04_VT.dir/home/avinash/rpi_pico/pico/pico-sdk/src/rp2_common/pico_double/double_v1_rom_shim.S.obj
                0x0000000010003f0c                drsub_shim
                0x0000000010003f12                dsub_shim
 .text.dadd_shim
                0x0000000010003f1c      0x15c CMakeFiles/HP04_VT.dir/home/avinash/rpi_pico/pico/pico-sdk/src/rp2_common/pico_double/double_v1_rom_shim.S.obj
                0x0000000010003f1c                dadd_shim
 .text.dmul_shim
                0x0000000010004078      0x15c CMakeFiles/HP04_VT.dir/home/avinash/rpi_pico/pico/pico-sdk/src/rp2_common/pico_double/double_v1_rom_shim.S.obj
                0x0000000010004078                dmul_shim
 .text.ddiv_shim
                0x00000000100041d4      0x1b0 CMakeFiles/HP04_VT.dir/home/avinash/rpi_pico/pico/pico-sdk/src/rp2_common/pico_double/double_v1_rom_shim.S.obj
                0x00000000100041d4                ddiv_shim
 .text.dcordic_vec_step
                0x0000000010004384        0xe CMakeFiles/HP04_VT.dir/home/avinash/rpi_pico/pico/pico-sdk/src/rp2_common/pico_double/double_v1_rom_shim.S.obj
                0x0000000010004384                dcordic_vec_step
 .text.dcordic_rot_step
                0x0000000010004392       0x76 CMakeFiles/HP04_VT.dir/home/avinash/rpi_pico/pico/pico-sdk/src/rp2_common/pico_double/double_v1_rom_shim.S.obj
                0x0000000010004392                dcordic_rot_step
 .text.double2uint_shim
                0x0000000010004408        0xe CMakeFiles/HP04_VT.dir/home/avinash/rpi_pico/pico/pico-sdk/src/rp2_common/pico_double/double_v1_rom_shim.S.obj
                0x0000000010004408                double2uint_shim
                0x000000001000440a                double2ufix_shim
 .text.double2int64_shim
                0x0000000010004416       0x1a CMakeFiles/HP04_VT.dir/home/avinash/rpi_pico/pico/pico-sdk/src/rp2_common/pico_double/double_v1_rom_shim.S.obj
                0x0000000010004416                double2int64_shim
                0x0000000010004418                double2fix64_shim
 .text.double2uint64_shim
                0x0000000010004430       0x70 CMakeFiles/HP04_VT.dir/home/avinash/rpi_pico/pico/pico-sdk/src/rp2_common/pico_double/double_v1_rom_shim.S.obj
                0x0000000010004430                double2uint64_shim
                0x0000000010004432                double2ufix64_shim
                0x0000000010004452                d2fix_a
 .text.double2float_shim
                0x00000000100044a0       0x5c CMakeFiles/HP04_VT.dir/home/avinash/rpi_pico/pico/pico-sdk/src/rp2_common/pico_double/double_v1_rom_shim.S.obj
                0x00000000100044a0                double2float_shim
 .text.x2double_shims
                0x00000000100044fc       0x90 CMakeFiles/HP04_VT.dir/home/avinash/rpi_pico/pico/pico-sdk/src/rp2_common/pico_double/double_v1_rom_shim.S.obj
                0x00000000100044fc                uint2double_shim
                0x00000000100044fe                ufix2double_shim
                0x0000000010004504                int2double_shim
                0x0000000010004506                fix2double_shim
                0x000000001000450c                uint642double_shim
                0x000000001000450e                ufix642double_shim
                0x0000000010004514                int642double_shim
                0x0000000010004516                fix642double_shim
 .text.dunpacks
                0x000000001000458c       0x3c CMakeFiles/HP04_VT.dir/home/avinash/rpi_pico/pico/pico-sdk/src/rp2_common/pico_double/double_v1_rom_shim.S.obj
                0x000000001000458c                dunpacks
 .text.dreduce  0x00000000100045c8       0x82 CMakeFiles/HP04_VT.dir/home/avinash/rpi_pico/pico/pico-sdk/src/rp2_common/pico_double/double_v1_rom_shim.S.obj
                0x00000000100045c8                dreduce
 .text.dsin_shim
                0x000000001000464a       0x14 CMakeFiles/HP04_VT.dir/home/avinash/rpi_pico/pico/pico-sdk/src/rp2_common/pico_double/double_v1_rom_shim.S.obj
                0x000000001000464a                dsin_shim
 *fill*         0x000000001000465e        0x2 
 .text.dtrig_guts
                0x0000000010004660      0x2ec CMakeFiles/HP04_VT.dir/home/avinash/rpi_pico/pico/pico-sdk/src/rp2_common/pico_double/double_v1_rom_shim.S.obj
                0x0000000010004738                datan2_shim
 .text.__aeabi_lmul
                0x000000001000494c       0x32 CMakeFiles/HP04_VT.dir/home/avinash/rpi_pico/pico/pico-sdk/src/rp2_common/pico_int64_ops/pico_int64_ops_aeabi.S.obj
                0x000000001000494c                __wrap___aeabi_lmul
 *fill*         0x000000001000497e        0x2 
 .text.__wrap___aeabi_cfcmple
                0x0000000010004980       0x50 CMakeFiles/HP04_VT.dir/home/avinash/rpi_pico/pico/pico-sdk/src/rp2_common/pico_float/float_aeabi.S.obj
                0x0000000010004980                __wrap___aeabi_cfrcmple
                0x000000001000498c                __wrap___aeabi_cfcmpeq
                0x000000001000498c                __wrap___aeabi_cfcmple
 .text.__wrap___aeabi_fcmplt
                0x00000000100049d0        0xc CMakeFiles/HP04_VT.dir/home/avinash/rpi_pico/pico/pico-sdk/src/rp2_common/pico_float/float_aeabi.S.obj
                0x00000000100049d0                __wrap___aeabi_fcmplt
 .text.__wrap___aeabi_fcmpgt
                0x00000000100049dc        0xa CMakeFiles/HP04_VT.dir/home/avinash/rpi_pico/pico/pico-sdk/src/rp2_common/pico_float/float_aeabi.S.obj
                0x00000000100049dc                __wrap___aeabi_fcmpgt
 *fill*         0x00000000100049e6        0x2 
 .text.__wrap___aeabi_i2f
                0x00000000100049e8       0x44 CMakeFiles/HP04_VT.dir/home/avinash/rpi_pico/pico/pico-sdk/src/rp2_common/pico_float/float_aeabi.S.obj
                0x00000000100049e8                __wrap___aeabi_i2f
 .text.__wrap___aeabi_f2iz
                0x0000000010004a2c       0x4e CMakeFiles/HP04_VT.dir/home/avinash/rpi_pico/pico/pico-sdk/src/rp2_common/pico_float/float_aeabi.S.obj
                0x0000000010004a2c                __wrap___aeabi_f2iz
                0x0000000010004a2c                float2int_z
 *fill*         0x0000000010004a7a        0x2 
 .text.float2int
                0x0000000010004a7c       0x14 CMakeFiles/HP04_VT.dir/home/avinash/rpi_pico/pico/pico-sdk/src/rp2_common/pico_float/float_aeabi.S.obj
                0x0000000010004a7c                float2int
 .text.__wrap___aeabi_f2uiz
                0x0000000010004a90       0x10 CMakeFiles/HP04_VT.dir/home/avinash/rpi_pico/pico/pico-sdk/src/rp2_common/pico_float/float_aeabi.S.obj
                0x0000000010004a90                __wrap___aeabi_f2uiz
 .text.__wrap___aeabi_f2d
                0x0000000010004aa0       0x14 CMakeFiles/HP04_VT.dir/home/avinash/rpi_pico/pico/pico-sdk/src/rp2_common/pico_float/float_aeabi.S.obj
                0x0000000010004aa0                __wrap___aeabi_f2d
 .text.__aeabi_float_init
                0x0000000010004ab4       0xfc CMakeFiles/HP04_VT.dir/home/avinash/rpi_pico/pico/pico-sdk/src/rp2_common/pico_float/float_init_rom.c.obj
                0x0000000010004ab4                __aeabi_float_init
 .text.__wrap_roundf
                0x0000000010004bb0       0x3c CMakeFiles/HP04_VT.dir/home/avinash/rpi_pico/pico/pico-sdk/src/rp2_common/pico_float/float_math.c.obj
                0x0000000010004bb0                __wrap_roundf
 .text.float_table_shim_on_use_helper
                0x0000000010004bec       0x34 CMakeFiles/HP04_VT.dir/home/avinash/rpi_pico/pico/pico-sdk/src/rp2_common/pico_float/float_v1_rom_shim.S.obj
                0x0000000010004bec                float_table_shim_on_use_helper
 .text.float232_shims
                0x0000000010004c20       0x18 CMakeFiles/HP04_VT.dir/home/avinash/rpi_pico/pico/pico-sdk/src/rp2_common/pico_float/float_v1_rom_shim.S.obj
                0x0000000010004c20                float2int_shim
                0x0000000010004c22                float2fix_shim
 .text.float2double_shim
                0x0000000010004c38       0x30 CMakeFiles/HP04_VT.dir/home/avinash/rpi_pico/pico/pico-sdk/src/rp2_common/pico_float/float_v1_rom_shim.S.obj
                0x0000000010004c38                float2double_shim
 .text          0x0000000010004c68       0x10 CMakeFiles/HP04_VT.dir/home/avinash/rpi_pico/pico/pico-sdk/src/rp2_common/pico_mem_ops/mem_ops_aeabi.S.obj
                0x0000000010004c68                __aeabi_mem_init
 .text.memset   0x0000000010004c78        0xc CMakeFiles/HP04_VT.dir/home/avinash/rpi_pico/pico/pico-sdk/src/rp2_common/pico_mem_ops/mem_ops_aeabi.S.obj
                0x0000000010004c78                __wrap_memset
 .text.memcpy   0x0000000010004c84        0xc CMakeFiles/HP04_VT.dir/home/avinash/rpi_pico/pico/pico-sdk/src/rp2_common/pico_mem_ops/mem_ops_aeabi.S.obj
                0x0000000010004c84                __wrap___aeabi_memcpy
                0x0000000010004c84                __wrap_memcpy
 .text.stdio_out_chars_no_crlf
                0x0000000010004c90        0xe CMakeFiles/HP04_VT.dir/home/avinash/rpi_pico/pico/pico-sdk/src/rp2_common/pico_stdio/stdio.c.obj
 *fill*         0x0000000010004c9e        0x2 
 .text.stdio_out_chars_crlf
                0x0000000010004ca0       0x84 CMakeFiles/HP04_VT.dir/home/avinash/rpi_pico/pico/pico-sdk/src/rp2_common/pico_stdio/stdio.c.obj
 .text.stdio_stack_buffer_flush
                0x0000000010004d24       0x44 CMakeFiles/HP04_VT.dir/home/avinash/rpi_pico/pico/pico-sdk/src/rp2_common/pico_stdio/stdio.c.obj
 .text.stdio_buffered_printer
                0x0000000010004d68       0x20 CMakeFiles/HP04_VT.dir/home/avinash/rpi_pico/pico/pico-sdk/src/rp2_common/pico_stdio/stdio.c.obj
 .text.stdout_serialize_begin
                0x0000000010004d88       0x30 CMakeFiles/HP04_VT.dir/home/avinash/rpi_pico/pico/pico-sdk/src/rp2_common/pico_stdio/stdio.c.obj
                0x0000000010004d88                stdout_serialize_begin
 .text.stdout_serialize_end
                0x0000000010004db8       0x10 CMakeFiles/HP04_VT.dir/home/avinash/rpi_pico/pico/pico-sdk/src/rp2_common/pico_stdio/stdio.c.obj
                0x0000000010004db8                stdout_serialize_end
 .text.stdio_put_string
                0x0000000010004dc8       0x94 CMakeFiles/HP04_VT.dir/home/avinash/rpi_pico/pico/pico-sdk/src/rp2_common/pico_stdio/stdio.c.obj
 .text.stdio_set_driver_enabled
                0x0000000010004e5c       0x2c CMakeFiles/HP04_VT.dir/home/avinash/rpi_pico/pico/pico-sdk/src/rp2_common/pico_stdio/stdio.c.obj
                0x0000000010004e5c                stdio_set_driver_enabled
 .text.stdio_flush
                0x0000000010004e88       0x20 CMakeFiles/HP04_VT.dir/home/avinash/rpi_pico/pico/pico-sdk/src/rp2_common/pico_stdio/stdio.c.obj
                0x0000000010004e88                stdio_flush
 .text.__wrap_puts
                0x0000000010004ea8       0x1e CMakeFiles/HP04_VT.dir/home/avinash/rpi_pico/pico/pico-sdk/src/rp2_common/pico_stdio/stdio.c.obj
                0x0000000010004ea8                __wrap_puts
 *fill*         0x0000000010004ec6        0x2 
 .text.__wrap_vprintf
                0x0000000010004ec8       0x44 CMakeFiles/HP04_VT.dir/home/avinash/rpi_pico/pico/pico-sdk/src/rp2_common/pico_stdio/stdio.c.obj
                0x0000000010004ec8                __wrap_vprintf
 .text.__wrap_printf
                0x0000000010004f0c       0x18 CMakeFiles/HP04_VT.dir/home/avinash/rpi_pico/pico/pico-sdk/src/rp2_common/pico_stdio/stdio.c.obj
                0x0000000010004f0c                __wrap_printf
 .text.stdio_init_all
                0x0000000010004f24        0x8 CMakeFiles/HP04_VT.dir/home/avinash/rpi_pico/pico/pico-sdk/src/rp2_common/pico_stdio/stdio.c.obj
                0x0000000010004f24                stdio_init_all
 .text.resetd_init
                0x0000000010004f2c        0x2 CMakeFiles/HP04_VT.dir/home/avinash/rpi_pico/pico/pico-sdk/src/rp2_common/pico_stdio_usb/reset_interface.c.obj
 *fill*         0x0000000010004f2e        0x2 
 .text.resetd_reset
                0x0000000010004f30        0xc CMakeFiles/HP04_VT.dir/home/avinash/rpi_pico/pico/pico-sdk/src/rp2_common/pico_stdio_usb/reset_interface.c.obj
 .text.resetd_open
                0x0000000010004f3c       0x34 CMakeFiles/HP04_VT.dir/home/avinash/rpi_pico/pico/pico-sdk/src/rp2_common/pico_stdio_usb/reset_interface.c.obj
 .text.resetd_xfer_cb
                0x0000000010004f70        0x4 CMakeFiles/HP04_VT.dir/home/avinash/rpi_pico/pico/pico-sdk/src/rp2_common/pico_stdio_usb/reset_interface.c.obj
 .text.resetd_control_xfer_cb
                0x0000000010004f74       0x6c CMakeFiles/HP04_VT.dir/home/avinash/rpi_pico/pico/pico-sdk/src/rp2_common/pico_stdio_usb/reset_interface.c.obj
 .text.usbd_app_driver_get_cb
                0x0000000010004fe0        0xc CMakeFiles/HP04_VT.dir/home/avinash/rpi_pico/pico/pico-sdk/src/rp2_common/pico_stdio_usb/reset_interface.c.obj
                0x0000000010004fe0                usbd_app_driver_get_cb
 .text.tud_cdc_line_coding_cb
                0x0000000010004fec       0x34 CMakeFiles/HP04_VT.dir/home/avinash/rpi_pico/pico/pico-sdk/src/rp2_common/pico_stdio_usb/reset_interface.c.obj
                0x0000000010004fec                tud_cdc_line_coding_cb
 .text.stdio_usb_in_chars
                0x0000000010005020       0x70 CMakeFiles/HP04_VT.dir/home/avinash/rpi_pico/pico/pico-sdk/src/rp2_common/pico_stdio_usb/stdio_usb.c.obj
                0x0000000010005020                stdio_usb_in_chars
 .text.low_priority_worker_irq
                0x0000000010005090       0x20 CMakeFiles/HP04_VT.dir/home/avinash/rpi_pico/pico/pico-sdk/src/rp2_common/pico_stdio_usb/stdio_usb.c.obj
 .text.stdio_usb_out_chars
                0x00000000100050b0       0xd4 CMakeFiles/HP04_VT.dir/home/avinash/rpi_pico/pico/pico-sdk/src/rp2_common/pico_stdio_usb/stdio_usb.c.obj
 .text.timer_task
                0x0000000010005184       0x10 CMakeFiles/HP04_VT.dir/home/avinash/rpi_pico/pico/pico-sdk/src/rp2_common/pico_stdio_usb/stdio_usb.c.obj
 .text.stdio_usb_init
                0x0000000010005194       0xb4 CMakeFiles/HP04_VT.dir/home/avinash/rpi_pico/pico/pico-sdk/src/rp2_common/pico_stdio_usb/stdio_usb.c.obj
                0x0000000010005194                stdio_usb_init
 .text.tud_descriptor_device_cb
                0x0000000010005248        0x8 CMakeFiles/HP04_VT.dir/home/avinash/rpi_pico/pico/pico-sdk/src/rp2_common/pico_stdio_usb/stdio_usb_descriptors.c.obj
                0x0000000010005248                tud_descriptor_device_cb
 .text.tud_descriptor_configuration_cb
                0x0000000010005250        0x8 CMakeFiles/HP04_VT.dir/home/avinash/rpi_pico/pico/pico-sdk/src/rp2_common/pico_stdio_usb/stdio_usb_descriptors.c.obj
                0x0000000010005250                tud_descriptor_configuration_cb
 .text.tud_descriptor_string_cb
                0x0000000010005258       0x68 CMakeFiles/HP04_VT.dir/home/avinash/rpi_pico/pico/pico-sdk/src/rp2_common/pico_stdio_usb/stdio_usb_descriptors.c.obj
                0x0000000010005258                tud_descriptor_string_cb
 .text.hw_endpoint_get_by_addr
                0x00000000100052c0       0x18 CMakeFiles/HP04_VT.dir/home/avinash/rpi_pico/pico/pico-sdk/lib/tinyusb/src/portable/raspberrypi/rp2040/dcd_rp2040.c.obj
 .text.reset_ep0_pid
                0x00000000100052d8       0x28 CMakeFiles/HP04_VT.dir/home/avinash/rpi_pico/pico/pico-sdk/lib/tinyusb/src/portable/raspberrypi/rp2040/dcd_rp2040.c.obj
 .text._hw_endpoint_alloc
                0x0000000010005300       0x70 CMakeFiles/HP04_VT.dir/home/avinash/rpi_pico/pico/pico-sdk/lib/tinyusb/src/portable/raspberrypi/rp2040/dcd_rp2040.c.obj
 .text.hw_endpoint_init
                0x0000000010005370       0x88 CMakeFiles/HP04_VT.dir/home/avinash/rpi_pico/pico/pico-sdk/lib/tinyusb/src/portable/raspberrypi/rp2040/dcd_rp2040.c.obj
 .text.reset_non_control_endpoints
                0x00000000100053f8       0x44 CMakeFiles/HP04_VT.dir/home/avinash/rpi_pico/pico/pico-sdk/lib/tinyusb/src/portable/raspberrypi/rp2040/dcd_rp2040.c.obj
 .text.hw_handle_buff_status
                0x000000001000543c       0x8c CMakeFiles/HP04_VT.dir/home/avinash/rpi_pico/pico/pico-sdk/lib/tinyusb/src/portable/raspberrypi/rp2040/dcd_rp2040.c.obj
 .text.dcd_rp2040_irq
                0x00000000100054c8       0xbc CMakeFiles/HP04_VT.dir/home/avinash/rpi_pico/pico/pico-sdk/lib/tinyusb/src/portable/raspberrypi/rp2040/dcd_rp2040.c.obj
 .text.hw_endpoint_xfer
                0x0000000010005584       0x14 CMakeFiles/HP04_VT.dir/home/avinash/rpi_pico/pico/pico-sdk/lib/tinyusb/src/portable/raspberrypi/rp2040/dcd_rp2040.c.obj
 .text.dcd_int_enable
                0x0000000010005598       0x2c CMakeFiles/HP04_VT.dir/home/avinash/rpi_pico/pico/pico-sdk/lib/tinyusb/src/portable/raspberrypi/rp2040/dcd_rp2040.c.obj
                0x0000000010005598                dcd_int_enable
 .text.dcd_set_address
                0x00000000100055c4       0x2c CMakeFiles/HP04_VT.dir/home/avinash/rpi_pico/pico/pico-sdk/lib/tinyusb/src/portable/raspberrypi/rp2040/dcd_rp2040.c.obj
                0x00000000100055c4                dcd_set_address
 .text.dcd_connect
                0x00000000100055f0       0x10 CMakeFiles/HP04_VT.dir/home/avinash/rpi_pico/pico/pico-sdk/lib/tinyusb/src/portable/raspberrypi/rp2040/dcd_rp2040.c.obj
                0x00000000100055f0                dcd_connect
 .text.dcd_init
                0x0000000010005600       0x7c CMakeFiles/HP04_VT.dir/home/avinash/rpi_pico/pico/pico-sdk/lib/tinyusb/src/portable/raspberrypi/rp2040/dcd_rp2040.c.obj
                0x0000000010005600                dcd_init
 .text.dcd_edpt0_status_complete
                0x000000001000567c       0x1c CMakeFiles/HP04_VT.dir/home/avinash/rpi_pico/pico/pico-sdk/lib/tinyusb/src/portable/raspberrypi/rp2040/dcd_rp2040.c.obj
                0x000000001000567c                dcd_edpt0_status_complete
 .text.dcd_edpt_open
                0x0000000010005698       0x40 CMakeFiles/HP04_VT.dir/home/avinash/rpi_pico/pico/pico-sdk/lib/tinyusb/src/portable/raspberrypi/rp2040/dcd_rp2040.c.obj
                0x0000000010005698                dcd_edpt_open
 .text.dcd_edpt_close_all
                0x00000000100056d8        0x8 CMakeFiles/HP04_VT.dir/home/avinash/rpi_pico/pico/pico-sdk/lib/tinyusb/src/portable/raspberrypi/rp2040/dcd_rp2040.c.obj
                0x00000000100056d8                dcd_edpt_close_all
 .text.dcd_edpt_xfer
                0x00000000100056e0       0x30 CMakeFiles/HP04_VT.dir/home/avinash/rpi_pico/pico/pico-sdk/lib/tinyusb/src/portable/raspberrypi/rp2040/dcd_rp2040.c.obj
                0x00000000100056e0                dcd_edpt_xfer
 .text.dcd_edpt_stall
                0x0000000010005710       0x2c CMakeFiles/HP04_VT.dir/home/avinash/rpi_pico/pico/pico-sdk/lib/tinyusb/src/portable/raspberrypi/rp2040/dcd_rp2040.c.obj
                0x0000000010005710                dcd_edpt_stall
 .text.dcd_edpt_clear_stall
                0x000000001000573c       0x20 CMakeFiles/HP04_VT.dir/home/avinash/rpi_pico/pico/pico-sdk/lib/tinyusb/src/portable/raspberrypi/rp2040/dcd_rp2040.c.obj
                0x000000001000573c                dcd_edpt_clear_stall
 .text.prepare_ep_buffer
                0x000000001000575c       0x70 CMakeFiles/HP04_VT.dir/home/avinash/rpi_pico/pico/pico-sdk/lib/tinyusb/src/portable/raspberrypi/rp2040/rp2040_usb.c.obj
 .text.sync_ep_buffer
                0x00000000100057cc       0x7c CMakeFiles/HP04_VT.dir/home/avinash/rpi_pico/pico/pico-sdk/lib/tinyusb/src/portable/raspberrypi/rp2040/rp2040_usb.c.obj
 .text._hw_endpoint_xfer_sync
                0x0000000010005848       0x28 CMakeFiles/HP04_VT.dir/home/avinash/rpi_pico/pico/pico-sdk/lib/tinyusb/src/portable/raspberrypi/rp2040/rp2040_usb.c.obj
 .text.rp2040_usb_init
                0x0000000010005870       0x4c CMakeFiles/HP04_VT.dir/home/avinash/rpi_pico/pico/pico-sdk/lib/tinyusb/src/portable/raspberrypi/rp2040/rp2040_usb.c.obj
                0x0000000010005870                rp2040_usb_init
 .text.hw_endpoint_reset_transfer
                0x00000000100058bc        0xc CMakeFiles/HP04_VT.dir/home/avinash/rpi_pico/pico/pico-sdk/lib/tinyusb/src/portable/raspberrypi/rp2040/rp2040_usb.c.obj
                0x00000000100058bc                hw_endpoint_reset_transfer
 .text._hw_endpoint_buffer_control_update32
                0x00000000100058c8       0x58 CMakeFiles/HP04_VT.dir/home/avinash/rpi_pico/pico/pico-sdk/lib/tinyusb/src/portable/raspberrypi/rp2040/rp2040_usb.c.obj
                0x00000000100058c8                _hw_endpoint_buffer_control_update32
 .text._hw_endpoint_start_next_buffer
                0x0000000010005920       0x74 CMakeFiles/HP04_VT.dir/home/avinash/rpi_pico/pico/pico-sdk/lib/tinyusb/src/portable/raspberrypi/rp2040/rp2040_usb.c.obj
 .text.hw_endpoint_xfer_start
                0x0000000010005994       0x48 CMakeFiles/HP04_VT.dir/home/avinash/rpi_pico/pico/pico-sdk/lib/tinyusb/src/portable/raspberrypi/rp2040/rp2040_usb.c.obj
                0x0000000010005994                hw_endpoint_xfer_start
 .text.hw_endpoint_xfer_continue
                0x00000000100059dc       0x38 CMakeFiles/HP04_VT.dir/home/avinash/rpi_pico/pico/pico-sdk/lib/tinyusb/src/portable/raspberrypi/rp2040/rp2040_usb.c.obj
                0x00000000100059dc                hw_endpoint_xfer_continue
 .text.configuration_reset
                0x0000000010005a14       0x88 CMakeFiles/HP04_VT.dir/home/avinash/rpi_pico/pico/pico-sdk/lib/tinyusb/src/device/usbd.c.obj
 .text.usbd_reset
                0x0000000010005a9c        0xc CMakeFiles/HP04_VT.dir/home/avinash/rpi_pico/pico/pico-sdk/lib/tinyusb/src/device/usbd.c.obj
 .text.invoke_class_control
                0x0000000010005aa8       0x1a CMakeFiles/HP04_VT.dir/home/avinash/rpi_pico/pico/pico-sdk/lib/tinyusb/src/device/usbd.c.obj
 *fill*         0x0000000010005ac2        0x2 
 .text.process_set_config
                0x0000000010005ac4      0x1ac CMakeFiles/HP04_VT.dir/home/avinash/rpi_pico/pico/pico-sdk/lib/tinyusb/src/device/usbd.c.obj
 .text.process_get_descriptor
                0x0000000010005c70       0xf8 CMakeFiles/HP04_VT.dir/home/avinash/rpi_pico/pico/pico-sdk/lib/tinyusb/src/device/usbd.c.obj
 .text.tud_mounted
                0x0000000010005d68       0x10 CMakeFiles/HP04_VT.dir/home/avinash/rpi_pico/pico/pico-sdk/lib/tinyusb/src/device/usbd.c.obj
                0x0000000010005d68                tud_mounted
 .text.tud_suspended
                0x0000000010005d78       0x10 CMakeFiles/HP04_VT.dir/home/avinash/rpi_pico/pico/pico-sdk/lib/tinyusb/src/device/usbd.c.obj
                0x0000000010005d78                tud_suspended
 .text.tud_inited
                0x0000000010005d88        0xc CMakeFiles/HP04_VT.dir/home/avinash/rpi_pico/pico/pico-sdk/lib/tinyusb/src/device/usbd.c.obj
                0x0000000010005d88                tud_inited
 .text.tud_init
                0x0000000010005d94       0xd0 CMakeFiles/HP04_VT.dir/home/avinash/rpi_pico/pico/pico-sdk/lib/tinyusb/src/device/usbd.c.obj
                0x0000000010005d94                tud_init
 .text.dcd_event_handler
                0x0000000010005e64      0x1e0 CMakeFiles/HP04_VT.dir/home/avinash/rpi_pico/pico/pico-sdk/lib/tinyusb/src/device/usbd.c.obj
                0x0000000010005e64                dcd_event_handler
 .text.dcd_event_bus_signal
                0x0000000010006044       0x26 CMakeFiles/HP04_VT.dir/home/avinash/rpi_pico/pico/pico-sdk/lib/tinyusb/src/device/usbd.c.obj
                0x0000000010006044                dcd_event_bus_signal
 .text.dcd_event_bus_reset
                0x000000001000606a       0x2a CMakeFiles/HP04_VT.dir/home/avinash/rpi_pico/pico/pico-sdk/lib/tinyusb/src/device/usbd.c.obj
                0x000000001000606a                dcd_event_bus_reset
 .text.dcd_event_setup_received
                0x0000000010006094       0x32 CMakeFiles/HP04_VT.dir/home/avinash/rpi_pico/pico/pico-sdk/lib/tinyusb/src/device/usbd.c.obj
                0x0000000010006094                dcd_event_setup_received
 .text.dcd_event_xfer_complete
                0x00000000100060c6       0x44 CMakeFiles/HP04_VT.dir/home/avinash/rpi_pico/pico/pico-sdk/lib/tinyusb/src/device/usbd.c.obj
                0x00000000100060c6                dcd_event_xfer_complete
 *fill*         0x000000001000610a        0x2 
 .text.usbd_edpt_open
                0x000000001000610c       0x5c CMakeFiles/HP04_VT.dir/home/avinash/rpi_pico/pico/pico-sdk/lib/tinyusb/src/device/usbd.c.obj
                0x000000001000610c                usbd_edpt_open
 .text.usbd_open_edpt_pair
                0x0000000010006168       0x8c CMakeFiles/HP04_VT.dir/home/avinash/rpi_pico/pico/pico-sdk/lib/tinyusb/src/device/usbd.c.obj
                0x0000000010006168                usbd_open_edpt_pair
 .text.usbd_edpt_claim
                0x00000000100061f4       0x8c CMakeFiles/HP04_VT.dir/home/avinash/rpi_pico/pico/pico-sdk/lib/tinyusb/src/device/usbd.c.obj
                0x00000000100061f4                usbd_edpt_claim
 .text.usbd_edpt_release
                0x0000000010006280       0x68 CMakeFiles/HP04_VT.dir/home/avinash/rpi_pico/pico/pico-sdk/lib/tinyusb/src/device/usbd.c.obj
                0x0000000010006280                usbd_edpt_release
 .text.usbd_edpt_xfer
                0x00000000100062e8       0x80 CMakeFiles/HP04_VT.dir/home/avinash/rpi_pico/pico/pico-sdk/lib/tinyusb/src/device/usbd.c.obj
                0x00000000100062e8                usbd_edpt_xfer
 .text.usbd_edpt_stall
                0x0000000010006368       0x40 CMakeFiles/HP04_VT.dir/home/avinash/rpi_pico/pico/pico-sdk/lib/tinyusb/src/device/usbd.c.obj
                0x0000000010006368                usbd_edpt_stall
 .text.usbd_edpt_clear_stall
                0x00000000100063a8       0x40 CMakeFiles/HP04_VT.dir/home/avinash/rpi_pico/pico/pico-sdk/lib/tinyusb/src/device/usbd.c.obj
                0x00000000100063a8                usbd_edpt_clear_stall
 .text.usbd_edpt_stalled
                0x00000000100063e8       0x1c CMakeFiles/HP04_VT.dir/home/avinash/rpi_pico/pico/pico-sdk/lib/tinyusb/src/device/usbd.c.obj
                0x00000000100063e8                usbd_edpt_stalled
 .text.process_control_request
                0x0000000010006404      0x3cc CMakeFiles/HP04_VT.dir/home/avinash/rpi_pico/pico/pico-sdk/lib/tinyusb/src/device/usbd.c.obj
 .text.tud_task
                0x00000000100067d0      0x220 CMakeFiles/HP04_VT.dir/home/avinash/rpi_pico/pico/pico-sdk/lib/tinyusb/src/device/usbd.c.obj
                0x00000000100067d0                tud_task
 .text._data_stage_xact
                0x00000000100069f0       0x58 CMakeFiles/HP04_VT.dir/home/avinash/rpi_pico/pico/pico-sdk/lib/tinyusb/src/device/usbd_control.c.obj
 .text.tud_control_status
                0x0000000010006a48       0x38 CMakeFiles/HP04_VT.dir/home/avinash/rpi_pico/pico/pico-sdk/lib/tinyusb/src/device/usbd_control.c.obj
                0x0000000010006a48                tud_control_status
 .text.tud_control_xfer
                0x0000000010006a80       0xa4 CMakeFiles/HP04_VT.dir/home/avinash/rpi_pico/pico/pico-sdk/lib/tinyusb/src/device/usbd_control.c.obj
                0x0000000010006a80                tud_control_xfer
 .text.usbd_control_reset
                0x0000000010006b24       0x14 CMakeFiles/HP04_VT.dir/home/avinash/rpi_pico/pico/pico-sdk/lib/tinyusb/src/device/usbd_control.c.obj
                0x0000000010006b24                usbd_control_reset
 .text.usbd_control_set_complete_callback
                0x0000000010006b38        0xc CMakeFiles/HP04_VT.dir/home/avinash/rpi_pico/pico/pico-sdk/lib/tinyusb/src/device/usbd_control.c.obj
                0x0000000010006b38                usbd_control_set_complete_callback
 .text.usbd_control_set_request
                0x0000000010006b44       0x1c CMakeFiles/HP04_VT.dir/home/avinash/rpi_pico/pico/pico-sdk/lib/tinyusb/src/device/usbd_control.c.obj
                0x0000000010006b44                usbd_control_set_request
 .text.usbd_control_xfer_cb
                0x0000000010006b60      0x104 CMakeFiles/HP04_VT.dir/home/avinash/rpi_pico/pico/pico-sdk/lib/tinyusb/src/device/usbd_control.c.obj
                0x0000000010006b60                usbd_control_xfer_cb
 .text._prep_out_transaction
                0x0000000010006c64       0x46 CMakeFiles/HP04_VT.dir/home/avinash/rpi_pico/pico/pico-sdk/lib/tinyusb/src/class/cdc/cdc_device.c.obj
 *fill*         0x0000000010006caa        0x2 
 .text.tud_cdc_n_connected
                0x0000000010006cac       0x44 CMakeFiles/HP04_VT.dir/home/avinash/rpi_pico/pico/pico-sdk/lib/tinyusb/src/class/cdc/cdc_device.c.obj
                0x0000000010006cac                tud_cdc_n_connected
 .text.tud_cdc_n_available
                0x0000000010006cf0       0x1c CMakeFiles/HP04_VT.dir/home/avinash/rpi_pico/pico/pico-sdk/lib/tinyusb/src/class/cdc/cdc_device.c.obj
                0x0000000010006cf0                tud_cdc_n_available
 .text.tud_cdc_n_read
                0x0000000010006d0c       0x28 CMakeFiles/HP04_VT.dir/home/avinash/rpi_pico/pico/pico-sdk/lib/tinyusb/src/class/cdc/cdc_device.c.obj
                0x0000000010006d0c                tud_cdc_n_read
 .text.tud_cdc_n_write_flush
                0x0000000010006d34       0xcc CMakeFiles/HP04_VT.dir/home/avinash/rpi_pico/pico/pico-sdk/lib/tinyusb/src/class/cdc/cdc_device.c.obj
                0x0000000010006d34                tud_cdc_n_write_flush
 .text.tud_cdc_n_write
                0x0000000010006e00       0x38 CMakeFiles/HP04_VT.dir/home/avinash/rpi_pico/pico/pico-sdk/lib/tinyusb/src/class/cdc/cdc_device.c.obj
                0x0000000010006e00                tud_cdc_n_write
 .text.tud_cdc_n_write_available
                0x0000000010006e38       0x1c CMakeFiles/HP04_VT.dir/home/avinash/rpi_pico/pico/pico-sdk/lib/tinyusb/src/class/cdc/cdc_device.c.obj
                0x0000000010006e38                tud_cdc_n_write_available
 .text.cdcd_init
                0x0000000010006e54       0xc0 CMakeFiles/HP04_VT.dir/home/avinash/rpi_pico/pico/pico-sdk/lib/tinyusb/src/class/cdc/cdc_device.c.obj
                0x0000000010006e54                cdcd_init
 .text.cdcd_reset
                0x0000000010006f14       0x44 CMakeFiles/HP04_VT.dir/home/avinash/rpi_pico/pico/pico-sdk/lib/tinyusb/src/class/cdc/cdc_device.c.obj
                0x0000000010006f14                cdcd_reset
 .text.cdcd_open
                0x0000000010006f58      0x100 CMakeFiles/HP04_VT.dir/home/avinash/rpi_pico/pico/pico-sdk/lib/tinyusb/src/class/cdc/cdc_device.c.obj
                0x0000000010006f58                cdcd_open
 .text.cdcd_control_xfer_cb
                0x0000000010007058      0x12c CMakeFiles/HP04_VT.dir/home/avinash/rpi_pico/pico/pico-sdk/lib/tinyusb/src/class/cdc/cdc_device.c.obj
                0x0000000010007058                cdcd_control_xfer_cb
 .text.cdcd_xfer_cb
                0x0000000010007184      0x140 CMakeFiles/HP04_VT.dir/home/avinash/rpi_pico/pico/pico-sdk/lib/tinyusb/src/class/cdc/cdc_device.c.obj
                0x0000000010007184                cdcd_xfer_cb
 .text.tusb_init
                0x00000000100072c4       0x24 CMakeFiles/HP04_VT.dir/home/avinash/rpi_pico/pico/pico-sdk/lib/tinyusb/src/tusb.c.obj
                0x00000000100072c4                tusb_init
 .text.tusb_inited
                0x00000000100072e8        0xe CMakeFiles/HP04_VT.dir/home/avinash/rpi_pico/pico/pico-sdk/lib/tinyusb/src/tusb.c.obj
                0x00000000100072e8                tusb_inited
 *fill*         0x00000000100072f6        0x2 
 .text.tu_edpt_validate
                0x00000000100072f8       0xa8 CMakeFiles/HP04_VT.dir/home/avinash/rpi_pico/pico/pico-sdk/lib/tinyusb/src/tusb.c.obj
                0x00000000100072f8                tu_edpt_validate
 .text.tu_edpt_bind_driver
                0x00000000100073a0       0x2a CMakeFiles/HP04_VT.dir/home/avinash/rpi_pico/pico/pico-sdk/lib/tinyusb/src/tusb.c.obj
                0x00000000100073a0                tu_edpt_bind_driver
 .text.advance_pointer
                0x00000000100073ca       0x18 CMakeFiles/HP04_VT.dir/home/avinash/rpi_pico/pico/pico-sdk/lib/tinyusb/src/common/tusb_fifo.c.obj
 .text.backward_pointer
                0x00000000100073e2       0x18 CMakeFiles/HP04_VT.dir/home/avinash/rpi_pico/pico/pico-sdk/lib/tinyusb/src/common/tusb_fifo.c.obj
 .text.get_relative_pointer
                0x00000000100073fa       0x10 CMakeFiles/HP04_VT.dir/home/avinash/rpi_pico/pico/pico-sdk/lib/tinyusb/src/common/tusb_fifo.c.obj
 .text._tu_fifo_peek
                0x000000001000740a       0x4c CMakeFiles/HP04_VT.dir/home/avinash/rpi_pico/pico/pico-sdk/lib/tinyusb/src/common/tusb_fifo.c.obj
 .text._ff_pull_const_addr
                0x0000000010007456       0x46 CMakeFiles/HP04_VT.dir/home/avinash/rpi_pico/pico/pico-sdk/lib/tinyusb/src/common/tusb_fifo.c.obj
 .text._ff_pull_n
                0x000000001000749c       0xfe CMakeFiles/HP04_VT.dir/home/avinash/rpi_pico/pico/pico-sdk/lib/tinyusb/src/common/tusb_fifo.c.obj
 .text._tu_fifo_peek_n
                0x000000001000759a       0x5e CMakeFiles/HP04_VT.dir/home/avinash/rpi_pico/pico/pico-sdk/lib/tinyusb/src/common/tusb_fifo.c.obj
 .text._tu_fifo_read_n
                0x00000000100075f8       0x4e CMakeFiles/HP04_VT.dir/home/avinash/rpi_pico/pico/pico-sdk/lib/tinyusb/src/common/tusb_fifo.c.obj
 .text._ff_push_const_addr
                0x0000000010007646       0x3a CMakeFiles/HP04_VT.dir/home/avinash/rpi_pico/pico/pico-sdk/lib/tinyusb/src/common/tusb_fifo.c.obj
 .text._ff_push_n
                0x0000000010007680       0xfa CMakeFiles/HP04_VT.dir/home/avinash/rpi_pico/pico/pico-sdk/lib/tinyusb/src/common/tusb_fifo.c.obj
 .text._tu_fifo_write_n
                0x000000001000777a       0x9e CMakeFiles/HP04_VT.dir/home/avinash/rpi_pico/pico/pico-sdk/lib/tinyusb/src/common/tusb_fifo.c.obj
 .text.tu_fifo_config
                0x0000000010007818       0x76 CMakeFiles/HP04_VT.dir/home/avinash/rpi_pico/pico/pico-sdk/lib/tinyusb/src/common/tusb_fifo.c.obj
                0x0000000010007818                tu_fifo_config
 .text.tu_fifo_count
                0x000000001000788e       0x24 CMakeFiles/HP04_VT.dir/home/avinash/rpi_pico/pico/pico-sdk/lib/tinyusb/src/common/tusb_fifo.c.obj
                0x000000001000788e                tu_fifo_count
 .text.tu_fifo_empty
                0x00000000100078b2        0xe CMakeFiles/HP04_VT.dir/home/avinash/rpi_pico/pico/pico-sdk/lib/tinyusb/src/common/tusb_fifo.c.obj
                0x00000000100078b2                tu_fifo_empty
 .text.tu_fifo_remaining
                0x00000000100078c0       0x20 CMakeFiles/HP04_VT.dir/home/avinash/rpi_pico/pico/pico-sdk/lib/tinyusb/src/common/tusb_fifo.c.obj
                0x00000000100078c0                tu_fifo_remaining
 .text.tu_fifo_read
                0x00000000100078e0       0x42 CMakeFiles/HP04_VT.dir/home/avinash/rpi_pico/pico/pico-sdk/lib/tinyusb/src/common/tusb_fifo.c.obj
                0x00000000100078e0                tu_fifo_read
 .text.tu_fifo_read_n
                0x0000000010007922        0xa CMakeFiles/HP04_VT.dir/home/avinash/rpi_pico/pico/pico-sdk/lib/tinyusb/src/common/tusb_fifo.c.obj
                0x0000000010007922                tu_fifo_read_n
 .text.tu_fifo_write
                0x000000001000792c       0x6e CMakeFiles/HP04_VT.dir/home/avinash/rpi_pico/pico/pico-sdk/lib/tinyusb/src/common/tusb_fifo.c.obj
                0x000000001000792c                tu_fifo_write
 .text.tu_fifo_write_n
                0x000000001000799a        0xa CMakeFiles/HP04_VT.dir/home/avinash/rpi_pico/pico/pico-sdk/lib/tinyusb/src/common/tusb_fifo.c.obj
                0x000000001000799a                tu_fifo_write_n
 .text.tu_fifo_clear
                0x00000000100079a4       0x4e CMakeFiles/HP04_VT.dir/home/avinash/rpi_pico/pico/pico-sdk/lib/tinyusb/src/common/tusb_fifo.c.obj
                0x00000000100079a4                tu_fifo_clear
 .text.tu_fifo_set_overwritable
                0x00000000100079f2       0x3c CMakeFiles/HP04_VT.dir/home/avinash/rpi_pico/pico/pico-sdk/lib/tinyusb/src/common/tusb_fifo.c.obj
                0x00000000100079f2                tu_fifo_set_overwritable
 *fill*         0x0000000010007a2e        0x2 
 .text._retrieve_unique_id_on_boot
                0x0000000010007a30       0x10 CMakeFiles/HP04_VT.dir/home/avinash/rpi_pico/pico/pico-sdk/src/rp2_common/pico_unique_id/unique_id.c.obj
 .text.pico_get_unique_board_id_string
                0x0000000010007a40       0x60 CMakeFiles/HP04_VT.dir/home/avinash/rpi_pico/pico/pico-sdk/src/rp2_common/pico_unique_id/unique_id.c.obj
                0x0000000010007a40                pico_get_unique_board_id_string
 .text.flash_get_unique_id
                0x0000000010007aa0       0x40 CMakeFiles/HP04_VT.dir/home/avinash/rpi_pico/pico/pico-sdk/src/rp2_common/hardware_flash/flash.c.obj
                0x0000000010007aa0                flash_get_unique_id
 .text.adc_init
                0x0000000010007ae0       0x34 CMakeFiles/HP04_VT.dir/home/avinash/rpi_pico/pico/pico-sdk/src/rp2_common/hardware_adc/adc.c.obj
                0x0000000010007ae0                adc_init
 .text          0x0000000010007b14       0x64 /usr/lib/gcc/arm-none-eabi/6.3.1/../../../arm-none-eabi/lib/thumb/v6-m/libg.a(lib_a-strlen-stub.o)
                0x0000000010007b14                strlen
 *(.fini)
 .fini          0x0000000010007b78        0x4 /usr/lib/gcc/arm-none-eabi/6.3.1/thumb/v6-m/crti.o
                0x0000000010007b78                _fini
 *fill*         0x0000000010007b7c        0x4 
 .fini.__stub   0x0000000010007b80       0x70 linker stubs
 *crtbegin.o(.ctors)
 *crtbegin?.o(.ctors)
 *(EXCLUDE_FILE(*crtend.o *crtend?.o) .ctors)
 *(SORT(.ctors.*))
 *(.ctors)
 *crtbegin.o(.dtors)
 *crtbegin?.o(.dtors)
 *(EXCLUDE_FILE(*crtend.o *crtend?.o) .dtors)
 *(SORT(.dtors.*))
 *(.dtors)
 *(.eh_frame*)
 .eh_frame      0x0000000010007bf0        0x0 /usr/lib/gcc/arm-none-eabi/6.3.1/thumb/v6-m/crtbegin.o
                0x0000000010007bf0                . = ALIGN (0x4)

.glue_7         0x0000000010007bf0        0x0
 .glue_7        0x0000000010007bf0        0x0 linker stubs

.glue_7t        0x0000000010007bf0        0x0
 .glue_7t       0x0000000010007bf0        0x0 linker stubs

.vfp11_veneer   0x0000000010007bf0        0x0
 .vfp11_veneer  0x0000000010007bf0        0x0 linker stubs

.v4_bx          0x0000000010007bf0        0x0
 .v4_bx         0x0000000010007bf0        0x0 linker stubs

.iplt           0x0000000010007bf0        0x0
 .iplt          0x0000000010007bf0        0x0 /usr/lib/gcc/arm-none-eabi/6.3.1/thumb/v6-m/crtbegin.o

.rodata         0x0000000010007bf0     0x1664
 *(EXCLUDE_FILE(*libm.a: *libc.a:*lib_a-mem*.o *libgcc.a:) .rodata*)
 .rodata.main.str1.4
                0x0000000010007bf0        0x7 CMakeFiles/HP04_VT.dir/src/VT.cpp.obj
 *fill*         0x0000000010007bf7        0x1 
 .rodata.spin_lock_claim_unused.str1.4
                0x0000000010007bf8       0x1b CMakeFiles/HP04_VT.dir/home/avinash/rpi_pico/pico/pico-sdk/src/rp2_common/hardware_sync/sync.c.obj
 *fill*         0x0000000010007c13        0x1 
 .rodata.__func__.5576
                0x0000000010007c14       0x15 CMakeFiles/HP04_VT.dir/home/avinash/rpi_pico/pico/pico-sdk/src/common/pico_time/time.c.obj
 *fill*         0x0000000010007c29        0x3 
 .rodata.__func__.5888
                0x0000000010007c2c        0xc CMakeFiles/HP04_VT.dir/home/avinash/rpi_pico/pico/pico-sdk/src/common/pico_time/time.c.obj
 .rodata.__func__.5895
                0x0000000010007c38       0x12 CMakeFiles/HP04_VT.dir/home/avinash/rpi_pico/pico/pico-sdk/src/common/pico_time/time.c.obj
 *fill*         0x0000000010007c4a        0x2 
 .rodata.__func__.5911
                0x0000000010007c4c        0xf CMakeFiles/HP04_VT.dir/home/avinash/rpi_pico/pico/pico-sdk/src/common/pico_time/time.c.obj
 *fill*         0x0000000010007c5b        0x1 
 .rodata.__func__.5933
                0x0000000010007c5c        0xd CMakeFiles/HP04_VT.dir/home/avinash/rpi_pico/pico/pico-sdk/src/common/pico_time/time.c.obj
 *fill*         0x0000000010007c69        0x3 
 .rodata.__func__.6157
                0x0000000010007c6c        0xa CMakeFiles/HP04_VT.dir/home/avinash/rpi_pico/pico/pico-sdk/src/common/pico_time/time.c.obj
 *fill*         0x0000000010007c76        0x2 
 .rodata.__func__.6162
                0x0000000010007c78       0x12 CMakeFiles/HP04_VT.dir/home/avinash/rpi_pico/pico/pico-sdk/src/common/pico_time/time.c.obj
 *fill*         0x0000000010007c8a        0x2 
 .rodata.__func__.6177
                0x0000000010007c8c       0x17 CMakeFiles/HP04_VT.dir/home/avinash/rpi_pico/pico/pico-sdk/src/common/pico_time/time.c.obj
 *fill*         0x0000000010007ca3        0x1 
 .rodata.__func__.6188
                0x0000000010007ca4       0x15 CMakeFiles/HP04_VT.dir/home/avinash/rpi_pico/pico/pico-sdk/src/common/pico_time/time.c.obj
 *fill*         0x0000000010007cb9        0x3 
 .rodata.__func__.6205
                0x0000000010007cbc       0x1a CMakeFiles/HP04_VT.dir/home/avinash/rpi_pico/pico/pico-sdk/src/common/pico_time/time.c.obj
 *fill*         0x0000000010007cd6        0x2 
 .rodata.__func__.6244
                0x0000000010007cd8       0x18 CMakeFiles/HP04_VT.dir/home/avinash/rpi_pico/pico/pico-sdk/src/common/pico_time/time.c.obj
 .rodata.add_alarm_under_lock.str1.4
                0x0000000010007cf0       0x28 CMakeFiles/HP04_VT.dir/home/avinash/rpi_pico/pico/pico-sdk/src/common/pico_time/time.c.obj
                                         0x2b (size before relaxing)
 .rodata.alarm_pool_alarm_callback.str1.4
                0x0000000010007d18       0xee CMakeFiles/HP04_VT.dir/home/avinash/rpi_pico/pico/pico-sdk/src/common/pico_time/time.c.obj
 *fill*         0x0000000010007e06        0x2 
 .rodata.alarm_pool_cancel_alarm.str1.4
                0x0000000010007e08       0x27 CMakeFiles/HP04_VT.dir/home/avinash/rpi_pico/pico/pico-sdk/src/common/pico_time/time.c.obj
 *fill*         0x0000000010007e2f        0x1 
 .rodata.alarm_pool_dump_key.str1.4
                0x0000000010007e30       0x33 CMakeFiles/HP04_VT.dir/home/avinash/rpi_pico/pico/pico-sdk/src/common/pico_time/time.c.obj
 *fill*         0x0000000010007e63        0x1 
 .rodata.alarm_pool_get_default.str1.4
                0x0000000010007e64       0x21 CMakeFiles/HP04_VT.dir/home/avinash/rpi_pico/pico/pico-sdk/src/common/pico_time/time.c.obj
 *fill*         0x0000000010007e85        0x3 
 .rodata.ph_add_child_node.str1.4
                0x0000000010007e88       0x9e CMakeFiles/HP04_VT.dir/home/avinash/rpi_pico/pico/pico-sdk/src/common/pico_time/time.c.obj
 *fill*         0x0000000010007f26        0x2 
 .rodata.repeating_timer_callback.str1.4
                0x0000000010007f28       0x55 CMakeFiles/HP04_VT.dir/home/avinash/rpi_pico/pico/pico-sdk/src/common/pico_time/time.c.obj
 *fill*         0x0000000010007f7d        0x3 
 .rodata.sleep_until.str1.4
                0x0000000010007f80       0x4d CMakeFiles/HP04_VT.dir/home/avinash/rpi_pico/pico/pico-sdk/src/common/pico_time/time.c.obj
 *fill*         0x0000000010007fcd        0x3 
 .rodata.__func__.4534
                0x0000000010007fd0       0x1a CMakeFiles/HP04_VT.dir/home/avinash/rpi_pico/pico/pico-sdk/src/rp2_common/hardware_timer/timer.c.obj
 *fill*         0x0000000010007fea        0x2 
 .rodata.hardware_alarm_claim.str1.4
                0x0000000010007fec       0x22 CMakeFiles/HP04_VT.dir/home/avinash/rpi_pico/pico/pico-sdk/src/rp2_common/hardware_timer/timer.c.obj
 *fill*         0x000000001000800e        0x2 
 .rodata.hardware_alarm_set_target.str1.4
                0x0000000010008010       0x6f CMakeFiles/HP04_VT.dir/home/avinash/rpi_pico/pico/pico-sdk/src/rp2_common/hardware_timer/timer.c.obj
 *fill*         0x000000001000807f        0x1 
 .rodata.__func__.4185
                0x0000000010008080       0x15 CMakeFiles/HP04_VT.dir/home/avinash/rpi_pico/pico/pico-sdk/src/common/pico_sync/mutex.c.obj
 *fill*         0x0000000010008095        0x3 
 .rodata.__func__.4659
                0x0000000010008098       0x18 CMakeFiles/HP04_VT.dir/home/avinash/rpi_pico/pico/pico-sdk/src/common/pico_sync/mutex.c.obj
 .rodata.__func__.4678
                0x00000000100080b0        0xb CMakeFiles/HP04_VT.dir/home/avinash/rpi_pico/pico/pico-sdk/src/common/pico_sync/mutex.c.obj
 *fill*         0x00000000100080bb        0x1 
 .rodata.str1.4
                0x00000000100080bc       0x95 CMakeFiles/HP04_VT.dir/home/avinash/rpi_pico/pico/pico-sdk/src/common/pico_sync/mutex.c.obj
                                        0x101 (size before relaxing)
 *fill*         0x0000000010008151        0x3 
 .rodata.__func__.5627
                0x0000000010008154        0xc CMakeFiles/HP04_VT.dir/home/avinash/rpi_pico/pico/pico-sdk/src/common/pico_util/pheap.c.obj
 .rodata.__func__.5634
                0x0000000010008160       0x12 CMakeFiles/HP04_VT.dir/home/avinash/rpi_pico/pico/pico-sdk/src/common/pico_util/pheap.c.obj
 *fill*         0x0000000010008172        0x2 
 .rodata.__func__.5720
                0x0000000010008174       0x13 CMakeFiles/HP04_VT.dir/home/avinash/rpi_pico/pico/pico-sdk/src/common/pico_util/pheap.c.obj
 *fill*         0x0000000010008187        0x1 
 .rodata.__func__.5738
                0x0000000010008188       0x18 CMakeFiles/HP04_VT.dir/home/avinash/rpi_pico/pico/pico-sdk/src/common/pico_util/pheap.c.obj
 .rodata.ph_add_child_node.str1.4
                0x00000000100081a0       0x9e CMakeFiles/HP04_VT.dir/home/avinash/rpi_pico/pico/pico-sdk/src/common/pico_util/pheap.c.obj
 .rodata.ph_remove_and_free_node.str1.4
                0x00000000100081a0       0x26 CMakeFiles/HP04_VT.dir/home/avinash/rpi_pico/pico/pico-sdk/src/common/pico_util/pheap.c.obj
 *fill*         0x00000000100081c6        0x2 
 .rodata.ph_remove_any_head.str1.4
                0x00000000100081c8       0x98 CMakeFiles/HP04_VT.dir/home/avinash/rpi_pico/pico/pico-sdk/src/common/pico_util/pheap.c.obj
 .rodata.__assert_func.str1.4
                0x0000000010008260       0x3f CMakeFiles/HP04_VT.dir/home/avinash/rpi_pico/pico/pico-sdk/src/rp2_common/pico_runtime/runtime.c.obj
                                         0x43 (size before relaxing)
 *fill*         0x000000001000829f        0x1 
 .rodata.__func__.5743
                0x00000000100082a0        0xd CMakeFiles/HP04_VT.dir/home/avinash/rpi_pico/pico/pico-sdk/src/rp2_common/pico_runtime/runtime.c.obj
 *fill*         0x00000000100082ad        0x3 
 .rodata.panic.str1.4
                0x00000000100082b0       0x12 CMakeFiles/HP04_VT.dir/home/avinash/rpi_pico/pico/pico-sdk/src/rp2_common/pico_runtime/runtime.c.obj
 *fill*         0x00000000100082c2        0x2 
 .rodata.runtime_init.str1.4
                0x00000000100082c4       0x6b CMakeFiles/HP04_VT.dir/home/avinash/rpi_pico/pico/pico-sdk/src/rp2_common/pico_runtime/runtime.c.obj
 *fill*         0x000000001000832f        0x1 
 .rodata.__func__.4681
                0x0000000010008330       0x10 CMakeFiles/HP04_VT.dir/home/avinash/rpi_pico/pico/pico-sdk/src/rp2_common/hardware_clocks/clocks.c.obj
 .rodata.clock_configure.str1.4
                0x0000000010008340       0x61 CMakeFiles/HP04_VT.dir/home/avinash/rpi_pico/pico/pico-sdk/src/rp2_common/hardware_clocks/clocks.c.obj
 *fill*         0x00000000100083a1        0x3 
 .rodata.__func__.4711
                0x00000000100083a4       0x1a CMakeFiles/HP04_VT.dir/home/avinash/rpi_pico/pico/pico-sdk/src/rp2_common/hardware_irq/irq.c.obj
 *fill*         0x00000000100083be        0x2 
 .rodata.__func__.4725
                0x00000000100083c0        0xc CMakeFiles/HP04_VT.dir/home/avinash/rpi_pico/pico/pico-sdk/src/rp2_common/hardware_irq/irq.c.obj
 .rodata.__func__.4733
                0x00000000100083cc       0x17 CMakeFiles/HP04_VT.dir/home/avinash/rpi_pico/pico/pico-sdk/src/rp2_common/hardware_irq/irq.c.obj
 *fill*         0x00000000100083e3        0x1 
 .rodata.__func__.4737
                0x00000000100083e4        0xf CMakeFiles/HP04_VT.dir/home/avinash/rpi_pico/pico/pico-sdk/src/rp2_common/hardware_irq/irq.c.obj
 *fill*         0x00000000100083f3        0x1 
 .rodata.__func__.4776
                0x00000000100083f4       0x13 CMakeFiles/HP04_VT.dir/home/avinash/rpi_pico/pico/pico-sdk/src/rp2_common/hardware_irq/irq.c.obj
 *fill*         0x0000000010008407        0x1 
 .rodata.__func__.4798
                0x0000000010008408       0x1a CMakeFiles/HP04_VT.dir/home/avinash/rpi_pico/pico/pico-sdk/src/rp2_common/hardware_irq/irq.c.obj
 *fill*         0x0000000010008422        0x2 
 .rodata.insert_branch_and_link.str1.4
                0x0000000010008424       0x10 CMakeFiles/HP04_VT.dir/home/avinash/rpi_pico/pico/pico-sdk/src/rp2_common/hardware_irq/irq.c.obj
 .rodata.irq_add_shared_handler.str1.4
                0x0000000010008434       0xd9 CMakeFiles/HP04_VT.dir/home/avinash/rpi_pico/pico/pico-sdk/src/rp2_common/hardware_irq/irq.c.obj
 *fill*         0x000000001000850d        0x3 
 .rodata.irq_add_tail_to_free_list.str1.4
                0x0000000010008510       0x32 CMakeFiles/HP04_VT.dir/home/avinash/rpi_pico/pico/pico-sdk/src/rp2_common/hardware_irq/irq.c.obj
                                         0x3a (size before relaxing)
 *fill*         0x0000000010008542        0x2 
 .rodata.irq_remove_handler.str1.4
                0x0000000010008544       0x2a CMakeFiles/HP04_VT.dir/home/avinash/rpi_pico/pico/pico-sdk/src/rp2_common/hardware_irq/irq.c.obj
 *fill*         0x000000001000856e        0x2 
 .rodata.irq_set_exclusive_handler.str1.4
                0x0000000010008570       0x36 CMakeFiles/HP04_VT.dir/home/avinash/rpi_pico/pico/pico-sdk/src/rp2_common/hardware_irq/irq.c.obj
 *fill*         0x00000000100085a6        0x2 
 .rodata.make_branch.str1.4
                0x00000000100085a8       0x77 CMakeFiles/HP04_VT.dir/home/avinash/rpi_pico/pico/pico-sdk/src/rp2_common/hardware_irq/irq.c.obj
 *fill*         0x000000001000861f        0x1 
 .rodata.__func__.4383
                0x0000000010008620        0x9 CMakeFiles/HP04_VT.dir/home/avinash/rpi_pico/pico/pico-sdk/src/rp2_common/hardware_pll/pll.c.obj
 *fill*         0x0000000010008629        0x3 
 .rodata.pll_init.str1.4
                0x000000001000862c       0xe3 CMakeFiles/HP04_VT.dir/home/avinash/rpi_pico/pico/pico-sdk/src/rp2_common/hardware_pll/pll.c.obj
 *fill*         0x000000001000870f        0x1 
 .rodata._vsnprintf
                0x0000000010008710      0x1e0 CMakeFiles/HP04_VT.dir/home/avinash/rpi_pico/pico/pico-sdk/src/rp2_common/pico_printf/printf.c.obj
 .rodata._ftoa.str1.4
                0x00000000100088f0       0x15 CMakeFiles/HP04_VT.dir/home/avinash/rpi_pico/pico/pico-sdk/src/rp2_common/pico_printf/printf.c.obj
 *fill*         0x0000000010008905        0x3 
 .rodata.pow10.5346
                0x0000000010008908       0x50 CMakeFiles/HP04_VT.dir/home/avinash/rpi_pico/pico/pico-sdk/src/rp2_common/pico_printf/printf.c.obj
 .rodata.__aeabi_double_init.str1.4
                0x0000000010008958       0xb2 CMakeFiles/HP04_VT.dir/home/avinash/rpi_pico/pico/pico-sdk/src/rp2_common/pico_double/double_init_rom.c.obj
 *fill*         0x0000000010008a0a        0x2 
 .rodata.__func__.4656
                0x0000000010008a0c       0x14 CMakeFiles/HP04_VT.dir/home/avinash/rpi_pico/pico/pico-sdk/src/rp2_common/pico_double/double_init_rom.c.obj
 .rodata.__aeabi_float_init.str1.4
                0x0000000010008a20       0x84 CMakeFiles/HP04_VT.dir/home/avinash/rpi_pico/pico/pico-sdk/src/rp2_common/pico_float/float_init_rom.c.obj
                                         0x88 (size before relaxing)
 .rodata.__func__.4657
                0x0000000010008aa4       0x13 CMakeFiles/HP04_VT.dir/home/avinash/rpi_pico/pico/pico-sdk/src/rp2_common/pico_float/float_init_rom.c.obj
 *fill*         0x0000000010008ab7        0x1 
 .rodata.__bi_44
                0x0000000010008ab8        0xc CMakeFiles/HP04_VT.dir/home/avinash/rpi_pico/pico/pico-sdk/src/rp2_common/pico_standard_link/binary_info.c.obj
 .rodata.__bi_75
                0x0000000010008ac4        0xc CMakeFiles/HP04_VT.dir/home/avinash/rpi_pico/pico/pico-sdk/src/rp2_common/pico_standard_link/binary_info.c.obj
 .rodata.__bi_81
                0x0000000010008ad0        0xc CMakeFiles/HP04_VT.dir/home/avinash/rpi_pico/pico/pico-sdk/src/rp2_common/pico_standard_link/binary_info.c.obj
 .rodata.str1.4
                0x0000000010008adc       0x3c CMakeFiles/HP04_VT.dir/home/avinash/rpi_pico/pico/pico-sdk/src/rp2_common/pico_standard_link/binary_info.c.obj
 .rodata.crlf_str.5792
                0x0000000010008b18        0x2 CMakeFiles/HP04_VT.dir/home/avinash/rpi_pico/pico/pico-sdk/src/rp2_common/pico_stdio/stdio.c.obj
 *fill*         0x0000000010008b1a        0x2 
 .rodata._resetd_driver
                0x0000000010008b1c       0x18 CMakeFiles/HP04_VT.dir/home/avinash/rpi_pico/pico/pico-sdk/src/rp2_common/pico_stdio_usb/reset_interface.c.obj
 .rodata.__bi_93.7106
                0x0000000010008b34        0xc CMakeFiles/HP04_VT.dir/home/avinash/rpi_pico/pico/pico-sdk/src/rp2_common/pico_stdio_usb/stdio_usb.c.obj
 .rodata.__func__.5308
                0x0000000010008b40       0x15 CMakeFiles/HP04_VT.dir/home/avinash/rpi_pico/pico/pico-sdk/src/rp2_common/pico_stdio_usb/stdio_usb.c.obj
 .rodata.stdio_usb_init.str1.4
                0x0000000010008b55       0x6b CMakeFiles/HP04_VT.dir/home/avinash/rpi_pico/pico/pico-sdk/src/rp2_common/pico_stdio_usb/stdio_usb.c.obj
 *fill*         0x0000000010008b55        0x3 
 .rodata.str1.4
                0x0000000010008b58       0x13 CMakeFiles/HP04_VT.dir/home/avinash/rpi_pico/pico/pico-sdk/src/rp2_common/pico_stdio_usb/stdio_usb.c.obj
 *fill*         0x0000000010008b6b        0x1 
 .rodata.str1.4
                0x0000000010008b6c       0x2a CMakeFiles/HP04_VT.dir/home/avinash/rpi_pico/pico/pico-sdk/src/rp2_common/pico_stdio_usb/stdio_usb_descriptors.c.obj
 *fill*         0x0000000010008b96        0x2 
 .rodata.usbd_desc_cfg
                0x0000000010008b98       0x54 CMakeFiles/HP04_VT.dir/home/avinash/rpi_pico/pico/pico-sdk/src/rp2_common/pico_stdio_usb/stdio_usb_descriptors.c.obj
 .rodata.usbd_desc_device
                0x0000000010008bec       0x12 CMakeFiles/HP04_VT.dir/home/avinash/rpi_pico/pico/pico-sdk/src/rp2_common/pico_stdio_usb/stdio_usb_descriptors.c.obj
 *fill*         0x0000000010008bfe        0x2 
 .rodata.usbd_desc_str
                0x0000000010008c00       0x18 CMakeFiles/HP04_VT.dir/home/avinash/rpi_pico/pico/pico-sdk/src/rp2_common/pico_stdio_usb/stdio_usb_descriptors.c.obj
 .rodata.__func__.6778
                0x0000000010008c18       0x13 CMakeFiles/HP04_VT.dir/home/avinash/rpi_pico/pico/pico-sdk/lib/tinyusb/src/portable/raspberrypi/rp2040/dcd_rp2040.c.obj
 *fill*         0x0000000010008c2b        0x1 
 .rodata.__func__.6831
                0x0000000010008c2c        0x9 CMakeFiles/HP04_VT.dir/home/avinash/rpi_pico/pico/pico-sdk/lib/tinyusb/src/portable/raspberrypi/rp2040/dcd_rp2040.c.obj
 *fill*         0x0000000010008c35        0x3 
 .rodata.__func__.6835
                0x0000000010008c38        0xf CMakeFiles/HP04_VT.dir/home/avinash/rpi_pico/pico/pico-sdk/lib/tinyusb/src/portable/raspberrypi/rp2040/dcd_rp2040.c.obj
 *fill*         0x0000000010008c47        0x1 
 .rodata.__func__.6844
                0x0000000010008c48       0x10 CMakeFiles/HP04_VT.dir/home/avinash/rpi_pico/pico/pico-sdk/lib/tinyusb/src/portable/raspberrypi/rp2040/dcd_rp2040.c.obj
 .rodata.__func__.6863
                0x0000000010008c58        0xe CMakeFiles/HP04_VT.dir/home/avinash/rpi_pico/pico/pico-sdk/lib/tinyusb/src/portable/raspberrypi/rp2040/dcd_rp2040.c.obj
 *fill*         0x0000000010008c66        0x2 
 .rodata.__func__.6873
                0x0000000010008c68        0xe CMakeFiles/HP04_VT.dir/home/avinash/rpi_pico/pico/pico-sdk/lib/tinyusb/src/portable/raspberrypi/rp2040/dcd_rp2040.c.obj
 *fill*         0x0000000010008c76        0x2 
 .rodata._hw_endpoint_alloc.str1.4
                0x0000000010008c78       0xc1 CMakeFiles/HP04_VT.dir/home/avinash/rpi_pico/pico/pico-sdk/lib/tinyusb/src/portable/raspberrypi/rp2040/dcd_rp2040.c.obj
 *fill*         0x0000000010008d39        0x3 
 .rodata.dcd_int_enable.str1.4
                0x0000000010008d3c        0xc CMakeFiles/HP04_VT.dir/home/avinash/rpi_pico/pico/pico-sdk/lib/tinyusb/src/portable/raspberrypi/rp2040/dcd_rp2040.c.obj
 .rodata.dcd_rp2040_irq.str1.4
                0x0000000010008d48       0x14 CMakeFiles/HP04_VT.dir/home/avinash/rpi_pico/pico/pico-sdk/lib/tinyusb/src/portable/raspberrypi/rp2040/dcd_rp2040.c.obj
 .rodata.__func__.6538
                0x0000000010008d5c        0xf CMakeFiles/HP04_VT.dir/home/avinash/rpi_pico/pico/pico-sdk/lib/tinyusb/src/portable/raspberrypi/rp2040/rp2040_usb.c.obj
 *fill*         0x0000000010008d6b        0x1 
 .rodata._hw_endpoint_buffer_control_update32.str1.4
                0x0000000010008d6c       0x1f CMakeFiles/HP04_VT.dir/home/avinash/rpi_pico/pico/pico-sdk/lib/tinyusb/src/portable/raspberrypi/rp2040/rp2040_usb.c.obj
 *fill*         0x0000000010008d8b        0x1 
 .rodata.hw_endpoint_xfer_continue.str1.4
                0x0000000010008d8c       0x29 CMakeFiles/HP04_VT.dir/home/avinash/rpi_pico/pico/pico-sdk/lib/tinyusb/src/portable/raspberrypi/rp2040/rp2040_usb.c.obj
 *fill*         0x0000000010008db5        0x3 
 .rodata.hw_endpoint_xfer_start.str1.4
                0x0000000010008db8       0x38 CMakeFiles/HP04_VT.dir/home/avinash/rpi_pico/pico/pico-sdk/lib/tinyusb/src/portable/raspberrypi/rp2040/rp2040_usb.c.obj
 .rodata.str1.4
                0x0000000010008df0        0x7 CMakeFiles/HP04_VT.dir/home/avinash/rpi_pico/pico/pico-sdk/lib/tinyusb/src/portable/raspberrypi/rp2040/rp2040_usb.c.obj
 *fill*         0x0000000010008df7        0x1 
 .rodata.sync_ep_buffer.str1.4
                0x0000000010008df8       0x9d CMakeFiles/HP04_VT.dir/home/avinash/rpi_pico/pico/pico-sdk/lib/tinyusb/src/portable/raspberrypi/rp2040/rp2040_usb.c.obj
 *fill*         0x0000000010008e95        0x3 
 .rodata.process_get_descriptor
                0x0000000010008e98       0x40 CMakeFiles/HP04_VT.dir/home/avinash/rpi_pico/pico/pico-sdk/lib/tinyusb/src/device/usbd.c.obj
 .rodata.process_control_request
                0x0000000010008ed8       0x28 CMakeFiles/HP04_VT.dir/home/avinash/rpi_pico/pico/pico-sdk/lib/tinyusb/src/device/usbd.c.obj
 .rodata.tud_task
                0x0000000010008f00       0x24 CMakeFiles/HP04_VT.dir/home/avinash/rpi_pico/pico/pico-sdk/lib/tinyusb/src/device/usbd.c.obj
 .rodata.__func__.6454
                0x0000000010008f24       0x10 CMakeFiles/HP04_VT.dir/home/avinash/rpi_pico/pico/pico-sdk/lib/tinyusb/src/device/usbd.c.obj
 .rodata.__func__.7251
                0x0000000010008f34        0x9 CMakeFiles/HP04_VT.dir/home/avinash/rpi_pico/pico/pico-sdk/lib/tinyusb/src/device/usbd.c.obj
 *fill*         0x0000000010008f3d        0x3 
 .rodata.__func__.7272
                0x0000000010008f40       0x18 CMakeFiles/HP04_VT.dir/home/avinash/rpi_pico/pico/pico-sdk/lib/tinyusb/src/device/usbd.c.obj
 .rodata.__func__.7315
                0x0000000010008f58       0x13 CMakeFiles/HP04_VT.dir/home/avinash/rpi_pico/pico/pico-sdk/lib/tinyusb/src/device/usbd.c.obj
 *fill*         0x0000000010008f6b        0x1 
 .rodata.__func__.7350
                0x0000000010008f6c       0x17 CMakeFiles/HP04_VT.dir/home/avinash/rpi_pico/pico/pico-sdk/lib/tinyusb/src/device/usbd.c.obj
 *fill*         0x0000000010008f83        0x1 
 .rodata.__func__.7404
                0x0000000010008f84       0x14 CMakeFiles/HP04_VT.dir/home/avinash/rpi_pico/pico/pico-sdk/lib/tinyusb/src/device/usbd.c.obj
 .rodata.__func__.7418
                0x0000000010008f98        0xf CMakeFiles/HP04_VT.dir/home/avinash/rpi_pico/pico/pico-sdk/lib/tinyusb/src/device/usbd.c.obj
 *fill*         0x0000000010008fa7        0x1 
 .rodata.__func__.7441
                0x0000000010008fa8        0xf CMakeFiles/HP04_VT.dir/home/avinash/rpi_pico/pico/pico-sdk/lib/tinyusb/src/device/usbd.c.obj
 *fill*         0x0000000010008fb7        0x1 
 .rodata._usbd_driver
                0x0000000010008fb8       0x18 CMakeFiles/HP04_VT.dir/home/avinash/rpi_pico/pico/pico-sdk/lib/tinyusb/src/device/usbd.c.obj
 .rodata.process_set_config.str1.4
                0x0000000010008fd0       0x17 CMakeFiles/HP04_VT.dir/home/avinash/rpi_pico/pico/pico-sdk/lib/tinyusb/src/device/usbd.c.obj
 *fill*         0x0000000010008fe7        0x1 
 .rodata.__func__.7166
                0x0000000010008fe8       0x11 CMakeFiles/HP04_VT.dir/home/avinash/rpi_pico/pico/pico-sdk/lib/tinyusb/src/device/usbd_control.c.obj
 *fill*         0x0000000010008ff9        0x3 
 .rodata.__func__.7193
                0x0000000010008ffc       0x15 CMakeFiles/HP04_VT.dir/home/avinash/rpi_pico/pico/pico-sdk/lib/tinyusb/src/device/usbd_control.c.obj
 .rodata.tud_control_xfer.str1.4
                0x0000000010009011       0x17 CMakeFiles/HP04_VT.dir/home/avinash/rpi_pico/pico/pico-sdk/lib/tinyusb/src/device/usbd_control.c.obj
 *fill*         0x0000000010009011        0x3 
 .rodata.__func__.7103
                0x0000000010009014       0x16 CMakeFiles/HP04_VT.dir/home/avinash/rpi_pico/pico/pico-sdk/lib/tinyusb/src/class/cdc/cdc_device.c.obj
 *fill*         0x000000001000902a        0x2 
 .rodata.__func__.7136
                0x000000001000902c        0xa CMakeFiles/HP04_VT.dir/home/avinash/rpi_pico/pico/pico-sdk/lib/tinyusb/src/class/cdc/cdc_device.c.obj
 *fill*         0x0000000010009036        0x2 
 .rodata.__func__.7171
                0x0000000010009038        0xd CMakeFiles/HP04_VT.dir/home/avinash/rpi_pico/pico/pico-sdk/lib/tinyusb/src/class/cdc/cdc_device.c.obj
 .rodata.tud_cdc_n_write_flush.str1.4
                0x0000000010009045       0x17 CMakeFiles/HP04_VT.dir/home/avinash/rpi_pico/pico/pico-sdk/lib/tinyusb/src/class/cdc/cdc_device.c.obj
 *fill*         0x0000000010009045        0x3 
 .rodata.__func__.7040
                0x0000000010009048        0xa CMakeFiles/HP04_VT.dir/home/avinash/rpi_pico/pico/pico-sdk/lib/tinyusb/src/tusb.c.obj
 *fill*         0x0000000010009052        0x2 